Component: Arm Compiler for Embedded 6.24 Tool: armlink [5f371500]

==============================================================================

Section Cross References

    main.o(.text.main) refers to state_initialize.o(.rodata.State_Initialize) for State_Initialize
    main.o(.text.main) refers to statemachine.o(.text.StateMachine_Run) for StateMachine_Run
    main.o(.ARM.exidx.text.main) refers to main.o(.text.main) for [Anonymous Symbol]
    state_initialize.o(.text.State_Initialize_Enter) refers to stm32f4xx_hal.o(.text.HAL_Init) for HAL_Init
    state_initialize.o(.text.State_Initialize_Enter) refers to clock_config.o(.text.Clock_Config_BoardDefault) for Clock_Config_BoardDefault
    state_initialize.o(.text.State_Initialize_Enter) refers to board_button.o(.text.BUTTON_Init) for BUTTON_Init
    state_initialize.o(.text.State_Initialize_Enter) refers to board_led.o(.text.Board_LED_Init) for Board_LED_Init
    state_initialize.o(.text.State_Initialize_Enter) refers to uart.o(.text.Uart6_Init) for Uart6_Init
    state_initialize.o(.text.State_Initialize_Enter) refers to motor_driver.o(.text.Motor_Init) for Motor_Init
    state_initialize.o(.text.State_Initialize_Enter) refers to encoder.o(.text.encoder_init) for encoder_init
    state_initialize.o(.text.State_Initialize_Enter) refers to encoder.o(.text.encoder_start) for encoder_start
    state_initialize.o(.text.State_Initialize_Enter) refers to motion_control.o(.text.MotionController_Init) for MotionController_Init
    state_initialize.o(.text.State_Initialize_Enter) refers to motion_control.o(.text.MotionController_Reset) for MotionController_Reset
    state_initialize.o(.text.State_Initialize_Enter) refers to wall_sensors_ir.o(.text.WallSensors_IR_Init) for WallSensors_IR_Init
    state_initialize.o(.text.State_Initialize_Enter) refers to wall_following.o(.text.WallFollowing_Init) for WallFollowing_Init
    state_initialize.o(.text.State_Initialize_Enter) refers to motion_control.o(.text.Motion_Init) for Motion_Init
    state_initialize.o(.text.State_Initialize_Enter) refers to floodfill.o(.bss.mouseMaze) for mouseMaze
    state_initialize.o(.text.State_Initialize_Enter) refers to floodfill.o(.text.InitMouseMaze) for InitMouseMaze
    state_initialize.o(.text.State_Initialize_Enter) refers to floodfill.o(.bss.maze) for maze
    state_initialize.o(.text.State_Initialize_Enter) refers to floodfill.o(.text.InitMaze) for InitMaze
    state_initialize.o(.text.State_Initialize_Enter) refers to state_initialize.o(.rodata.str1.1) for .L.str
    state_initialize.o(.text.State_Initialize_Enter) refers to printfa.o(i.__0printf) for printf
    state_initialize.o(.text.State_Initialize_Enter) refers to system_stm32f4xx.o(.data.SystemCoreClock) for SystemCoreClock
    state_initialize.o(.ARM.exidx.text.State_Initialize_Enter) refers to state_initialize.o(.text.State_Initialize_Enter) for [Anonymous Symbol]
    state_initialize.o(.text.State_Initialize_Process) refers to board_button.o(.text.BUTTON2_Pressed) for BUTTON2_Pressed
    state_initialize.o(.text.State_Initialize_Process) refers to sensor_normalize.o(.text.IR_CalibrateReference) for IR_CalibrateReference
    state_initialize.o(.text.State_Initialize_Process) refers to state_solvemaze.o(.rodata.State_SolveMaze) for State_SolveMaze
    state_initialize.o(.text.State_Initialize_Process) refers to state_initialize.o(.rodata.State_Initialize) for State_Initialize
    state_initialize.o(.ARM.exidx.text.State_Initialize_Process) refers to state_initialize.o(.text.State_Initialize_Process) for [Anonymous Symbol]
    state_initialize.o(.ARM.exidx.text.State_Initialize_Exit) refers to state_initialize.o(.text.State_Initialize_Exit) for [Anonymous Symbol]
    state_initialize.o(.rodata.State_Initialize) refers to state_initialize.o(.text.State_Initialize_Enter) for State_Initialize_Enter
    state_initialize.o(.rodata.State_Initialize) refers to state_initialize.o(.text.State_Initialize_Process) for State_Initialize_Process
    state_initialize.o(.rodata.State_Initialize) refers to state_initialize.o(.text.State_Initialize_Exit) for State_Initialize_Exit
    state_solvemaze.o(.ARM.exidx.text.State_SolveMaze_Enter) refers to state_solvemaze.o(.text.State_SolveMaze_Enter) for [Anonymous Symbol]
    state_solvemaze.o(.text.State_SolveMaze_Process) refers to board_button.o(.text.BUTTON1_Pressed) for BUTTON1_Pressed
    state_solvemaze.o(.text.State_SolveMaze_Process) refers to stm32f4xx_hal.o(.text.HAL_Delay) for HAL_Delay
    state_solvemaze.o(.text.State_SolveMaze_Process) refers to motion_control.o(.text.Motion_Start) for Motion_Start
    state_solvemaze.o(.text.State_SolveMaze_Process) refers to motion_control.o(.text.Motion_CommandForward) for Motion_CommandForward
    state_solvemaze.o(.text.State_SolveMaze_Process) refers to motion_control.o(.text.Motion_CommandCurveAngle) for Motion_CommandCurveAngle
[...]
    [Anonymous Symbol]                       0x08005aec   Section        0  bledebugger.o(.text.WritePrintfViaSingleBytes)
    __NVIC_EnableIRQ                         0x08005b75   Thumb Code    48  stm32f4xx_hal_cortex.o(.text.__NVIC_EnableIRQ)
    [Anonymous Symbol]                       0x08005b74   Section        0  stm32f4xx_hal_cortex.o(.text.__NVIC_EnableIRQ)
    __NVIC_GetPriorityGrouping               0x08005ba5   Thumb Code    16  stm32f4xx_hal_cortex.o(.text.__NVIC_GetPriorityGrouping)
    [Anonymous Symbol]                       0x08005ba4   Section        0  stm32f4xx_hal_cortex.o(.text.__NVIC_GetPriorityGrouping)
    __NVIC_SetPriority                       0x08005bb5   Thumb Code    66  stm32f4xx_hal_cortex.o(.text.__NVIC_SetPriority)
    [Anonymous Symbol]                       0x08005bb4   Section        0  stm32f4xx_hal_cortex.o(.text.__NVIC_SetPriority)
    __NVIC_SetPriorityGrouping               0x08005bf9   Thumb Code    60  stm32f4xx_hal_cortex.o(.text.__NVIC_SetPriorityGrouping)
    [Anonymous Symbol]                       0x08005bf8   Section        0  stm32f4xx_hal_cortex.o(.text.__NVIC_SetPriorityGrouping)
    cb_update_combined                       0x08005c35   Thumb Code    90  motion_control.o(.text.cb_update_combined)
    [Anonymous Symbol]                       0x08005c34   Section        0  motion_control.o(.text.cb_update_combined)
    cb_update_forward                        0x08005c91   Thumb Code    64  motion_control.o(.text.cb_update_forward)
    [Anonymous Symbol]                       0x08005c90   Section        0  motion_control.o(.text.cb_update_forward)
    cb_update_rotation                       0x08005cd5   Thumb Code    60  motion_control.o(.text.cb_update_rotation)
    [Anonymous Symbol]                       0x08005cd4   Section        0  motion_control.o(.text.cb_update_rotation)
    clampf                                   0x08005d15   Thumb Code    80  motion_control.o(.text.clampf)
    [Anonymous Symbol]                       0x08005d14   Section        0  motion_control.o(.text.clampf)
    [Anonymous Symbol]                       0x08005d64   Section        0  encoder.o(.text.encoder_get_forward_change_mm)
    [Anonymous Symbol]                       0x08005d74   Section        0  encoder.o(.text.encoder_get_rotation_change_deg)
    encoder_gpio_init                        0x08005d91   Thumb Code   118  encoder.o(.text.encoder_gpio_init)
    [Anonymous Symbol]                       0x08005d90   Section        0  encoder.o(.text.encoder_gpio_init)
    [Anonymous Symbol]                       0x08005e08   Section        0  encoder.o(.text.encoder_init)
    [Anonymous Symbol]                       0x08005ed4   Section        0  encoder.o(.text.encoder_reset)
    [Anonymous Symbol]                       0x08006000   Section        0  encoder.o(.text.encoder_start)
    [Anonymous Symbol]                       0x08006048   Section        0  encoder.o(.text.encoder_update)
    forward_controller                       0x08006331   Thumb Code   128  motion_control.o(.text.forward_controller)
    [Anonymous Symbol]                       0x08006330   Section        0  motion_control.o(.text.forward_controller)
    [Anonymous Symbol]                       0x080063bc   Section        0  bledebugger.o(.text.fputc)
    limitPWM                                 0x080063d5   Thumb Code    70  motor_driver.o(.text.limitPWM)
    [Anonymous Symbol]                       0x080063d4   Section        0  motor_driver.o(.text.limitPWM)
    [Anonymous Symbol]                       0x0800641c   Section        0  main.o(.text.main)
    rotation_controller                      0x08006441   Thumb Code   160  motion_control.o(.text.rotation_controller)
    [Anonymous Symbol]                       0x08006440   Section        0  motion_control.o(.text.rotation_controller)
    i.__0printf                              0x080064ec   Section        0  printfa.o(i.__0printf)
    i.__scatterload_copy                     0x0800650c   Section       14  handlers.o(i.__scatterload_copy)
    i.__scatterload_null                     0x0800651a   Section        2  handlers.o(i.__scatterload_null)
    i.__scatterload_zeroinit                 0x0800651c   Section       14  handlers.o(i.__scatterload_zeroinit)
    _fp_digits                               0x0800652d   Thumb Code   366  printfa.o(i._fp_digits)
    i._fp_digits                             0x0800652c   Section        0  printfa.o(i._fp_digits)
    _printf_core                             0x080066b1   Thumb Code  1744  printfa.o(i._printf_core)
    i._printf_core                           0x080066b0   Section        0  printfa.o(i._printf_core)
    _printf_post_padding                     0x08006d8d   Thumb Code    36  printfa.o(i._printf_post_padding)
    i._printf_post_padding                   0x08006d8c   Section        0  printfa.o(i._printf_post_padding)
    _printf_pre_padding                      0x08006db1   Thumb Code    46  printfa.o(i._printf_pre_padding)
    i._printf_pre_padding                    0x08006db0   Section        0  printfa.o(i._printf_pre_padding)
    BUTTON_PIN                               0x08006df8   Data          16  board_button.o(.rodata.BUTTON_PIN)
    [Anonymous Symbol]                       0x08006df8   Section        0  board_button.o(.rodata.BUTTON_PIN)
    LED_PINS                                 0x08006e08   Data           6  board_led.o(.rodata.LED_PINS)
    [Anonymous Symbol]                       0x08006e08   Section        0  board_led.o(.rodata.LED_PINS)
    MOTOR_CTRL_PIN                           0x08006e10   Data          32  motor_driver.o(.rodata.MOTOR_CTRL_PIN)
    [Anonymous Symbol]                       0x08006e10   Section        0  motor_driver.o(.rodata.MOTOR_CTRL_PIN)
    SENSOR_PIN                               0x08006e30   Data          48  sensor.o(.rodata.SENSOR_PIN)
    [Anonymous Symbol]                       0x08006e30   Section        0  sensor.o(.rodata.SENSOR_PIN)
    VCC_SENSOR_PIN                           0x08006e78   Data          48  sensor.o(.rodata.VCC_SENSOR_PIN)
    [Anonymous Symbol]                       0x08006e78   Section        0  sensor.o(.rodata.VCC_SENSOR_PIN)
    s_cfg                                    0x08006ea8   Data          96  sensor_normalize.o(.rodata.s_cfg)
    [Anonymous Symbol]                       0x08006ea8   Section        0  sensor_normalize.o(.rodata.s_cfg)
    .L.str                                   0x08006f08   Data          18  state_initialize.o(.rodata.str1.1)
    [Anonymous Symbol]                       0x08006f08   Section        0  state_initialize.o(.rodata.str1.1)
    .L.str.1                                 0x08006f1a   Data          29  state_initialize.o(.rodata.str1.1)
    .L.str                                   0x08006f37   Data           4  floodfill.o(.rodata.str1.1)
    [Anonymous Symbol]                       0x08006f37   Section        0  floodfill.o(.rodata.str1.1)
    .L.str.1                                 0x08006f3b   Data           4  floodfill.o(.rodata.str1.1)
    .L.str.2                                 0x08006f3f   Data           4  floodfill.o(.rodata.str1.1)
    .L.str.3                                 0x08006f43   Data           3  floodfill.o(.rodata.str1.1)
    .L.str.4                                 0x08006f46   Data           2  floodfill.o(.rodata.str1.1)
    .L.str.5                                 0x08006f48   Data           2  floodfill.o(.rodata.str1.1)
    .L.str.6                                 0x08006f4a   Data          14  floodfill.o(.rodata.str1.1)
    .L.str.7                                 0x08006f58   Data           4  floodfill.o(.rodata.str1.1)
    .L.str.8                                 0x08006f5c   Data           3  floodfill.o(.rodata.str1.1)
    .L.str.9                                 0x08006f5f   Data          50  floodfill.o(.rodata.str1.1)
    .L.str.13                                0x08006f71   Data          34  floodfill.o(.rodata.str1.1)
    .L.str.10                                0x08006f91   Data          16  floodfill.o(.rodata.str1.1)
    .L.str.39                                0x08006f93   Data          34  floodfill.o(.rodata.str1.1)
    .L.str.11                                0x08006fa1   Data          11  floodfill.o(.rodata.str1.1)
    .L.str.37                                0x08006fb5   Data          34  floodfill.o(.rodata.str1.1)
    .L.str.31                                0x08006fd7   Data          34  floodfill.o(.rodata.str1.1)
    .L.str.25                                0x08006ff9   Data          34  floodfill.o(.rodata.str1.1)
    .L.str.41                                0x0800701b   Data          34  floodfill.o(.rodata.str1.1)
    .L.str.19                                0x0800703d   Data          34  floodfill.o(.rodata.str1.1)
    .L.str.23                                0x0800705f   Data          34  floodfill.o(.rodata.str1.1)
    .L.str.29                                0x08007081   Data          34  floodfill.o(.rodata.str1.1)
    .L.str.17                                0x080070a3   Data          34  floodfill.o(.rodata.str1.1)
    .L.str.21                                0x080070c5   Data          34  floodfill.o(.rodata.str1.1)
    .L.str.33                                0x080070e7   Data          34  floodfill.o(.rodata.str1.1)
    .L.str.27                                0x08007109   Data          34  floodfill.o(.rodata.str1.1)
    .L.str.35                                0x0800712b   Data          34  floodfill.o(.rodata.str1.1)
    .L.str.15                                0x0800714d   Data          34  floodfill.o(.rodata.str1.1)
    .L.str.36                                0x0800716f   Data          34  floodfill.o(.rodata.str1.1)
    .L.str.16                                0x08007191   Data          34  floodfill.o(.rodata.str1.1)
    .L.str.26                                0x080071b3   Data          34  floodfill.o(.rodata.str1.1)
    .L.str.34                                0x080071d5   Data          34  floodfill.o(.rodata.str1.1)
    .L.str.20                                0x080071f7   Data          34  floodfill.o(.rodata.str1.1)
    .L.str.28                                0x08007219   Data          34  floodfill.o(.rodata.str1.1)
    .L.str.32                                0x0800723b   Data          34  floodfill.o(.rodata.str1.1)
    .L.str.22                                0x0800725d   Data          34  floodfill.o(.rodata.str1.1)
    .L.str.14                                0x0800727f   Data          34  floodfill.o(.rodata.str1.1)
    .L.str.30                                0x080072a1   Data          34  floodfill.o(.rodata.str1.1)
    .L.str.18                                0x080072c3   Data          34  floodfill.o(.rodata.str1.1)
    .L.str.24                                0x080072e5   Data          34  floodfill.o(.rodata.str1.1)
    .L.str.40                                0x08007307   Data          34  floodfill.o(.rodata.str1.1)
    .L.str.38                                0x08007329   Data          34  floodfill.o(.rodata.str1.1)
    .L.str.42                                0x0800734b   Data          34  floodfill.o(.rodata.str1.1)
    .L.str.12                                0x0800736d   Data          34  floodfill.o(.rodata.str1.1)
    .L.str.43                                0x080073ca   Data          19  floodfill.o(.rodata.str1.1)
    .L.str.44                                0x080073dd   Data          21  floodfill.o(.rodata.str1.1)
    .L.str.45                                0x080073f2   Data          19  floodfill.o(.rodata.str1.1)
    .L.str.46                                0x08007405   Data           9  floodfill.o(.rodata.str1.1)
    .L.str.47                                0x0800740e   Data          14  floodfill.o(.rodata.str1.1)
    .L.str.48                                0x0800741c   Data          15  floodfill.o(.rodata.str1.1)
    .L.str.49                                0x0800742b   Data          16  floodfill.o(.rodata.str1.1)
    .L.str.50                                0x0800743b   Data          17  floodfill.o(.rodata.str1.1)
    .data                                    0x20000000   Section        4  stdout.o(.data)
    LED_PORTS                                0x20000004   Data          12  board_led.o(.data.LED_PORTS)
    [Anonymous Symbol]                       0x20000004   Section        0  board_led.o(.data.LED_PORTS)
    Timer_Context                            0x20000014   Data          64  timer.o(.data.Timer_Context)
    [Anonymous Symbol]                       0x20000014   Section        0  timer.o(.data.Timer_Context)
    WALL_STEER_ENABLE                        0x20000054   Data           1  motion_control.o(.data.WALL_STEER_ENABLE)
    [Anonymous Symbol]                       0x20000054   Section        0  motion_control.o(.data.WALL_STEER_ENABLE)
    LastPrintfCMD                            0x20000060   Data           4  bledebugger.o(.bss.LastPrintfCMD)
    [Anonymous Symbol]                       0x20000060   Section        0  bledebugger.o(.bss.LastPrintfCMD)
    LastUartMsgTS                            0x20000064   Data           4  bledebugger.o(.bss.LastUartMsgTS)
    [Anonymous Symbol]                       0x20000064   Section        0  bledebugger.o(.bss.LastUartMsgTS)
    Protocol_IsPrintfCMD                     0x20000068   Data           1  bledebugger.o(.bss.Protocol_IsPrintfCMD)
    [Anonymous Symbol]                       0x20000068   Section        0  bledebugger.o(.bss.Protocol_IsPrintfCMD)
    UART_RxBuf                               0x20000069   Data         256  uart.o(.bss.UART_RxBuf)
    [Anonymous Symbol]                       0x20000069   Section        0  uart.o(.bss.UART_RxBuf)
    UART_RxHead                              0x2000016c   Data           4  uart.o(.bss.UART_RxHead)
    [Anonymous Symbol]                       0x2000016c   Section        0  uart.o(.bss.UART_RxHead)
    UART_RxTail                              0x20000170   Data           4  uart.o(.bss.UART_RxTail)
    [Anonymous Symbol]                       0x20000170   Section        0  uart.o(.bss.UART_RxTail)
    UART_TxBuf                               0x20000174   Data         256  uart.o(.bss.UART_TxBuf)
    [Anonymous Symbol]                       0x20000174   Section        0  uart.o(.bss.UART_TxBuf)
    UART_TxHead                              0x20000274   Data           4  uart.o(.bss.UART_TxHead)
    [Anonymous Symbol]                       0x20000274   Section        0  uart.o(.bss.UART_TxHead)
    UART_TxTail                              0x20000278   Data           4  uart.o(.bss.UART_TxTail)
    [Anonymous Symbol]                       0x20000278   Section        0  uart.o(.bss.UART_TxTail)
    msTicks                                  0x20000e44   Data           4  delay.o(.bss.msTicks)
    [Anonymous Symbol]                       0x20000e44   Section        0  delay.o(.bss.msTicks)
    s_angle_rad                              0x20000e6c   Data           4  encoder.o(.bss.s_angle_rad)
    [Anonymous Symbol]                       0x20000e6c   Section        0  encoder.o(.bss.s_angle_rad)
    s_delta_counts_left                      0x20000e70   Data           2  encoder.o(.bss.s_delta_counts_left)
    [Anonymous Symbol]                       0x20000e70   Section        0  encoder.o(.bss.s_delta_counts_left)
    s_delta_counts_right                     0x20000e72   Data           2  encoder.o(.bss.s_delta_counts_right)
    [Anonymous Symbol]                       0x20000e72   Section        0  encoder.o(.bss.s_delta_counts_right)
    s_distance_mm                            0x20000e74   Data           4  encoder.o(.bss.s_distance_mm)
    [Anonymous Symbol]                       0x20000e74   Section        0  encoder.o(.bss.s_distance_mm)
    s_error_filt                             0x20000e78   Data           4  wall_following_ir.o(.bss.s_error_filt)
    [Anonymous Symbol]                       0x20000e78   Section        0  wall_following_ir.o(.bss.s_error_filt)
    s_error_prev                             0x20000e7c   Data           4  wall_following_ir.o(.bss.s_error_prev)
    [Anonymous Symbol]                       0x20000e7c   Section        0  wall_following_ir.o(.bss.s_error_prev)
    s_forward_change_mm                      0x20000e80   Data           4  encoder.o(.bss.s_forward_change_mm)
    [Anonymous Symbol]                       0x20000e80   Section        0  encoder.o(.bss.s_forward_change_mm)
    s_hist_index                             0x20000e84   Data           1  encoder.o(.bss.s_hist_index)
    [Anonymous Symbol]                       0x20000e84   Section        0  encoder.o(.bss.s_hist_index)
    s_hist_left                              0x20000e86   Data          40  encoder.o(.bss.s_hist_left)
    [Anonymous Symbol]                       0x20000e86   Section        0  encoder.o(.bss.s_hist_left)
    s_hist_right                             0x20000eae   Data          40  encoder.o(.bss.s_hist_right)
    [Anonymous Symbol]                       0x20000eae   Section        0  encoder.o(.bss.s_hist_right)
    s_ir                                     0x20000ed8   Data         168  sensor_normalize.o(.bss.s_ir)
    [Anonymous Symbol]                       0x20000ed8   Section        0  sensor_normalize.o(.bss.s_ir)
    s_last_hw_count_left                     0x20000f80   Data           2  encoder.o(.bss.s_last_hw_count_left)
    [Anonymous Symbol]                       0x20000f80   Section        0  encoder.o(.bss.s_last_hw_count_left)
    s_last_hw_count_right                    0x20000f82   Data           2  encoder.o(.bss.s_last_hw_count_right)
    [Anonymous Symbol]                       0x20000f82   Section        0  encoder.o(.bss.s_last_hw_count_right)
    s_left_mm                                0x20000f84   Data           4  encoder.o(.bss.s_left_mm)
    [Anonymous Symbol]                       0x20000f84   Section        0  encoder.o(.bss.s_left_mm)
    s_left_speed_mms                         0x20000f88   Data           4  encoder.o(.bss.s_left_speed_mms)
    [Anonymous Symbol]                       0x20000f88   Section        0  encoder.o(.bss.s_left_speed_mms)
    s_prev_left_speed_ref_mms                0x20000f8c   Data           4  motion_control.o(.bss.s_prev_left_speed_ref_mms)
    [Anonymous Symbol]                       0x20000f8c   Section        0  motion_control.o(.bss.s_prev_left_speed_ref_mms)
    s_prev_right_speed_ref_mms               0x20000f90   Data           4  motion_control.o(.bss.s_prev_right_speed_ref_mms)
    [Anonymous Symbol]                       0x20000f90   Section        0  motion_control.o(.bss.s_prev_right_speed_ref_mms)
    s_right_mm                               0x20000f94   Data           4  encoder.o(.bss.s_right_mm)
    [Anonymous Symbol]                       0x20000f94   Section        0  encoder.o(.bss.s_right_mm)
    s_right_speed_mms                        0x20000f98   Data           4  encoder.o(.bss.s_right_speed_mms)
    [Anonymous Symbol]                       0x20000f98   Section        0  encoder.o(.bss.s_right_speed_mms)
    s_rotation_change_rad                    0x20000f9c   Data           4  encoder.o(.bss.s_rotation_change_rad)
    [Anonymous Symbol]                       0x20000f9c   Section        0  encoder.o(.bss.s_rotation_change_rad)
    s_segment_angle_rad                      0x20000fa0   Data           4  encoder.o(.bss.s_segment_angle_rad)
    [Anonymous Symbol]                       0x20000fa0   Section        0  encoder.o(.bss.s_segment_angle_rad)
    s_segment_distance_mm                    0x20000fa4   Data           4  encoder.o(.bss.s_segment_distance_mm)
    [Anonymous Symbol]                       0x20000fa4   Section        0  encoder.o(.bss.s_segment_distance_mm)
    s_sum_left                               0x20000fa8   Data           4  encoder.o(.bss.s_sum_left)
    [Anonymous Symbol]                       0x20000fa8   Section        0  encoder.o(.bss.s_sum_left)
    s_sum_right                              0x20000fac   Data           4  encoder.o(.bss.s_sum_right)
    [Anonymous Symbol]                       0x20000fac   Section        0  encoder.o(.bss.s_sum_right)
    s_total_counts_left                      0x20000fb0   Data           4  encoder.o(.bss.s_total_counts_left)
    [Anonymous Symbol]                       0x20000fb0   Section        0  encoder.o(.bss.s_total_counts_left)
    s_total_counts_right                     0x20000fb4   Data           4  encoder.o(.bss.s_total_counts_right)
    [Anonymous Symbol]                       0x20000fb4   Section        0  encoder.o(.bss.s_total_counts_right)
    s_yaw_rate_rads                          0x20000fb8   Data           4  encoder.o(.bss.s_yaw_rate_rads)
    [Anonymous Symbol]                       0x20000fb8   Section        0  encoder.o(.bss.s_yaw_rate_rads)
    STACK                                    0x20001008   Section    114688  startup_stm32f446xx.o(STACK)

    Global Symbols

    Symbol Name                              Value     Ov Type        Size  Object(Section)

    BuildAttributes$$THM_ISAv4$E$P$D$K$B$S$7EM$VFPi3$EXTD16$VFPS$VFMA$PE$A:L22UL41UL21$X:L11$S22US41US21$IEEE1$IW$~IW$USESV6$~STKCKD$USESV7$~SHL$OTIME$ROPI$IEEEX$EBA8$MICROLIB$REQ8$PRES8$EABIv2 0x00000000   Number         0  anon$$obj.o ABSOLUTE
    __use_no_errno                           0x00000000   Number         0  useno.o ABSOLUTE
    __use_no_exception_handling              0x00000000   Number         0  useno.o ABSOLUTE
    __use_no_fp                              0x00000000   Number         0  useno.o ABSOLUTE
    __use_no_heap                            0x00000000   Number         0  useno.o ABSOLUTE
    __use_no_heap_region                     0x00000000   Number         0  useno.o ABSOLUTE
    __use_no_semihosting                     0x00000000   Number         0  useno.o ABSOLUTE
    __use_no_semihosting_swi                 0x00000000   Number         0  useno.o ABSOLUTE
    __use_no_signal_handling                 0x00000000   Number         0  useno.o ABSOLUTE
    __cpp_initialize__aeabi_                  - Undefined Weak Reference
    __cxa_finalize                            - Undefined Weak Reference
    __decompress                              - Undefined Weak Reference
    _clock_init                               - Undefined Weak Reference
    _microlib_exit                            - Undefined Weak Reference
    __Vectors_Size                           0x000001c4   Number         0  startup_stm32f446xx.o ABSOLUTE
    __Vectors                                0x08000000   Data           4  startup_stm32f446xx.o(RESET)
    __Vectors_End                            0x080001c4   Data           0  startup_stm32f446xx.o(RESET)
    __main                                   0x080001c5   Thumb Code     0  entry.o(.ARM.Collect$$$$00000000)
    _main_stk                                0x080001c5   Thumb Code     0  entry2.o(.ARM.Collect$$$$00000001)
    _main_scatterload                        0x080001c9   Thumb Code     0  entry5.o(.ARM.Collect$$$$00000004)
    __main_after_scatterload                 0x080001cd   Thumb Code     0  entry5.o(.ARM.Collect$$$$00000004)
    _main_clock                              0x080001cd   Thumb Code     0  entry7b.o(.ARM.Collect$$$$00000008)
    _main_cpp_init                           0x080001cd   Thumb Code     0  entry8b.o(.ARM.Collect$$$$0000000A)
    _main_init                               0x080001cd   Thumb Code     0  entry9a.o(.ARM.Collect$$$$0000000B)
    __rt_final_cpp                           0x080001d5   Thumb Code     0  entry10a.o(.ARM.Collect$$$$0000000D)
    __rt_final_exit                          0x080001d5   Thumb Code     0  entry11a.o(.ARM.Collect$$$$0000000F)
    Reset_Handler                            0x080001d9   Thumb Code     8  startup_stm32f446xx.o(.text)
    NMI_Handler                              0x080001e1   Thumb Code     2  startup_stm32f446xx.o(.text)
    HardFault_Handler                        0x080001e3   Thumb Code     2  startup_stm32f446xx.o(.text)
    MemManage_Handler                        0x080001e5   Thumb Code     2  startup_stm32f446xx.o(.text)
    BusFault_Handler                         0x080001e7   Thumb Code     2  startup_stm32f446xx.o(.text)
    UsageFault_Handler                       0x080001e9   Thumb Code     2  startup_stm32f446xx.o(.text)
    SVC_Handler                              0x080001eb   Thumb Code     2  startup_stm32f446xx.o(.text)
    DebugMon_Handler                         0x080001ed   Thumb Code     2  startup_stm32f446xx.o(.text)
    PendSV_Handler                           0x080001ef   Thumb Code     2  startup_stm32f446xx.o(.text)
    ADC_IRQHandler                           0x080001f3   Thumb Code     0  startup_stm32f446xx.o(.text)
    CAN1_RX0_IRQHandler                      0x080001f3   Thumb Code     0  startup_stm32f446xx.o(.text)
    CAN1_RX1_IRQHandler                      0x080001f3   Thumb Code     0  startup_stm32f446xx.o(.text)
    CAN1_SCE_IRQHandler                      0x080001f3   Thumb Code     0  startup_stm32f446xx.o(.text)
    CAN1_TX_IRQHandler                       0x080001f3   Thumb Code     0  startup_stm32f446xx.o(.text)
    CAN2_RX0_IRQHandler                      0x080001f3   Thumb Code     0  startup_stm32f446xx.o(.text)
    CAN2_RX1_IRQHandler                      0x080001f3   Thumb Code     0  startup_stm32f446xx.o(.text)
    CAN2_SCE_IRQHandler                      0x080001f3   Thumb Code     0  startup_stm32f446xx.o(.text)
    CAN2_TX_IRQHandler                       0x080001f3   Thumb Code     0  startup_stm32f446xx.o(.text)
    CEC_IRQHandler                           0x080001f3   Thumb Code     0  startup_stm32f446xx.o(.text)
    DCMI_IRQHandler                          0x080001f3   Thumb Code     0  startup_stm32f446xx.o(.text)
    DMA1_Stream0_IRQHandler                  0x080001f3   Thumb Code     0  startup_stm32f446xx.o(.text)
    DMA1_Stream1_IRQHandler                  0x080001f3   Thumb Code     0  startup_stm32f446xx.o(.text)
    DMA1_Stream2_IRQHandler                  0x080001f3   Thumb Code     0  startup_stm32f446xx.o(.text)
    DMA1_Stream3_IRQHandler                  0x080001f3   Thumb Code     0  startup_stm32f446xx.o(.text)
    DMA1_Stream4_IRQHandler                  0x080001f3   Thumb Code     0  startup_stm32f446xx.o(.text)
    DMA1_Stream5_IRQHandler                  0x080001f3   Thumb Code     0  startup_stm32f446xx.o(.text)
    DMA1_Stream6_IRQHandler                  0x080001f3   Thumb Code     0  startup_stm32f446xx.o(.text)
    DMA1_Stream7_IRQHandler                  0x080001f3   Thumb Code     0  startup_stm32f446xx.o(.text)
    DMA2_Stream0_IRQHandler                  0x080001f3   Thumb Code     0  startup_stm32f446xx.o(.text)
    DMA2_Stream1_IRQHandler                  0x080001f3   Thumb Code     0  startup_stm32f446xx.o(.text)
    DMA2_Stream2_IRQHandler                  0x080001f3   Thumb Code     0  startup_stm32f446xx.o(.text)
    DMA2_Stream3_IRQHandler                  0x080001f3   Thumb Code     0  startup_stm32f446xx.o(.text)
    DMA2_Stream4_IRQHandler                  0x080001f3   Thumb Code     0  startup_stm32f446xx.o(.text)
    DMA2_Stream5_IRQHandler                  0x080001f3   Thumb Code     0  startup_stm32f446xx.o(.text)
    DMA2_Stream6_IRQHandler                  0x080001f3   Thumb Code     0  startup_stm32f446xx.o(.text)
    DMA2_Stream7_IRQHandler                  0x080001f3   Thumb Code     0  startup_stm32f446xx.o(.text)
    EXTI0_IRQHandler                         0x080001f3   Thumb Code     0  startup_stm32f446xx.o(.text)
    EXTI15_10_IRQHandler                     0x080001f3   Thumb Code     0  startup_stm32f446xx.o(.text)
    EXTI1_IRQHandler                         0x080001f3   Thumb Code     0  startup_stm32f446xx.o(.text)
    EXTI2_IRQHandler                         0x080001f3   Thumb Code     0  startup_stm32f446xx.o(.text)
    EXTI3_IRQHandler                         0x080001f3   Thumb Code     0  startup_stm32f446xx.o(.text)
    EXTI4_IRQHandler                         0x080001f3   Thumb Code     0  startup_stm32f446xx.o(.text)
    EXTI9_5_IRQHandler                       0x080001f3   Thumb Code     0  startup_stm32f446xx.o(.text)
    FLASH_IRQHandler                         0x080001f3   Thumb Code     0  startup_stm32f446xx.o(.text)
    FMC_IRQHandler                           0x080001f3   Thumb Code     0  startup_stm32f446xx.o(.text)
    FMPI2C1_ER_IRQHandler                    0x080001f3   Thumb Code     0  startup_stm32f446xx.o(.text)
    FMPI2C1_EV_IRQHandler                    0x080001f3   Thumb Code     0  startup_stm32f446xx.o(.text)
    FPU_IRQHandler                           0x080001f3   Thumb Code     0  startup_stm32f446xx.o(.text)
    I2C1_ER_IRQHandler                       0x080001f3   Thumb Code     0  startup_stm32f446xx.o(.text)
    I2C1_EV_IRQHandler                       0x080001f3   Thumb Code     0  startup_stm32f446xx.o(.text)
    I2C2_ER_IRQHandler                       0x080001f3   Thumb Code     0  startup_stm32f446xx.o(.text)
    I2C2_EV_IRQHandler                       0x080001f3   Thumb Code     0  startup_stm32f446xx.o(.text)
    I2C3_ER_IRQHandler                       0x080001f3   Thumb Code     0  startup_stm32f446xx.o(.text)
    I2C3_EV_IRQHandler                       0x080001f3   Thumb Code     0  startup_stm32f446xx.o(.text)
    OTG_FS_IRQHandler                        0x080001f3   Thumb Code     0  startup_stm32f446xx.o(.text)
    OTG_FS_WKUP_IRQHandler                   0x080001f3   Thumb Code     0  startup_stm32f446xx.o(.text)
    OTG_HS_EP1_IN_IRQHandler                 0x080001f3   Thumb Code     0  startup_stm32f446xx.o(.text)
    OTG_HS_EP1_OUT_IRQHandler                0x080001f3   Thumb Code     0  startup_stm32f446xx.o(.text)
    OTG_HS_IRQHandler                        0x080001f3   Thumb Code     0  startup_stm32f446xx.o(.text)
    OTG_HS_WKUP_IRQHandler                   0x080001f3   Thumb Code     0  startup_stm32f446xx.o(.text)
    PVD_IRQHandler                           0x080001f3   Thumb Code     0  startup_stm32f446xx.o(.text)
    QUADSPI_IRQHandler                       0x080001f3   Thumb Code     0  startup_stm32f446xx.o(.text)
    RCC_IRQHandler                           0x080001f3   Thumb Code     0  startup_stm32f446xx.o(.text)
    RTC_Alarm_IRQHandler                     0x080001f3   Thumb Code     0  startup_stm32f446xx.o(.text)
    RTC_WKUP_IRQHandler                      0x080001f3   Thumb Code     0  startup_stm32f446xx.o(.text)
    SAI1_IRQHandler                          0x080001f3   Thumb Code     0  startup_stm32f446xx.o(.text)
    SAI2_IRQHandler                          0x080001f3   Thumb Code     0  startup_stm32f446xx.o(.text)
    SDIO_IRQHandler                          0x080001f3   Thumb Code     0  startup_stm32f446xx.o(.text)
    SPDIF_RX_IRQHandler                      0x080001f3   Thumb Code     0  startup_stm32f446xx.o(.text)
    SPI1_IRQHandler                          0x080001f3   Thumb Code     0  startup_stm32f446xx.o(.text)
    SPI2_IRQHandler                          0x080001f3   Thumb Code     0  startup_stm32f446xx.o(.text)
    SPI3_IRQHandler                          0x080001f3   Thumb Code     0  startup_stm32f446xx.o(.text)
    SPI4_IRQHandler                          0x080001f3   Thumb Code     0  startup_stm32f446xx.o(.text)
    TAMP_STAMP_IRQHandler                    0x080001f3   Thumb Code     0  startup_stm32f446xx.o(.text)
    TIM1_CC_IRQHandler                       0x080001f3   Thumb Code     0  startup_stm32f446xx.o(.text)
    TIM1_TRG_COM_TIM11_IRQHandler            0x080001f3   Thumb Code     0  startup_stm32f446xx.o(.text)
    TIM1_UP_TIM10_IRQHandler                 0x080001f3   Thumb Code     0  startup_stm32f446xx.o(.text)
    TIM3_IRQHandler                          0x080001f3   Thumb Code     0  startup_stm32f446xx.o(.text)
    TIM4_IRQHandler                          0x080001f3   Thumb Code     0  startup_stm32f446xx.o(.text)
    TIM6_DAC_IRQHandler                      0x080001f3   Thumb Code     0  startup_stm32f446xx.o(.text)
    TIM7_IRQHandler                          0x080001f3   Thumb Code     0  startup_stm32f446xx.o(.text)
    TIM8_CC_IRQHandler                       0x080001f3   Thumb Code     0  startup_stm32f446xx.o(.text)
    TIM8_TRG_COM_TIM14_IRQHandler            0x080001f3   Thumb Code     0  startup_stm32f446xx.o(.text)
    TIM8_UP_TIM13_IRQHandler                 0x080001f3   Thumb Code     0  startup_stm32f446xx.o(.text)
    UART4_IRQHandler                         0x080001f3   Thumb Code     0  startup_stm32f446xx.o(.text)
    UART5_IRQHandler                         0x080001f3   Thumb Code     0  startup_stm32f446xx.o(.text)
    USART1_IRQHandler                        0x080001f3   Thumb Code     0  startup_stm32f446xx.o(.text)
    USART2_IRQHandler                        0x080001f3   Thumb Code     0  startup_stm32f446xx.o(.text)
    USART3_IRQHandler                        0x080001f3   Thumb Code     0  startup_stm32f446xx.o(.text)
    WWDG_IRQHandler                          0x080001f3   Thumb Code     0  startup_stm32f446xx.o(.text)
    __aeabi_uldivmod                         0x080001fd   Thumb Code    98  uldiv.o(.text)
    __aeabi_memset                           0x0800025f   Thumb Code    14  memseta.o(.text)
    __aeabi_memset4                          0x0800025f   Thumb Code     0  memseta.o(.text)
    __aeabi_memset8                          0x0800025f   Thumb Code     0  memseta.o(.text)
    __aeabi_memclr                           0x0800026d   Thumb Code     4  memseta.o(.text)
    __aeabi_memclr4                          0x0800026d   Thumb Code     0  memseta.o(.text)
    __aeabi_memclr8                          0x0800026d   Thumb Code     0  memseta.o(.text)
    _memset$wrapper                          0x08000271   Thumb Code    18  memseta.o(.text)
    strcpy                                   0x08000283   Thumb Code    18  strcpy.o(.text)
    __aeabi_dadd                             0x08000295   Thumb Code   322  dadd.o(.text)
    __aeabi_dsub                             0x080003d7   Thumb Code     6  dadd.o(.text)
    __aeabi_drsub                            0x080003dd   Thumb Code     6  dadd.o(.text)
    __aeabi_dmul                             0x080003e3   Thumb Code   228  dmul.o(.text)
    __aeabi_f2d                              0x080004c7   Thumb Code    38  f2d.o(.text)
    __aeabi_d2f                              0x080004ed   Thumb Code    56  d2f.o(.text)
    __aeabi_uidiv                            0x08000525   Thumb Code     0  uidiv.o(.text)
    __aeabi_uidivmod                         0x08000525   Thumb Code    44  uidiv.o(.text)
    __aeabi_llsl                             0x08000551   Thumb Code    30  llshl.o(.text)
    _ll_shift_l                              0x08000551   Thumb Code     0  llshl.o(.text)
    __aeabi_llsr                             0x0800056f   Thumb Code    32  llushr.o(.text)
    _ll_ushift_r                             0x0800056f   Thumb Code     0  llushr.o(.text)
    __aeabi_lasr                             0x0800058f   Thumb Code    36  llsshr.o(.text)
    _ll_sshift_r                             0x0800058f   Thumb Code     0  llsshr.o(.text)
    __I$use$fp                               0x080005b3   Thumb Code     0  iusefp.o(.text)
    _float_round                             0x080005b3   Thumb Code    18  fepilogue.o(.text)
    _float_epilogue                          0x080005c5   Thumb Code    92  fepilogue.o(.text)
    _double_round                            0x08000621   Thumb Code    30  depilogue.o(.text)
    _double_epilogue                         0x0800063f   Thumb Code   156  depilogue.o(.text)
    __aeabi_ddiv                             0x080006db   Thumb Code   222  ddiv.o(.text)
    __aeabi_d2ulz                            0x080007b9   Thumb Code    48  dfixul.o(.text)
    __aeabi_cdrcmple                         0x080007e9   Thumb Code    48  cdrcmple.o(.text)
    __scatterload                            0x08000819   Thumb Code    38  init.o(.text)
    __scatterload_rt2                        0x08000819   Thumb Code     0  init.o(.text)
    ADC_Convert                              0x08000849   Thumb Code    98  adc.o(.text.ADC_Convert)
    ADC_Enable                               0x080008ad   Thumb Code    18  adc.o(.text.ADC_Enable)
    ADC_Init                                 0x080008c1   Thumb Code   146  adc.o(.text.ADC_Init)
    BUTTON1_Pressed                          0x08000ae1   Thumb Code    56  board_button.o(.text.BUTTON1_Pressed)
    BUTTON2_Pressed                          0x08000b19   Thumb Code    56  board_button.o(.text.BUTTON2_Pressed)
    BUTTON_Init                              0x08000b51   Thumb Code   178  board_button.o(.text.BUTTON_Init)
    Board_LED_Init                           0x08000c05   Thumb Code   186  board_led.o(.text.Board_LED_Init)
    Clock_Config_BoardDefault                0x08000d8d   Thumb Code     8  clock_config.o(.text.Clock_Config_BoardDefault)
    Delay_ms                                 0x08000d95   Thumb Code    48  delay.o(.text.Delay_ms)
    HAL_ADC_ConfigChannel                    0x08000e69   Thumb Code   568  stm32f4xx_hal_adc.o(.text.HAL_ADC_ConfigChannel)
    HAL_ADC_GetValue                         0x080010a1   Thumb Code    14  stm32f4xx_hal_adc.o(.text.HAL_ADC_GetValue)
    HAL_ADC_Init                             0x080010b1   Thumb Code   168  stm32f4xx_hal_adc.o(.text.HAL_ADC_Init)
    HAL_ADC_MspInit                          0x08001159   Thumb Code     8  stm32f4xx_hal_adc.o(.text.HAL_ADC_MspInit)
    HAL_ADC_PollForConversion                0x08001161   Thumb Code   298  stm32f4xx_hal_adc.o(.text.HAL_ADC_PollForConversion)
    HAL_ADC_Start                            0x0800128d   Thumb Code   468  stm32f4xx_hal_adc.o(.text.HAL_ADC_Start)
    HAL_Delay                                0x08001461   Thumb Code    66  stm32f4xx_hal.o(.text.HAL_Delay)
    HAL_GPIO_Init                            0x080014a5   Thumb Code   922  stm32f4xx_hal_gpio.o(.text.HAL_GPIO_Init)
    HAL_GPIO_ReadPin                         0x08001841   Thumb Code    46  stm32f4xx_hal_gpio.o(.text.HAL_GPIO_ReadPin)
    HAL_GPIO_WritePin                        0x08001871   Thumb Code    46  stm32f4xx_hal_gpio.o(.text.HAL_GPIO_WritePin)
    HAL_GetTick                              0x080018a1   Thumb Code    12  stm32f4xx_hal.o(.text.HAL_GetTick)
    HAL_IncTick                              0x080018ad   Thumb Code    26  stm32f4xx_hal.o(.text.HAL_IncTick)
    HAL_Init                                 0x080018c9   Thumb Code    46  stm32f4xx_hal.o(.text.HAL_Init)
    HAL_InitTick                             0x080018f9   Thumb Code   112  stm32f4xx_hal.o(.text.HAL_InitTick)
    HAL_MspInit                              0x08001969   Thumb Code     2  stm32f4xx_hal.o(.text.HAL_MspInit)
    HAL_NVIC_EnableIRQ                       0x0800196d   Thumb Code    20  stm32f4xx_hal_cortex.o(.text.HAL_NVIC_EnableIRQ)
    HAL_NVIC_SetPriority                     0x08001981   Thumb Code    50  stm32f4xx_hal_cortex.o(.text.HAL_NVIC_SetPriority)
    HAL_NVIC_SetPriorityGrouping             0x080019b5   Thumb Code    16  stm32f4xx_hal_cortex.o(.text.HAL_NVIC_SetPriorityGrouping)
    HAL_RCC_ClockConfig                      0x080019c5   Thumb Code   610  stm32f4xx_hal_rcc.o(.text.HAL_RCC_ClockConfig)
    HAL_RCC_GetHCLKFreq                      0x08001c29   Thumb Code    12  stm32f4xx_hal_rcc.o(.text.HAL_RCC_GetHCLKFreq)
    HAL_RCC_GetPCLK1Freq                     0x08001c35   Thumb Code    34  stm32f4xx_hal_rcc.o(.text.HAL_RCC_GetPCLK1Freq)
    HAL_RCC_GetPCLK2Freq                     0x08001c59   Thumb Code    34  stm32f4xx_hal_rcc.o(.text.HAL_RCC_GetPCLK2Freq)
    HAL_RCC_GetSysClockFreq                  0x08001c7d   Thumb Code   368  stm32f4xx_hal_rcc_ex.o(.text.HAL_RCC_GetSysClockFreq)
    HAL_RCC_OscConfig                        0x08001ded   Thumb Code  1830  stm32f4xx_hal_rcc_ex.o(.text.HAL_RCC_OscConfig)
    HAL_SYSTICK_Config                       0x08002515   Thumb Code    16  stm32f4xx_hal_cortex.o(.text.HAL_SYSTICK_Config)
    HAL_TIM_Base_Init                        0x08002525   Thumb Code   156  stm32f4xx_hal_tim.o(.text.HAL_TIM_Base_Init)
    HAL_TIM_Base_MspInit                     0x080025c1   Thumb Code     8  stm32f4xx_hal_tim.o(.text.HAL_TIM_Base_MspInit)
    HAL_TIM_Base_Start_IT                    0x080025c9   Thumb Code   246  stm32f4xx_hal_tim.o(.text.HAL_TIM_Base_Start_IT)
    HAL_TIM_Base_Stop_IT                     0x080026c1   Thumb Code    82  stm32f4xx_hal_tim.o(.text.HAL_TIM_Base_Stop_IT)
    HAL_TIM_Encoder_Init                     0x08002715   Thumb Code   304  stm32f4xx_hal_tim.o(.text.HAL_TIM_Encoder_Init)
    HAL_TIM_Encoder_MspInit                  0x08002845   Thumb Code     8  stm32f4xx_hal_tim.o(.text.HAL_TIM_Encoder_MspInit)
    HAL_TIM_Encoder_Start                    0x0800284d   Thumb Code   334  stm32f4xx_hal_tim.o(.text.HAL_TIM_Encoder_Start)
    HAL_TIM_PWM_ConfigChannel                0x0800299d   Thumb Code   322  stm32f4xx_hal_tim.o(.text.HAL_TIM_PWM_ConfigChannel)
    HAL_TIM_PWM_Init                         0x08002ae1   Thumb Code   156  stm32f4xx_hal_tim.o(.text.HAL_TIM_PWM_Init)
    HAL_TIM_PWM_MspInit                      0x08002b7d   Thumb Code     8  stm32f4xx_hal_tim.o(.text.HAL_TIM_PWM_MspInit)
    HAL_TIM_PWM_Start                        0x08002b85   Thumb Code   458  stm32f4xx_hal_tim.o(.text.HAL_TIM_PWM_Start)
    HAL_UART_Init                            0x08002d51   Thumb Code   154  stm32f4xx_hal_uart.o(.text.HAL_UART_Init)
    HAL_UART_MspInit                         0x08002ded   Thumb Code     8  stm32f4xx_hal_uart.o(.text.HAL_UART_MspInit)
    IR_CalibrateReference                    0x08002f09   Thumb Code    90  sensor_normalize.o(.text.IR_CalibrateReference)
    IR_Init                                  0x08002f65   Thumb Code   128  sensor_normalize.o(.text.IR_Init)
    IR_ReadHardware                          0x08002fe5   Thumb Code   148  sensor_normalize.o(.text.IR_ReadHardware)
    IR_ReadScaled                            0x08003079   Thumb Code    96  sensor_normalize.o(.text.IR_ReadScaled)
    IR_Update                                0x080030d9   Thumb Code   110  sensor_normalize.o(.text.IR_Update)
    InitMaze                                 0x080031bd   Thumb Code   578  floodfill.o(.text.InitMaze)
    InitMouseMaze                            0x08003401   Thumb Code   332  floodfill.o(.text.InitMouseMaze)
    MotionController_Init                    0x08003579   Thumb Code    32  motion_control.o(.text.MotionController_Init)
    MotionController_Reset                   0x080036b5   Thumb Code    48  motion_control.o(.text.MotionController_Reset)
    MotionController_SetCommand              0x08003811   Thumb Code    30  motion_control.o(.text.MotionController_SetCommand)
    MotionController_Update                  0x08003831   Thumb Code   304  motion_control.o(.text.MotionController_Update)
    Motion_CommandCurve                      0x08003971   Thumb Code   512  motion_control.o(.text.Motion_CommandCurve)
    Motion_CommandCurveAngle                 0x08003b79   Thumb Code   176  motion_control.o(.text.Motion_CommandCurveAngle)
    Motion_CommandForward                    0x08003c31   Thumb Code   148  motion_control.o(.text.Motion_CommandForward)
    Motion_Init                              0x08003cc9   Thumb Code    96  motion_control.o(.text.Motion_Init)
    Motion_Start                             0x08003d29   Thumb Code    42  motion_control.o(.text.Motion_Start)
    Motor_Ctrl_Init                          0x08003d55   Thumb Code   188  motor_driver.o(.text.Motor_Ctrl_Init)
    Motor_Init                               0x08003e11   Thumb Code   212  motor_driver.o(.text.Motor_Init)
    Motor_Left_Backwards                     0x08003ee5   Thumb Code    38  motor_driver.o(.text.Motor_Left_Backwards)
    Motor_Left_Brake                         0x08003f0d   Thumb Code    44  motor_driver.o(.text.Motor_Left_Brake)
    Motor_Left_Forwards                      0x08003f39   Thumb Code    38  motor_driver.o(.text.Motor_Left_Forwards)
    Motor_Left_SetPWM                        0x08003f61   Thumb Code   108  motor_driver.o(.text.Motor_Left_SetPWM)
    Motor_Right_Backwards                    0x08003fcd   Thumb Code    38  motor_driver.o(.text.Motor_Right_Backwards)
    Motor_Right_Brake                        0x08003ff5   Thumb Code    44  motor_driver.o(.text.Motor_Right_Brake)
    Motor_Right_Forwards                     0x08004021   Thumb Code    38  motor_driver.o(.text.Motor_Right_Forwards)
    Motor_Right_SetPWM                       0x08004049   Thumb Code   106  motor_driver.o(.text.Motor_Right_SetPWM)
    Profile_GetBrakingDistance               0x08004121   Thumb Code    80  profile.o(.text.Profile_GetBrakingDistance)
    Profile_GetSpeed                         0x08004171   Thumb Code    32  profile.o(.text.Profile_GetSpeed)
    Profile_IsFinished                       0x08004191   Thumb Code    40  profile.o(.text.Profile_IsFinished)
    Profile_Reset                            0x080041b9   Thumb Code    36  profile.o(.text.Profile_Reset)
    Profile_SetSpeed                         0x080041dd   Thumb Code    28  profile.o(.text.Profile_SetSpeed)
    Profile_SetTargetSpeed                   0x080041f9   Thumb Code    28  profile.o(.text.Profile_SetTargetSpeed)
    Profile_Start                            0x08004215   Thumb Code   270  profile.o(.text.Profile_Start)
    Profile_Update                           0x08004325   Thumb Code   420  profile.o(.text.Profile_Update)
    Sensor_Init                              0x080044cd   Thumb Code   298  sensor.o(.text.Sensor_Init)
    Sensor_Read                              0x080045f9   Thumb Code   194  sensor.o(.text.Sensor_Read)
    StateMachine_Run                         0x08004749   Thumb Code    56  statemachine.o(.text.StateMachine_Run)
    State_Initialize_Enter                   0x08004781   Thumb Code   122  state_initialize.o(.text.State_Initialize_Enter)
    State_Initialize_Exit                    0x080047fd   Thumb Code     2  state_initialize.o(.text.State_Initialize_Exit)
    State_Initialize_Process                 0x08004801   Thumb Code    46  state_initialize.o(.text.State_Initialize_Process)
    State_SolveMaze_Enter                    0x08004831   Thumb Code     2  state_solvemaze.o(.text.State_SolveMaze_Enter)
    State_SolveMaze_Exit                     0x08004835   Thumb Code     2  state_solvemaze.o(.text.State_SolveMaze_Exit)
    State_SolveMaze_Process                  0x08004839   Thumb Code   376  state_solvemaze.o(.text.State_SolveMaze_Process)
    SysTick_Get                              0x08004a31   Thumb Code    12  delay.o(.text.SysTick_Get)
    SysTick_Handler                          0x08004a3d   Thumb Code    22  delay.o(.text.SysTick_Handler)
    SystemCoreClockUpdate                    0x08004a55   Thumb Code   302  system_stm32f4xx.o(.text.SystemCoreClockUpdate)
    SystemInit                               0x08004b85   Thumb Code    18  system_stm32f4xx.o(.text.SystemInit)
    TIM1_BRK_TIM9_IRQHandler                 0x08004b99   Thumb Code    64  timer.o(.text.TIM1_BRK_TIM9_IRQHandler)
    TIM2_IRQHandler                          0x08004bd9   Thumb Code    64  timer.o(.text.TIM2_IRQHandler)
    TIM5_IRQHandler                          0x08004c19   Thumb Code    64  timer.o(.text.TIM5_IRQHandler)
    TIM8_BRK_TIM12_IRQHandler                0x08004c59   Thumb Code    64  timer.o(.text.TIM8_BRK_TIM12_IRQHandler)
    TIM_Base_SetConfig                       0x08004c99   Thumb Code   410  stm32f4xx_hal_tim.o(.text.TIM_Base_SetConfig)
    TIM_CCxChannelCmd                        0x08004e35   Thumb Code    54  stm32f4xx_hal_tim.o(.text.TIM_CCxChannelCmd)
    TIM_OC2_SetConfig                        0x08004f59   Thumb Code   244  stm32f4xx_hal_tim.o(.text.TIM_OC2_SetConfig)
    Timer_Initialize                         0x08005391   Thumb Code   252  timer.o(.text.Timer_Initialize)
    Timer_Start                              0x0800548d   Thumb Code    76  timer.o(.text.Timer_Start)
    Timer_Stop                               0x080054d9   Thumb Code    58  timer.o(.text.Timer_Stop)
    USART6_IRQHandler                        0x08005651   Thumb Code   214  uart.o(.text.USART6_IRQHandler)
    Uart6_Init                               0x08005729   Thumb Code   174  uart.o(.text.Uart6_Init)
    Uart6_PutChar                            0x080057d9   Thumb Code    94  uart.o(.text.Uart6_PutChar)
    WallFollowing_GetCorrectionDps           0x08005839   Thumb Code     8  wall_following.o(.text.WallFollowing_GetCorrectionDps)
    WallFollowing_IR_GetCorrectionDps        0x08005841   Thumb Code   512  wall_following_ir.o(.text.WallFollowing_IR_GetCorrectionDps)
    WallFollowing_IR_Init                    0x08005a59   Thumb Code    24  wall_following_ir.o(.text.WallFollowing_IR_Init)
    WallFollowing_Init                       0x08005a71   Thumb Code     8  wall_following.o(.text.WallFollowing_Init)
    WallSensors_IR_Init                      0x08005a79   Thumb Code    24  wall_sensors_ir.o(.text.WallSensors_IR_Init)
    WallSensors_IR_Read                      0x08005a91   Thumb Code    82  wall_sensors_ir.o(.text.WallSensors_IR_Read)
    WallSensors_IR_Update                    0x08005ae5   Thumb Code     8  wall_sensors_ir.o(.text.WallSensors_IR_Update)
    encoder_get_forward_change_mm            0x08005d65   Thumb Code    14  encoder.o(.text.encoder_get_forward_change_mm)
    encoder_get_rotation_change_deg          0x08005d75   Thumb Code    24  encoder.o(.text.encoder_get_rotation_change_deg)
    encoder_init                             0x08005e09   Thumb Code   202  encoder.o(.text.encoder_init)
    encoder_reset                            0x08005ed5   Thumb Code   298  encoder.o(.text.encoder_reset)
    encoder_start                            0x08006001   Thumb Code    72  encoder.o(.text.encoder_start)
    encoder_update                           0x08006049   Thumb Code   732  encoder.o(.text.encoder_update)
    fputc                                    0x080063bd   Thumb Code    22  bledebugger.o(.text.fputc)
    main                                     0x0800641d   Thumb Code    34  main.o(.text.main)
    __0printf                                0x080064ed   Thumb Code    22  printfa.o(i.__0printf)
    __1printf                                0x080064ed   Thumb Code     0  printfa.o(i.__0printf)
    __2printf                                0x080064ed   Thumb Code     0  printfa.o(i.__0printf)
    __c89printf                              0x080064ed   Thumb Code     0  printfa.o(i.__0printf)
    printf                                   0x080064ed   Thumb Code     0  printfa.o(i.__0printf)
    __scatterload_copy                       0x0800650d   Thumb Code    14  handlers.o(i.__scatterload_copy)
    __scatterload_null                       0x0800651b   Thumb Code     2  handlers.o(i.__scatterload_null)
    __scatterload_zeroinit                   0x0800651d   Thumb Code    14  handlers.o(i.__scatterload_zeroinit)
    AHBPrescTable                            0x08006dde   Data          16  system_stm32f4xx.o(.rodata.AHBPrescTable)
    APBPrescTable                            0x08006dee   Data           8  system_stm32f4xx.o(.rodata.APBPrescTable)
    State_Initialize                         0x08006e60   Data          12  state_initialize.o(.rodata.State_Initialize)
    State_SolveMaze                          0x08006e6c   Data          12  state_solvemaze.o(.rodata.State_SolveMaze)
    Region$$Table$$Base                      0x08007448   Number         0  anon$$obj.o(Region$$Table)
    Region$$Table$$Limit                     0x08007468   Number         0  anon$$obj.o(Region$$Table)
    __stdout                                 0x20000000   Data           4  stdout.o(.data)
    SystemCoreClock                          0x20000010   Data           4  system_stm32f4xx.o(.data.SystemCoreClock)
    uwTickFreq                               0x20000055   Data           1  stm32f4xx_hal.o(.data.uwTickFreq)
    uwTickPrio                               0x20000058   Data           4  stm32f4xx_hal.o(.data.uwTickPrio)
    forward_profile                          0x2000027c   Data          36  motion_control.o(.bss.forward_profile)
    hadc1                                    0x200002a0   Data          72  adc.o(.bss.hadc1)
    htim1                                    0x200002e8   Data          72  encoder.o(.bss.htim1)
    htim12                                   0x20000330   Data          72  timer.o(.bss.htim12)
    htim2                                    0x20000378   Data          72  timer.o(.bss.htim2)
    htim3                                    0x200003c0   Data          72  encoder.o(.bss.htim3)
    htim5                                    0x20000408   Data          72  timer.o(.bss.htim5)
    htim9                                    0x20000450   Data          72  timer.o(.bss.htim9)
    huart6                                   0x20000498   Data          68  uart.o(.bss.huart6)
    maze                                     0x200004dc   Data        1089  floodfill.o(.bss.maze)
    motion_ctrl                              0x20000920   Data          36  motion_control.o(.bss.motion_ctrl)
    mouseMaze                                0x20000944   Data        1280  floodfill.o(.bss.mouseMaze)
    rotation_profile                         0x20000e48   Data          36  motion_control.o(.bss.rotation_profile)
    tim4                                     0x20000fbc   Data          72  motor_driver.o(.bss.tim4)
    uwTick                                   0x20001004   Data           4  stm32f4xx_hal.o(.bss.uwTick)
    __initial_sp                             0x2001d008   Data           0  startup_stm32f446xx.o(STACK)



==============================================================================

Memory Map of the image

  Image Entry point : 0x080001c5

  Load Region LR_IROM1 (Base: 0x08000000, Size: 0x000074c8, Max: 0x00080000, ABSOLUTE)

    Execution Region ER_IROM1 (Exec base: 0x08000000, Load base: 0x08000000, Size: 0x00007468, Max: 0x00080000, ABSOLUTE)

    Exec Addr    Load Addr    Size         Type   Attr      Idx    E Section Name        Object

    0x08000000   0x08000000   0x000001c4   Data   RO         1986    RESET               startup_stm32f446xx.o
    0x080001c4   0x080001c4   0x00000000   Code   RO         2019  * .ARM.Collect$$$$00000000  mc_w.l(entry.o)
    0x080001c4   0x080001c4   0x00000004   Code   RO         2086    .ARM.Collect$$$$00000001  mc_w.l(entry2.o)
    0x080001c8   0x080001c8   0x00000004   Code   RO         2089    .ARM.Collect$$$$00000004  mc_w.l(entry5.o)
    0x080001cc   0x080001cc   0x00000000   Code   RO         2091    .ARM.Collect$$$$00000008  mc_w.l(entry7b.o)
    0x080001cc   0x080001cc   0x00000000   Code   RO         2093    .ARM.Collect$$$$0000000A  mc_w.l(entry8b.o)
    0x080001cc   0x080001cc   0x00000008   Code   RO         2094    .ARM.Collect$$$$0000000B  mc_w.l(entry9a.o)
    0x080001d4   0x080001d4   0x00000000   Code   RO         2096    .ARM.Collect$$$$0000000D  mc_w.l(entry10a.o)
    0x080001d4   0x080001d4   0x00000000   Code   RO         2098    .ARM.Collect$$$$0000000F  mc_w.l(entry11a.o)
    0x080001d4   0x080001d4   0x00000004   Code   RO         2087    .ARM.Collect$$$$00002712  mc_w.l(entry2.o)
    0x080001d8   0x080001d8   0x00000024   Code   RO         1987    .text               startup_stm32f446xx.o
    0x080001fc   0x080001fc   0x00000062   Code   RO         2022    .text               mc_w.l(uldiv.o)
    0x0800025e   0x0800025e   0x00000024   Code   RO         2026    .text               mc_w.l(memseta.o)
    0x08000282   0x08000282   0x00000012   Code   RO         2028    .text               mc_w.l(strcpy.o)
    0x08000294   0x08000294   0x0000014e   Code   RO         2060    .text               mf_w.l(dadd.o)
    0x080003e2   0x080003e2   0x000000e4   Code   RO         2062    .text               mf_w.l(dmul.o)
    0x080004c6   0x080004c6   0x00000026   Code   RO         2068    .text               mf_w.l(f2d.o)
    0x080004ec   0x080004ec   0x00000038   Code   RO         2070    .text               mf_w.l(d2f.o)
    0x08000524   0x08000524   0x0000002c   Code   RO         2110    .text               mc_w.l(uidiv.o)
    0x08000550   0x08000550   0x0000001e   Code   RO         2112    .text               mc_w.l(llshl.o)
    0x0800056e   0x0800056e   0x00000020   Code   RO         2114    .text               mc_w.l(llushr.o)
    0x0800058e   0x0800058e   0x00000024   Code   RO         2116    .text               mc_w.l(llsshr.o)
    0x080005b2   0x080005b2   0x00000000   Code   RO         2125    .text               mc_w.l(iusefp.o)
    0x080005b2   0x080005b2   0x0000006e   Code   RO         2126    .text               mf_w.l(fepilogue.o)
    0x08000620   0x08000620   0x000000ba   Code   RO         2128    .text               mf_w.l(depilogue.o)
    0x080006da   0x080006da   0x000000de   Code   RO         2130    .text               mf_w.l(ddiv.o)
    0x080007b8   0x080007b8   0x00000030   Code   RO         2134    .text               mf_w.l(dfixul.o)
    0x080007e8   0x080007e8   0x00000030   Code   RO         2136    .text               mf_w.l(cdrcmple.o)
    0x08000818   0x08000818   0x00000030   Code   RO         2138    .text               mc_w.l(init.o)
    0x08000848   0x08000848   0x00000062   Code   RO          767    .text.ADC_Convert   adc.o
    0x080008aa   0x080008aa   0x00000002   PAD
    0x080008ac   0x080008ac   0x00000012   Code   RO          771    .text.ADC_Enable    adc.o
    0x080008be   0x080008be   0x00000002   PAD
    0x080008c0   0x080008c0   0x00000092   Code   RO          765    .text.ADC_Init      adc.o
    0x08000952   0x08000952   0x00000002   PAD
    0x08000954   0x08000954   0x0000018a   Code   RO          849    .text.ADC_Init      stm32f4xx_hal_adc.o
    0x08000ade   0x08000ade   0x00000002   PAD
    0x08000ae0   0x08000ae0   0x00000038   Code   RO          138    .text.BUTTON1_Pressed  board_button.o
    0x08000b18   0x08000b18   0x00000038   Code   RO          140    .text.BUTTON2_Pressed  board_button.o
    0x08000b50   0x08000b50   0x000000b2   Code   RO          136    .text.BUTTON_Init   board_button.o
    0x08000c02   0x08000c02   0x00000002   PAD
    0x08000c04   0x08000c04   0x000000ba   Code   RO          150    .text.Board_LED_Init  board_led.o
    0x08000cbe   0x08000cbe   0x00000002   PAD
    0x08000cc0   0x08000cc0   0x000000ca   Code   RO           50    .text.Clock_Config_84MHz_HSI  clock_config.o
    0x08000d8a   0x08000d8a   0x00000002   PAD
    0x08000d8c   0x08000d8c   0x00000008   Code   RO           48    .text.Clock_Config_BoardDefault  clock_config.o
    0x08000d94   0x08000d94   0x00000030   Code   RO           65    .text.Delay_ms      delay.o
    0x08000dc4   0x08000dc4   0x0000004a   Code   RO          120    .text.GPIO_Init_Uart  uart.o
    0x08000e0e   0x08000e0e   0x00000002   PAD
    0x08000e10   0x08000e10   0x00000058   Code   RO          183    .text.GPIO_Motor_Init  motor_driver.o
    0x08000e68   0x08000e68   0x00000238   Code   RO          889    .text.HAL_ADC_ConfigChannel  stm32f4xx_hal_adc.o
    0x080010a0   0x080010a0   0x0000000e   Code   RO          885    .text.HAL_ADC_GetValue  stm32f4xx_hal_adc.o
    0x080010ae   0x080010ae   0x00000002   PAD
    0x080010b0   0x080010b0   0x000000a8   Code   RO          845    .text.HAL_ADC_Init  stm32f4xx_hal_adc.o
    0x08001158   0x08001158   0x00000008   Code   RO          847    .text.HAL_ADC_MspInit  stm32f4xx_hal_adc.o
    0x08001160   0x08001160   0x0000012a   Code   RO          859    .text.HAL_ADC_PollForConversion  stm32f4xx_hal_adc.o
    0x0800128a   0x0800128a   0x00000002   PAD
    0x0800128c   0x0800128c   0x000001d4   Code   RO          855    .text.HAL_ADC_Start  stm32f4xx_hal_adc.o
    0x08001460   0x08001460   0x00000042   Code   RO          801    .text.HAL_Delay     stm32f4xx_hal.o
    0x080014a2   0x080014a2   0x00000002   PAD
    0x080014a4   0x080014a4   0x0000039a   Code   RO         1090    .text.HAL_GPIO_Init  stm32f4xx_hal_gpio.o
    0x0800183e   0x0800183e   0x00000002   PAD
    0x08001840   0x08001840   0x0000002e   Code   RO         1094    .text.HAL_GPIO_ReadPin  stm32f4xx_hal_gpio.o
    0x0800186e   0x0800186e   0x00000002   PAD
    0x08001870   0x08001870   0x0000002e   Code   RO         1096    .text.HAL_GPIO_WritePin  stm32f4xx_hal_gpio.o
    0x0800189e   0x0800189e   0x00000002   PAD
    0x080018a0   0x080018a0   0x0000000c   Code   RO          793    .text.HAL_GetTick   stm32f4xx_hal.o
    0x080018ac   0x080018ac   0x0000001a   Code   RO          791    .text.HAL_IncTick   stm32f4xx_hal.o
    0x080018c6   0x080018c6   0x00000002   PAD
    0x080018c8   0x080018c8   0x0000002e   Code   RO          781    .text.HAL_Init      stm32f4xx_hal.o
    0x080018f6   0x080018f6   0x00000002   PAD
    0x080018f8   0x080018f8   0x00000070   Code   RO          783    .text.HAL_InitTick  stm32f4xx_hal.o
    0x08001968   0x08001968   0x00000002   Code   RO          785    .text.HAL_MspInit   stm32f4xx_hal.o
    0x0800196a   0x0800196a   0x00000002   PAD
    0x0800196c   0x0800196c   0x00000014   Code   RO          953    .text.HAL_NVIC_EnableIRQ  stm32f4xx_hal_cortex.o
    0x08001980   0x08001980   0x00000032   Code   RO          945    .text.HAL_NVIC_SetPriority  stm32f4xx_hal_cortex.o
    0x080019b2   0x080019b2   0x00000002   PAD
    0x080019b4   0x080019b4   0x00000010   Code   RO          941    .text.HAL_NVIC_SetPriorityGrouping  stm32f4xx_hal_cortex.o
    0x080019c4   0x080019c4   0x00000262   Code   RO         1363    .text.HAL_RCC_ClockConfig  stm32f4xx_hal_rcc.o
    0x08001c26   0x08001c26   0x00000002   PAD
    0x08001c28   0x08001c28   0x0000000c   Code   RO         1373    .text.HAL_RCC_GetHCLKFreq  stm32f4xx_hal_rcc.o
    0x08001c34   0x08001c34   0x00000022   Code   RO         1375    .text.HAL_RCC_GetPCLK1Freq  stm32f4xx_hal_rcc.o
    0x08001c56   0x08001c56   0x00000002   PAD
    0x08001c58   0x08001c58   0x00000022   Code   RO         1377    .text.HAL_RCC_GetPCLK2Freq  stm32f4xx_hal_rcc.o
    0x08001c7a   0x08001c7a   0x00000002   PAD
    0x08001c7c   0x08001c7c   0x00000170   Code   RO         1410    .text.HAL_RCC_GetSysClockFreq  stm32f4xx_hal_rcc_ex.o
    0x08001dec   0x08001dec   0x00000726   Code   RO         1414    .text.HAL_RCC_OscConfig  stm32f4xx_hal_rcc_ex.o
    0x08002512   0x08002512   0x00000002   PAD
    0x08002514   0x08002514   0x00000010   Code   RO          965    .text.HAL_SYSTICK_Config  stm32f4xx_hal_cortex.o
    0x08002524   0x08002524   0x0000009c   Code   RO         1425    .text.HAL_TIM_Base_Init  stm32f4xx_hal_tim.o
    0x080025c0   0x080025c0   0x00000008   Code   RO         1427    .text.HAL_TIM_Base_MspInit  stm32f4xx_hal_tim.o
    0x080025c8   0x080025c8   0x000000f6   Code   RO         1439    .text.HAL_TIM_Base_Start_IT  stm32f4xx_hal_tim.o
    0x080026be   0x080026be   0x00000002   PAD
    0x080026c0   0x080026c0   0x00000052   Code   RO         1441    .text.HAL_TIM_Base_Stop_IT  stm32f4xx_hal_tim.o
    0x08002712   0x08002712   0x00000002   PAD
    0x08002714   0x08002714   0x00000130   Code   RO         1539    .text.HAL_TIM_Encoder_Init  stm32f4xx_hal_tim.o
    0x08002844   0x08002844   0x00000008   Code   RO         1541    .text.HAL_TIM_Encoder_MspInit  stm32f4xx_hal_tim.o
    0x0800284c   0x0800284c   0x0000014e   Code   RO         1547    .text.HAL_TIM_Encoder_Start  stm32f4xx_hal_tim.o
    0x0800299a   0x0800299a   0x00000002   PAD
    0x0800299c   0x0800299c   0x00000142   Code   RO         1591    .text.HAL_TIM_PWM_ConfigChannel  stm32f4xx_hal_tim.o
    0x08002ade   0x08002ade   0x00000002   PAD
    0x08002ae0   0x08002ae0   0x0000009c   Code   RO         1479    .text.HAL_TIM_PWM_Init  stm32f4xx_hal_tim.o
    0x08002b7c   0x08002b7c   0x00000008   Code   RO         1481    .text.HAL_TIM_PWM_MspInit  stm32f4xx_hal_tim.o
    0x08002b84   0x08002b84   0x000001ca   Code   RO         1487    .text.HAL_TIM_PWM_Start  stm32f4xx_hal_tim.o
    0x08002d4e   0x08002d4e   0x00000002   PAD
    0x08002d50   0x08002d50   0x0000009a   Code   RO         1761    .text.HAL_UART_Init  stm32f4xx_hal_uart.o
    0x08002dea   0x08002dea   0x00000002   PAD
    0x08002dec   0x08002dec   0x00000008   Code   RO         1763    .text.HAL_UART_MspInit  stm32f4xx_hal_uart.o
    0x08002df4   0x08002df4   0x0000008c   Code   RO          726    .text.IR_ApplyFilter  sensor_normalize.o
    0x08002e80   0x08002e80   0x00000088   Code   RO          732    .text.IR_AverageSensor  sensor_normalize.o
    0x08002f08   0x08002f08   0x0000005a   Code   RO          730    .text.IR_CalibrateReference  sensor_normalize.o
    0x08002f62   0x08002f62   0x00000002   PAD
    0x08002f64   0x08002f64   0x00000080   Code   RO          722    .text.IR_Init       sensor_normalize.o
    0x08002fe4   0x08002fe4   0x00000094   Code   RO          718    .text.IR_ReadHardware  sensor_normalize.o
    0x08003078   0x08003078   0x00000060   Code   RO          738    .text.IR_ReadScaled  sensor_normalize.o
    0x080030d8   0x080030d8   0x0000006e   Code   RO          724    .text.IR_Update     sensor_normalize.o
    0x08003146   0x08003146   0x00000002   PAD
    0x08003148   0x08003148   0x00000074   Code   RO          728    .text.IR_UpdateScaled  sensor_normalize.o
    0x080031bc   0x080031bc   0x00000242   Code   RO          558    .text.InitMaze      floodfill.o
    0x080033fe   0x080033fe   0x00000002   PAD
    0x08003400   0x08003400   0x0000014c   Code   RO          516    .text.InitMouseMaze  floodfill.o
    0x0800354c   0x0800354c   0x0000002c   Code   RO          381    .text.MotionController_CalcWallSteeringDps  motion_control.o
    0x08003578   0x08003578   0x00000020   Code   RO          325    .text.MotionController_Init  motion_control.o
    0x08003598   0x08003598   0x0000011c   Code   RO          345    .text.MotionController_LeftFeedForward  motion_control.o
    0x080036b4   0x080036b4   0x00000030   Code   RO          327    .text.MotionController_Reset  motion_control.o
    0x080036e4   0x080036e4   0x00000004   PAD
    0x080036e8   0x080036e8   0x0000011c   Code   RO          347    .text.MotionController_RightFeedForward  motion_control.o
    0x08003804   0x08003804   0x0000000c   Code   RO          329    .text.MotionController_SensorInit  motion_control.o
    0x08003810   0x08003810   0x0000001e   Code   RO          337    .text.MotionController_SetCommand  motion_control.o
    0x0800382e   0x0800382e   0x00000002   PAD
    0x08003830   0x08003830   0x00000140   Code   RO          339    .text.MotionController_Update  motion_control.o
    0x08003970   0x08003970   0x00000208   Code   RO          377    .text.Motion_CommandCurve  motion_control.o
    0x08003b78   0x08003b78   0x000000b8   Code   RO          379    .text.Motion_CommandCurveAngle  motion_control.o
    0x08003c30   0x08003c30   0x00000098   Code   RO          373    .text.Motion_CommandForward  motion_control.o
    0x08003cc8   0x08003cc8   0x00000060   Code   RO          317    .text.Motion_Init   motion_control.o
    0x08003d28   0x08003d28   0x0000002a   Code   RO          369    .text.Motion_Start  motion_control.o
    0x08003d52   0x08003d52   0x00000002   PAD
    0x08003d54   0x08003d54   0x000000bc   Code   RO          167    .text.Motor_Ctrl_Init  motor_driver.o
    0x08003e10   0x08003e10   0x000000d4   Code   RO          181    .text.Motor_Init    motor_driver.o
    0x08003ee4   0x08003ee4   0x00000026   Code   RO          171    .text.Motor_Left_Backwards  motor_driver.o
    0x08003f0a   0x08003f0a   0x00000002   PAD
    0x08003f0c   0x08003f0c   0x0000002c   Code   RO          173    .text.Motor_Left_Brake  motor_driver.o
    0x08003f38   0x08003f38   0x00000026   Code   RO          169    .text.Motor_Left_Forwards  motor_driver.o
    0x08003f5e   0x08003f5e   0x00000002   PAD
    0x08003f60   0x08003f60   0x0000006c   Code   RO          185    .text.Motor_Left_SetPWM  motor_driver.o
    0x08003fcc   0x08003fcc   0x00000026   Code   RO          177    .text.Motor_Right_Backwards  motor_driver.o
    0x08003ff2   0x08003ff2   0x00000002   PAD
    0x08003ff4   0x08003ff4   0x0000002c   Code   RO          179    .text.Motor_Right_Brake  motor_driver.o
    0x08004020   0x08004020   0x00000026   Code   RO          175    .text.Motor_Right_Forwards  motor_driver.o
    0x08004046   0x08004046   0x00000002   PAD
    0x08004048   0x08004048   0x0000006a   Code   RO          189    .text.Motor_Right_SetPWM  motor_driver.o
    0x080040b2   0x080040b2   0x00000002   PAD
    0x080040b4   0x080040b4   0x0000006c   Code   RO          951    .text.NVIC_EncodePriority  stm32f4xx_hal_cortex.o
    0x08004120   0x08004120   0x00000050   Code   RO          603    .text.Profile_GetBrakingDistance  profile.o
    0x08004170   0x08004170   0x00000020   Code   RO          609    .text.Profile_GetSpeed  profile.o
    0x08004190   0x08004190   0x00000028   Code   RO          605    .text.Profile_IsFinished  profile.o
    0x080041b8   0x080041b8   0x00000024   Code   RO          591    .text.Profile_Reset  profile.o
    0x080041dc   0x080041dc   0x0000001c   Code   RO          611    .text.Profile_SetSpeed  profile.o
    0x080041f8   0x080041f8   0x0000001c   Code   RO          613    .text.Profile_SetTargetSpeed  profile.o
    0x08004214   0x08004214   0x0000010e   Code   RO          593    .text.Profile_Start  profile.o
    0x08004322   0x08004322   0x00000002   PAD
    0x08004324   0x08004324   0x000001a8   Code   RO          601    .text.Profile_Update  profile.o
    0x080044cc   0x080044cc   0x0000012a   Code   RO          695    .text.Sensor_Init   sensor.o
    0x080045f6   0x080045f6   0x00000002   PAD
    0x080045f8   0x080045f8   0x000000c2   Code   RO          697    .text.Sensor_Read   sensor.o
    0x080046ba   0x080046ba   0x00000002   PAD
    0x080046bc   0x080046bc   0x0000008a   Code   RO          518    .text.SetOuterWalls  floodfill.o
    0x08004746   0x08004746   0x00000002   PAD
    0x08004748   0x08004748   0x00000038   Code   RO           40    .text.StateMachine_Run  statemachine.o
    0x08004780   0x08004780   0x0000007a   Code   RO           11    .text.State_Initialize_Enter  state_initialize.o
    0x080047fa   0x080047fa   0x00000002   PAD
    0x080047fc   0x080047fc   0x00000002   Code   RO           15    .text.State_Initialize_Exit  state_initialize.o
    0x080047fe   0x080047fe   0x00000002   PAD
    0x08004800   0x08004800   0x0000002e   Code   RO           13    .text.State_Initialize_Process  state_initialize.o
    0x0800482e   0x0800482e   0x00000002   PAD
    0x08004830   0x08004830   0x00000002   Code   RO           26    .text.State_SolveMaze_Enter  state_solvemaze.o
    0x08004832   0x08004832   0x00000002   PAD
    0x08004834   0x08004834   0x00000002   Code   RO           30    .text.State_SolveMaze_Exit  state_solvemaze.o
    0x08004836   0x08004836   0x00000002   PAD
    0x08004838   0x08004838   0x000001a4   Code   RO           28    .text.State_SolveMaze_Process  state_solvemaze.o
    0x080049dc   0x080049dc   0x00000052   Code   RO          967    .text.SysTick_Config  stm32f4xx_hal_cortex.o
    0x08004a2e   0x08004a2e   0x00000002   PAD
    0x08004a30   0x08004a30   0x0000000c   Code   RO           67    .text.SysTick_Get   delay.o
    0x08004a3c   0x08004a3c   0x00000016   Code   RO           59    .text.SysTick_Handler  delay.o
    0x08004a52   0x08004a52   0x00000002   PAD
    0x08004a54   0x08004a54   0x0000012e   Code   RO         1996    .text.SystemCoreClockUpdate  system_stm32f4xx.o
    0x08004b82   0x08004b82   0x00000002   PAD
    0x08004b84   0x08004b84   0x00000012   Code   RO         1994    .text.SystemInit    system_stm32f4xx.o
    0x08004b96   0x08004b96   0x00000002   PAD
    0x08004b98   0x08004b98   0x00000040   Code   RO          287    .text.TIM1_BRK_TIM9_IRQHandler  timer.o
    0x08004bd8   0x08004bd8   0x00000040   Code   RO          281    .text.TIM2_IRQHandler  timer.o
    0x08004c18   0x08004c18   0x00000040   Code   RO          285    .text.TIM5_IRQHandler  timer.o
    0x08004c58   0x08004c58   0x00000040   Code   RO          289    .text.TIM8_BRK_TIM12_IRQHandler  timer.o
    0x08004c98   0x08004c98   0x0000019a   Code   RO         1429    .text.TIM_Base_SetConfig  stm32f4xx_hal_tim.o
    0x08004e32   0x08004e32   0x00000002   PAD
    0x08004e34   0x08004e34   0x00000036   Code   RO         1463    .text.TIM_CCxChannelCmd  stm32f4xx_hal_tim.o
    0x08004e6a   0x08004e6a   0x00000002   PAD
    0x08004e6c   0x08004e6c   0x000000ea   Code   RO         1573    .text.TIM_OC1_SetConfig  stm32f4xx_hal_tim.o
    0x08004f56   0x08004f56   0x00000002   PAD
    0x08004f58   0x08004f58   0x000000f4   Code   RO         1575    .text.TIM_OC2_SetConfig  stm32f4xx_hal_tim.o
    0x0800504c   0x0800504c   0x000000f2   Code   RO         1577    .text.TIM_OC3_SetConfig  stm32f4xx_hal_tim.o
    0x0800513e   0x0800513e   0x00000002   PAD
    0x08005140   0x08005140   0x000000a4   Code   RO         1579    .text.TIM_OC4_SetConfig  stm32f4xx_hal_tim.o
    0x080051e4   0x080051e4   0x000000ac   Code   RO          299    .text.Timer_EnableClock  timer.o
    0x08005290   0x08005290   0x00000032   Code   RO          293    .text.Timer_GetContext  timer.o
    0x080052c2   0x080052c2   0x00000002   PAD
    0x080052c4   0x080052c4   0x00000052   Code   RO          295    .text.Timer_GetHandle  timer.o
    0x08005316   0x08005316   0x00000002   PAD
    0x08005318   0x08005318   0x00000042   Code   RO          297    .text.Timer_GetInputClockHz  timer.o
    0x0800535a   0x0800535a   0x00000002   PAD
    0x0800535c   0x0800535c   0x00000034   Code   RO          283    .text.Timer_ISR     timer.o
    0x08005390   0x08005390   0x000000fc   Code   RO          291    .text.Timer_Initialize  timer.o
    0x0800548c   0x0800548c   0x0000004c   Code   RO          301    .text.Timer_Start   timer.o
    0x080054d8   0x080054d8   0x0000003a   Code   RO          303    .text.Timer_Stop    timer.o
    0x08005512   0x08005512   0x00000002   PAD
    0x08005514   0x08005514   0x0000013a   Code   RO         1765    .text.UART_SetConfig  stm32f4xx_hal_uart.o
    0x0800564e   0x0800564e   0x00000002   PAD
    0x08005650   0x08005650   0x000000d6   Code   RO          118    .text.USART6_IRQHandler  uart.o
    0x08005726   0x08005726   0x00000002   PAD
    0x08005728   0x08005728   0x000000ae   Code   RO          108    .text.Uart6_Init    uart.o
    0x080057d6   0x080057d6   0x00000002   PAD
    0x080057d8   0x080057d8   0x0000005e   Code   RO          112    .text.Uart6_PutChar  uart.o
    0x08005836   0x08005836   0x00000002   PAD
    0x08005838   0x08005838   0x00000008   Code   RO          656    .text.WallFollowing_GetCorrectionDps  wall_following.o
    0x08005840   0x08005840   0x00000218   Code   RO          684    .text.WallFollowing_IR_GetCorrectionDps  wall_following_ir.o
    0x08005a58   0x08005a58   0x00000018   Code   RO          682    .text.WallFollowing_IR_Init  wall_following_ir.o
    0x08005a70   0x08005a70   0x00000008   Code   RO          654    .text.WallFollowing_Init  wall_following.o
    0x08005a78   0x08005a78   0x00000018   Code   RO          665    .text.WallSensors_IR_Init  wall_sensors_ir.o
    0x08005a90   0x08005a90   0x00000052   Code   RO          669    .text.WallSensors_IR_Read  wall_sensors_ir.o
    0x08005ae2   0x08005ae2   0x00000002   PAD
    0x08005ae4   0x08005ae4   0x00000008   Code   RO          667    .text.WallSensors_IR_Update  wall_sensors_ir.o
    0x08005aec   0x08005aec   0x00000088   Code   RO           89    .text.WritePrintfViaSingleBytes  bledebugger.o
    0x08005b74   0x08005b74   0x00000030   Code   RO          955    .text.__NVIC_EnableIRQ  stm32f4xx_hal_cortex.o
    0x08005ba4   0x08005ba4   0x00000010   Code   RO          947    .text.__NVIC_GetPriorityGrouping  stm32f4xx_hal_cortex.o
    0x08005bb4   0x08005bb4   0x00000042   Code   RO          949    .text.__NVIC_SetPriority  stm32f4xx_hal_cortex.o
    0x08005bf6   0x08005bf6   0x00000002   PAD
    0x08005bf8   0x08005bf8   0x0000003c   Code   RO          943    .text.__NVIC_SetPriorityGrouping  stm32f4xx_hal_cortex.o
    0x08005c34   0x08005c34   0x0000005a   Code   RO          323    .text.cb_update_combined  motion_control.o
    0x08005c8e   0x08005c8e   0x00000002   PAD
    0x08005c90   0x08005c90   0x00000044   Code   RO          319    .text.cb_update_forward  motion_control.o
    0x08005cd4   0x08005cd4   0x00000040   Code   RO          321    .text.cb_update_rotation  motion_control.o
    0x08005d14   0x08005d14   0x00000050   Code   RO          349    .text.clampf        motion_control.o
    0x08005d64   0x08005d64   0x0000000e   Code   RO          234    .text.encoder_get_forward_change_mm  encoder.o
    0x08005d72   0x08005d72   0x00000002   PAD
    0x08005d74   0x08005d74   0x0000001c   Code   RO          238    .text.encoder_get_rotation_change_deg  encoder.o
    0x08005d90   0x08005d90   0x00000076   Code   RO          202    .text.encoder_gpio_init  encoder.o
    0x08005e06   0x08005e06   0x00000002   PAD
    0x08005e08   0x08005e08   0x000000ca   Code   RO          200    .text.encoder_init  encoder.o
    0x08005ed2   0x08005ed2   0x00000002   PAD
    0x08005ed4   0x08005ed4   0x0000012a   Code   RO          204    .text.encoder_reset  encoder.o
    0x08005ffe   0x08005ffe   0x00000002   PAD
    0x08006000   0x08006000   0x00000048   Code   RO          206    .text.encoder_start  encoder.o
    0x08006048   0x08006048   0x000002e8   Code   RO          212    .text.encoder_update  encoder.o
    0x08006330   0x08006330   0x0000008c   Code   RO          341    .text.forward_controller  motion_control.o
    0x080063bc   0x080063bc   0x00000016   Code   RO           87    .text.fputc         bledebugger.o
    0x080063d2   0x080063d2   0x00000002   PAD
    0x080063d4   0x080063d4   0x00000046   Code   RO          187    .text.limitPWM      motor_driver.o
    0x0800641a   0x0800641a   0x00000002   PAD
    0x0800641c   0x0800641c   0x00000022   Code   RO            2    .text.main          main.o
    0x0800643e   0x0800643e   0x00000002   PAD
    0x08006440   0x08006440   0x000000ac   Code   RO          343    .text.rotation_controller  motion_control.o
    0x080064ec   0x080064ec   0x00000020   Code   RO         2033    i.__0printf         mc_w.l(printfa.o)
    0x0800650c   0x0800650c   0x0000000e   Code   RO         2142    i.__scatterload_copy  mc_w.l(handlers.o)
    0x0800651a   0x0800651a   0x00000002   Code   RO         2143    i.__scatterload_null  mc_w.l(handlers.o)
    0x0800651c   0x0800651c   0x0000000e   Code   RO         2144    i.__scatterload_zeroinit  mc_w.l(handlers.o)
    0x0800652a   0x0800652a   0x00000002   PAD
    0x0800652c   0x0800652c   0x00000184   Code   RO         2040    i._fp_digits        mc_w.l(printfa.o)
    0x080066b0   0x080066b0   0x000006dc   Code   RO         2041    i._printf_core      mc_w.l(printfa.o)
    0x08006d8c   0x08006d8c   0x00000024   Code   RO         2042    i._printf_post_padding  mc_w.l(printfa.o)
    0x08006db0   0x08006db0   0x0000002e   Code   RO         2043    i._printf_pre_padding  mc_w.l(printfa.o)
    0x08006dde   0x08006dde   0x00000010   Data   RO         1999    .rodata.AHBPrescTable  system_stm32f4xx.o
    0x08006dee   0x08006dee   0x00000008   Data   RO         2000    .rodata.APBPrescTable  system_stm32f4xx.o
    0x08006df6   0x08006df6   0x00000002   PAD
    0x08006df8   0x08006df8   0x00000010   Data   RO          142    .rodata.BUTTON_PIN  board_button.o
    0x08006e08   0x08006e08   0x00000006   Data   RO          158    .rodata.LED_PINS    board_led.o
    0x08006e0e   0x08006e0e   0x00000002   PAD
    0x08006e10   0x08006e10   0x00000020   Data   RO          191    .rodata.MOTOR_CTRL_PIN  motor_driver.o
    0x08006e30   0x08006e30   0x00000030   Data   RO          709    .rodata.SENSOR_PIN  sensor.o
    0x08006e60   0x08006e60   0x0000000c   Data   RO           17    .rodata.State_Initialize  state_initialize.o
    0x08006e6c   0x08006e6c   0x0000000c   Data   RO           32    .rodata.State_SolveMaze  state_solvemaze.o
    0x08006e78   0x08006e78   0x00000030   Data   RO          710    .rodata.VCC_SENSOR_PIN  sensor.o
    0x08006ea8   0x08006ea8   0x00000060   Data   RO          756    .rodata.s_cfg       sensor_normalize.o
    0x08006f08   0x08006f08   0x0000002f   Data   RO           18    .rodata.str1.1      state_initialize.o
    0x08006f37   0x08006f37   0x00000510   Data   RO          576    .rodata.str1.1      floodfill.o
    0x08007447   0x08007447   0x00000001   PAD
    0x08007448   0x08007448   0x00000020   Data   RO         2141    Region$$Table       anon$$obj.o


    Execution Region RW_IRAM1 (Exec base: 0x20000000, Load base: 0x08007468, Size: 0x0001d008, Max: 0x00020000, ABSOLUTE)

    Exec Addr    Load Addr    Size         Type   Attr      Idx    E Section Name        Object

    0x20000000   0x08007468   0x00000004   Data   RW         2100    .data               mc_w.l(stdout.o)
    0x20000004   0x0800746c   0x0000000c   Data   RW          159    .data.LED_PORTS     board_led.o
    0x20000010   0x08007478   0x00000004   Data   RW         1998    .data.SystemCoreClock  system_stm32f4xx.o
    0x20000014   0x0800747c   0x00000040   Data   RW          309    .data.Timer_Context  timer.o
    0x20000054   0x080074bc   0x00000001   Data   RW          388    .data.WALL_STEER_ENABLE  motion_control.o
    0x20000055   0x080074bd   0x00000001   Data   RW          836    .data.uwTickFreq    stm32f4xx_hal.o
    0x20000056   0x080074be   0x00000002   PAD
    0x20000058   0x080074c0   0x00000004   Data   RW          835    .data.uwTickPrio    stm32f4xx_hal.o
    0x2000005c   0x080074c4   0x00000004   PAD
    0x20000060        -       0x00000004   Zero   RW          100    .bss.LastPrintfCMD  bledebugger.o
    0x20000064        -       0x00000004   Zero   RW           99    .bss.LastUartMsgTS  bledebugger.o
    0x20000068        -       0x00000001   Zero   RW           97    .bss.Protocol_IsPrintfCMD  bledebugger.o
    0x20000069        -       0x00000100   Zero   RW          128    .bss.UART_RxBuf     uart.o
    0x20000169   0x080074c4   0x00000003   PAD
    0x2000016c        -       0x00000004   Zero   RW          123    .bss.UART_RxHead    uart.o
    0x20000170        -       0x00000004   Zero   RW          124    .bss.UART_RxTail    uart.o
    0x20000174        -       0x00000100   Zero   RW          127    .bss.UART_TxBuf     uart.o
    0x20000274        -       0x00000004   Zero   RW          125    .bss.UART_TxHead    uart.o
    0x20000278        -       0x00000004   Zero   RW          126    .bss.UART_TxTail    uart.o
    0x2000027c        -       0x00000024   Zero   RW          386    .bss.forward_profile  motion_control.o
    0x200002a0        -       0x00000048   Zero   RW          773    .bss.hadc1          adc.o
    0x200002e8        -       0x00000048   Zero   RW          251    .bss.htim1          encoder.o
    0x20000330        -       0x00000048   Zero   RW          308    .bss.htim12         timer.o
    0x20000378        -       0x00000048   Zero   RW          305    .bss.htim2          timer.o
    0x200003c0        -       0x00000048   Zero   RW          250    .bss.htim3          encoder.o
    0x20000408        -       0x00000048   Zero   RW          306    .bss.htim5          timer.o
    0x20000450        -       0x00000048   Zero   RW          307    .bss.htim9          timer.o
    0x20000498        -       0x00000044   Zero   RW          122    .bss.huart6         uart.o
    0x200004dc        -       0x00000441   Zero   RW          579    .bss.maze           floodfill.o
    0x2000091d   0x080074c4   0x00000003   PAD
    0x20000920        -       0x00000024   Zero   RW          383    .bss.motion_ctrl    motion_control.o
    0x20000944        -       0x00000500   Zero   RW          578    .bss.mouseMaze      floodfill.o
    0x20000e44        -       0x00000004   Zero   RW           71    .bss.msTicks        delay.o
    0x20000e48        -       0x00000024   Zero   RW          387    .bss.rotation_profile  motion_control.o
    0x20000e6c        -       0x00000004   Zero   RW          265    .bss.s_angle_rad    encoder.o
    0x20000e70        -       0x00000002   Zero   RW          256    .bss.s_delta_counts_left  encoder.o
    0x20000e72        -       0x00000002   Zero   RW          257    .bss.s_delta_counts_right  encoder.o
    0x20000e74        -       0x00000004   Zero   RW          264    .bss.s_distance_mm  encoder.o
    0x20000e78        -       0x00000004   Zero   RW          686    .bss.s_error_filt   wall_following_ir.o
    0x20000e7c        -       0x00000004   Zero   RW          687    .bss.s_error_prev   wall_following_ir.o
    0x20000e80        -       0x00000004   Zero   RW          262    .bss.s_forward_change_mm  encoder.o
    0x20000e84        -       0x00000001   Zero   RW          270    .bss.s_hist_index   encoder.o
    0x20000e85   0x080074c4   0x00000001   PAD
    0x20000e86        -       0x00000028   Zero   RW          272    .bss.s_hist_left    encoder.o
    0x20000eae        -       0x00000028   Zero   RW          273    .bss.s_hist_right   encoder.o
    0x20000ed6   0x080074c4   0x00000002   PAD
    0x20000ed8        -       0x000000a8   Zero   RW          757    .bss.s_ir           sensor_normalize.o
    0x20000f80        -       0x00000002   Zero   RW          252    .bss.s_last_hw_count_left  encoder.o
    0x20000f82        -       0x00000002   Zero   RW          253    .bss.s_last_hw_count_right  encoder.o
    0x20000f84        -       0x00000004   Zero   RW          258    .bss.s_left_mm      encoder.o
    0x20000f88        -       0x00000004   Zero   RW          260    .bss.s_left_speed_mms  encoder.o
    0x20000f8c        -       0x00000004   Zero   RW          384    .bss.s_prev_left_speed_ref_mms  motion_control.o
    0x20000f90        -       0x00000004   Zero   RW          385    .bss.s_prev_right_speed_ref_mms  motion_control.o
    0x20000f94        -       0x00000004   Zero   RW          259    .bss.s_right_mm     encoder.o
    0x20000f98        -       0x00000004   Zero   RW          261    .bss.s_right_speed_mms  encoder.o
    0x20000f9c        -       0x00000004   Zero   RW          263    .bss.s_rotation_change_rad  encoder.o
    0x20000fa0        -       0x00000004   Zero   RW          267    .bss.s_segment_angle_rad  encoder.o
    0x20000fa4        -       0x00000004   Zero   RW          266    .bss.s_segment_distance_mm  encoder.o
    0x20000fa8        -       0x00000004   Zero   RW          268    .bss.s_sum_left     encoder.o
    0x20000fac        -       0x00000004   Zero   RW          269    .bss.s_sum_right    encoder.o
    0x20000fb0        -       0x00000004   Zero   RW          254    .bss.s_total_counts_left  encoder.o
    0x20000fb4        -       0x00000004   Zero   RW          255    .bss.s_total_counts_right  encoder.o
    0x20000fb8        -       0x00000004   Zero   RW          271    .bss.s_yaw_rate_rads  encoder.o
    0x20000fbc        -       0x00000048   Zero   RW          192    .bss.tim4           motor_driver.o
    0x20001004        -       0x00000004   Zero   RW          837    .bss.uwTick         stm32f4xx_hal.o
    0x20001008        -       0x0001c000   Zero   RW         1984    STACK               startup_stm32f446xx.o


==============================================================================

Image component sizes


      Code (inc. data)   RO Data    RW Data    ZI Data      Debug   Object Name

       262          0          0          0         72       5051   adc.o
       158          0          0          0          9       2966   bledebugger.o
       290          0         16          0          0       3008   board_button.o
       186          0          6         12          0       2981   board_led.o
       210          0          0          0          0       2944   clock_config.o
        82          0          0          0          4       4871   delay.o
      1476         16          0          0        293       9604   encoder.o
      1048          0       1296          0       2369      17973   floodfill.o
        34          0          0          0          0        779   main.o
      2662        124          0          1        116       8707   motion_control.o
      1012          0         32          0         72       7255   motor_driver.o
       938          4          0          0          0       4001   profile.o
       492          6         96          0          0       7029   sensor.o
       964          4         96          0        168       4812   sensor_normalize.o
        36          8        452          0     114688        964   startup_stm32f446xx.o
       170          0         59          0          0       1445   state_initialize.o
       424         44         12          0          0       1355   state_solvemaze.o
        56          0          0          0          0        886   statemachine.o
       264          0          0          5          4       7689   stm32f4xx_hal.o
      1918          0          0          0          0      10460   stm32f4xx_hal_adc.o
       482          0          0          0          0      10014   stm32f4xx_hal_cortex.o
      1014          0          0          0          0       5535   stm32f4xx_hal_gpio.o
       690          0          0          0          0       8043   stm32f4xx_hal_rcc.o
      2198         14          0          0          0      11379   stm32f4xx_hal_rcc_ex.o
      3430         14          0          0          0      36266   stm32f4xx_hal_tim.o
       476          0          0          0          0      20570   stm32f4xx_hal_uart.o
       320          0         24          4          0       2931   system_stm32f4xx.o
      1064          8          0         64        288       9440   timer.o
       556          0          0          0        596       8057   uart.o
        16          0          0          0          0        613   wall_following.o
       560         24          0          0          8       1484   wall_following_ir.o
       114          0          0          0          0       1677   wall_sensors_ir.o

    ----------------------------------------------------------------------
     23752        266       2126         88     118700     220789   Object Totals
         0          0         32          0          0          0   (incl. Generated)
       154          0          5          2         13          0   (incl. Padding)

    ----------------------------------------------------------------------

      Code (inc. data)   RO Data    RW Data    ZI Data      Debug   Library Member Name

         0          0          0          0          0          0   entry.o
         0          0          0          0          0          0   entry10a.o
         0          0          0          0          0          0   entry11a.o
         8          4          0          0          0          0   entry2.o
         4          0          0          0          0          0   entry5.o
         0          0          0          0          0          0   entry7b.o
         0          0          0          0          0          0   entry8b.o
         8          4          0          0          0          0   entry9a.o
        30          0          0          0          0          0   handlers.o
        48         10          0          0          0         68   init.o
         0          0          0          0          0          0   iusefp.o
        30          0          0          0          0         68   llshl.o
        36          0          0          0          0         68   llsshr.o
        32          0          0          0          0         68   llushr.o
        36          0          0          0          0        108   memseta.o
      2258         90          0          0          0        452   printfa.o
         0          0          0          4          0          0   stdout.o
        18          0          0          0          0         68   strcpy.o
        44          0          0          0          0         80   uidiv.o
        98          0          0          0          0         92   uldiv.o
        48          0          0          0          0         68   cdrcmple.o
        56          0          0          0          0         88   d2f.o
       334          0          0          0          0        148   dadd.o
       222          0          0          0          0        100   ddiv.o
       186          0          0          0          0        176   depilogue.o
        48          0          0          0          0         68   dfixul.o
       228          0          0          0          0         96   dmul.o
        38          0          0          0          0         68   f2d.o
       110          0          0          0          0        168   fepilogue.o

    ----------------------------------------------------------------------
      3922        108          0          4          0       2052   Library Totals
         2          0          0          0          0          0   (incl. Padding)

    ----------------------------------------------------------------------

      Code (inc. data)   RO Data    RW Data    ZI Data      Debug   Library Name

      2650        108          0          4          0       1072   mc_w.l
      1270          0          0          0          0        980   mf_w.l

    ----------------------------------------------------------------------
      3922        108          0          4          0       2052   Library Totals

    ----------------------------------------------------------------------

==============================================================================


      Code (inc. data)   RO Data    RW Data    ZI Data      Debug   

     27674        374       2126         92     118700     221457   Grand Totals
     27674        374       2126         92     118700     221457   ELF Image Totals
     27674        374       2126         92          0          0   ROM Totals

==============================================================================

    Total RO  Size (Code + RO Data)                29800 (  29.10kB)
    Total RW  Size (RW Data + ZI Data)            118792 ( 116.01kB)
    Total ROM Size (Code + RO Data + RW Data)      29892 (  29.19kB)

==============================================================================

