Component: Arm Compiler for Embedded 6.24 Tool: armlink [5f371500]

==============================================================================

Section Cross References

    main.o(.text.main) refers to statemachine.o(.text.StateMachine_Run) for StateMachine_Run
    main.o(.text.main) refers to state_initialize.o(.rodata.State_Initialize) for State_Initialize
    main.o(.ARM.exidx.text.main) refers to main.o(.text.main) for [Anonymous Symbol]
    state_initialize.o(.text.State_Initialize_Enter) refers to stm32f4xx_hal.o(.text.HAL_Init) for HAL_Init
    state_initialize.o(.text.State_Initialize_Enter) refers to clock_config.o(.text.Clock_Config_Max_HSI) for Clock_Config_Max_HSI
    state_initialize.o(.text.State_Initialize_Enter) refers to timeoflight.o(.text.HAL_I2C_MspInit) for HAL_I2C_MspInit
    state_initialize.o(.text.State_Initialize_Enter) refers to timeoflight.o(.text.MX_I2C2_Init) for MX_I2C2_Init
    state_initialize.o(.text.State_Initialize_Enter) refers to timeoflight.o(.text.VL6180X_InitAll) for VL6180X_InitAll
    state_initialize.o(.text.State_Initialize_Enter) refers to timeoflight.o(.text.VL6180X_StartContinuousAt) for VL6180X_StartContinuousAt
    state_initialize.o(.text.State_Initialize_Enter) refers to board_button.o(.text.BUTTON_Init) for BUTTON_Init
    state_initialize.o(.text.State_Initialize_Enter) refers to board_led.o(.text.Board_LED_Init) for Board_LED_Init
    state_initialize.o(.text.State_Initialize_Enter) refers to uart.o(.text.Uart6_Init) for Uart6_Init
    state_initialize.o(.text.State_Initialize_Enter) refers to motor_driver.o(.text.Motor_Init) for Motor_Init
    state_initialize.o(.text.State_Initialize_Enter) refers to encoder.o(.text.encoder_init) for encoder_init
    state_initialize.o(.text.State_Initialize_Enter) refers to encoder.o(.text.encoder_start) for encoder_start
    state_initialize.o(.text.State_Initialize_Enter) refers to motion_control.o(.text.MotionController_Init) for MotionController_Init
    state_initialize.o(.text.State_Initialize_Enter) refers to motion_control.o(.text.MotionController_Reset) for MotionController_Reset
    state_initialize.o(.text.State_Initialize_Enter) refers to motion_control.o(.text.Motion_Init) for Motion_Init
    state_initialize.o(.text.State_Initialize_Enter) refers to floodfill.o(.text.InitMouseMaze) for InitMouseMaze
    state_initialize.o(.text.State_Initialize_Enter) refers to floodfill.o(.text.InitMaze) for InitMaze
    state_initialize.o(.text.State_Initialize_Enter) refers to wall_sensors_45.o(.text.WallSensors45_Init) for WallSensors45_Init
    state_initialize.o(.text.State_Initialize_Enter) refers to puts.o(i.puts) for puts
    state_initialize.o(.text.State_Initialize_Enter) refers to stm32f4xx_hal_i2c.o(.text.HAL_I2C_IsDeviceReady) for HAL_I2C_IsDeviceReady
    state_initialize.o(.text.State_Initialize_Enter) refers to printfa.o(i.__0printf) for __2printf
    state_initialize.o(.text.State_Initialize_Enter) refers to timeoflight.o(.bss.hi2c2) for hi2c2
    state_initialize.o(.text.State_Initialize_Enter) refers to timeoflight.o(.rodata.tof_sensor_addr) for tof_sensor_addr
    state_initialize.o(.text.State_Initialize_Enter) refers to floodfill.o(.bss.mouseMaze) for mouseMaze
    state_initialize.o(.text.State_Initialize_Enter) refers to floodfill.o(.bss.maze) for maze
    state_initialize.o(.text.State_Initialize_Enter) refers to state_initialize.o(.rodata.str1.1) for [Anonymous Symbol]
    state_initialize.o(.text.State_Initialize_Enter) refers to system_stm32f4xx.o(.data.SystemCoreClock) for SystemCoreClock
    state_initialize.o(.text.State_Initialize_Enter) refers to opt3101.o(.text.opt_read24) for opt_read24
    state_initialize.o(.ARM.exidx.text.State_Initialize_Enter) refers to state_initialize.o(.text.State_Initialize_Enter) for [Anonymous Symbol]
    state_initialize.o(.text.State_Initialize_Process) refers to board_button.o(.text.BUTTON2_Pressed) for BUTTON2_Pressed
    state_initialize.o(.text.State_Initialize_Process) refers to state_solvemaze.o(.rodata.State_SolveMaze) for State_SolveMaze
    state_initialize.o(.text.State_Initialize_Process) refers to state_initialize.o(.rodata.State_Initialize) for State_Initialize
    state_initialize.o(.ARM.exidx.text.State_Initialize_Process) refers to state_initialize.o(.text.State_Initialize_Process) for [Anonymous Symbol]
    state_initialize.o(.ARM.exidx.text.State_Initialize_Exit) refers to state_initialize.o(.text.State_Initialize_Exit) for [Anonymous Symbol]
    state_initialize.o(.rodata.State_Initialize) refers to state_initialize.o(.text.State_Initialize_Enter) for State_Initialize_Enter
    state_initialize.o(.rodata.State_Initialize) refers to state_initialize.o(.text.State_Initialize_Process) for State_Initialize_Process
    state_initialize.o(.rodata.State_Initialize) refers to state_initialize.o(.text.State_Initialize_Exit) for State_Initialize_Exit
[...]
    LastPrintfCMD                            0x20000068   Data           4  bledebugger.o(.bss..L_MergedGlobals)
    UART_RxHead                              0x2000006c   Data           4  uart.o(.bss..L_MergedGlobals)
    [Anonymous Symbol]                       0x2000006c   Section        0  uart.o(.bss..L_MergedGlobals)
    UART_RxTail                              0x20000070   Data           4  uart.o(.bss..L_MergedGlobals)
    UART_TxHead                              0x20000074   Data           4  uart.o(.bss..L_MergedGlobals)
    UART_TxTail                              0x20000078   Data           4  uart.o(.bss..L_MergedGlobals)
    s_hist_index                             0x200000c0   Data           1  encoder.o(.bss..L_MergedGlobals)
    [Anonymous Symbol]                       0x200000c0   Section        0  encoder.o(.bss..L_MergedGlobals)
    s_last_hw_count_left                     0x200000c2   Data           2  encoder.o(.bss..L_MergedGlobals)
    s_last_hw_count_right                    0x200000c4   Data           2  encoder.o(.bss..L_MergedGlobals)
    s_delta_counts_left                      0x200000c6   Data           2  encoder.o(.bss..L_MergedGlobals)
    s_delta_counts_right                     0x200000c8   Data           2  encoder.o(.bss..L_MergedGlobals)
    s_total_counts_left                      0x200000cc   Data           4  encoder.o(.bss..L_MergedGlobals)
    s_total_counts_right                     0x200000d0   Data           4  encoder.o(.bss..L_MergedGlobals)
    s_left_mm                                0x200000d4   Data           4  encoder.o(.bss..L_MergedGlobals)
    s_right_mm                               0x200000d8   Data           4  encoder.o(.bss..L_MergedGlobals)
    s_left_speed_mms                         0x200000dc   Data           4  encoder.o(.bss..L_MergedGlobals)
    s_right_speed_mms                        0x200000e0   Data           4  encoder.o(.bss..L_MergedGlobals)
    s_forward_change_mm                      0x200000e4   Data           4  encoder.o(.bss..L_MergedGlobals)
    s_rotation_change_rad                    0x200000e8   Data           4  encoder.o(.bss..L_MergedGlobals)
    s_distance_mm                            0x200000ec   Data           4  encoder.o(.bss..L_MergedGlobals)
    s_angle_rad                              0x200000f0   Data           4  encoder.o(.bss..L_MergedGlobals)
    s_segment_distance_mm                    0x200000f4   Data           4  encoder.o(.bss..L_MergedGlobals)
    s_segment_angle_rad                      0x200000f8   Data           4  encoder.o(.bss..L_MergedGlobals)
    s_sum_left                               0x200000fc   Data           4  encoder.o(.bss..L_MergedGlobals)
    s_sum_right                              0x20000100   Data           4  encoder.o(.bss..L_MergedGlobals)
    s_yaw_rate_rads                          0x20000104   Data           4  encoder.o(.bss..L_MergedGlobals)
    s_hist_left                              0x20000108   Data          40  encoder.o(.bss..L_MergedGlobals)
    s_hist_right                             0x20000130   Data          40  encoder.o(.bss..L_MergedGlobals.1)
    [Anonymous Symbol]                       0x20000130   Section        0  encoder.o(.bss..L_MergedGlobals.1)
    s_tof_divider                            0x200001a0   Data           1  motion_control.o(.bss..L_MergedGlobals.7)
    [Anonymous Symbol]                       0x200001a0   Section        0  motion_control.o(.bss..L_MergedGlobals.7)
    s_prev_left_speed_ref_mms                0x200001a4   Data           4  motion_control.o(.bss..L_MergedGlobals.7)
    s_prev_right_speed_ref_mms               0x200001a8   Data           4  motion_control.o(.bss..L_MergedGlobals.7)
    s_debug_rm_updates                       0x200001ac   Data           4  motion_control.o(.bss..L_MergedGlobals.7)
    s_debug_lm_updates                       0x200001b0   Data           4  motion_control.o(.bss..L_MergedGlobals.7)
    s_update_freq_last_tick                  0x200001b4   Data           4  motion_control.o(.bss..L_MergedGlobals.7)
    s_debug_rm_hz                            0x200001b8   Data           4  motion_control.o(.bss..L_MergedGlobals.7)
    s_debug_lm_hz                            0x200001bc   Data           4  motion_control.o(.bss..L_MergedGlobals.7)
    s_wall_error_prev                        0x200001c0   Data           4  motion_control.o(.bss..L_MergedGlobals.7)
    s_wall_error_filt                        0x200001c4   Data           4  motion_control.o(.bss..L_MergedGlobals.7)
    s_debug_wall_error                       0x200001c8   Data           4  motion_control.o(.bss..L_MergedGlobals.7)
    s_debug_steering_dps                     0x200001cc   Data           4  motion_control.o(.bss..L_MergedGlobals.7)
    DebugBuffer                              0x20000218   Data         250  bledebugger.o(.bss.DebugBuffer)
    [Anonymous Symbol]                       0x20000218   Section        0  bledebugger.o(.bss.DebugBuffer)
    UART_RxBuf                               0x20000312   Data         256  uart.o(.bss.UART_RxBuf)
    [Anonymous Symbol]                       0x20000312   Section        0  uart.o(.bss.UART_RxBuf)
    UART_TxBuf                               0x20000412   Data         256  uart.o(.bss.UART_TxBuf)
    [Anonymous Symbol]                       0x20000412   Section        0  uart.o(.bss.UART_TxBuf)
    msTicks                                  0x20001014   Data           4  delay.o(.bss.msTicks)
    [Anonymous Symbol]                       0x20001014   Section        0  delay.o(.bss.msTicks)
    STACK                                    0x20001088   Section    114688  startup_stm32f446xx.o(STACK)

    Global Symbols

    Symbol Name                              Value     Ov Type        Size  Object(Section)

    BuildAttributes$$THM_ISAv4$E$P$D$K$B$S$7EM$VFPi3$EXTD16$VFPS$VFMA$PE$A:L22UL41UL21$X:L11$S22US41US21$IEEE1$IW$~IW$USESV6$~STKCKD$USESV7$~SHL$OTIME$ROPI$IEEEX$EBA8$MICROLIB$REQ8$PRES8$EABIv2 0x00000000   Number         0  anon$$obj.o ABSOLUTE
    __use_no_errno                           0x00000000   Number         0  useno.o ABSOLUTE
    __use_no_exception_handling              0x00000000   Number         0  useno.o ABSOLUTE
    __use_no_fp                              0x00000000   Number         0  useno.o ABSOLUTE
    __use_no_heap                            0x00000000   Number         0  useno.o ABSOLUTE
    __use_no_heap_region                     0x00000000   Number         0  useno.o ABSOLUTE
    __use_no_semihosting                     0x00000000   Number         0  useno.o ABSOLUTE
    __use_no_semihosting_swi                 0x00000000   Number         0  useno.o ABSOLUTE
    __use_no_signal_handling                 0x00000000   Number         0  useno.o ABSOLUTE
    _printf_a                                0x00000000   Number         0  printfstubs.o ABSOLUTE
    _printf_c                                0x00000000   Number         0  printfstubs.o ABSOLUTE
    _printf_charcount                        0x00000000   Number         0  printfstubs.o ABSOLUTE
    _printf_d                                0x00000000   Number         0  printfstubs.o ABSOLUTE
    _printf_e                                0x00000000   Number         0  printfstubs.o ABSOLUTE
    _printf_f                                0x00000000   Number         0  printfstubs.o ABSOLUTE
    _printf_flags                            0x00000000   Number         0  printfstubs.o ABSOLUTE
    _printf_fp_dec                           0x00000000   Number         0  printfstubs.o ABSOLUTE
    _printf_fp_hex                           0x00000000   Number         0  printfstubs.o ABSOLUTE
    _printf_g                                0x00000000   Number         0  printfstubs.o ABSOLUTE
    _printf_i                                0x00000000   Number         0  printfstubs.o ABSOLUTE
    _printf_int_dec                          0x00000000   Number         0  printfstubs.o ABSOLUTE
    _printf_l                                0x00000000   Number         0  printfstubs.o ABSOLUTE
    _printf_lc                               0x00000000   Number         0  printfstubs.o ABSOLUTE
    _printf_ll                               0x00000000   Number         0  printfstubs.o ABSOLUTE
    _printf_lld                              0x00000000   Number         0  printfstubs.o ABSOLUTE
    _printf_lli                              0x00000000   Number         0  printfstubs.o ABSOLUTE
    _printf_llo                              0x00000000   Number         0  printfstubs.o ABSOLUTE
    _printf_llu                              0x00000000   Number         0  printfstubs.o ABSOLUTE
    _printf_llx                              0x00000000   Number         0  printfstubs.o ABSOLUTE
    _printf_longlong_dec                     0x00000000   Number         0  printfstubs.o ABSOLUTE
    _printf_longlong_hex                     0x00000000   Number         0  printfstubs.o ABSOLUTE
    _printf_longlong_oct                     0x00000000   Number         0  printfstubs.o ABSOLUTE
    _printf_ls                               0x00000000   Number         0  printfstubs.o ABSOLUTE
    _printf_mbtowc                           0x00000000   Number         0  printfstubs.o ABSOLUTE
    _printf_n                                0x00000000   Number         0  printfstubs.o ABSOLUTE
    _printf_o                                0x00000000   Number         0  printfstubs.o ABSOLUTE
    _printf_p                                0x00000000   Number         0  printfstubs.o ABSOLUTE
    _printf_percent                          0x00000000   Number         0  printfstubs.o ABSOLUTE
    _printf_pre_padding                      0x00000000   Number         0  printfstubs.o ABSOLUTE
    _printf_return_value                     0x00000000   Number         0  printfstubs.o ABSOLUTE
    _printf_s                                0x00000000   Number         0  printfstubs.o ABSOLUTE
    _printf_sizespec                         0x00000000   Number         0  printfstubs.o ABSOLUTE
    _printf_str                              0x00000000   Number         0  printfstubs.o ABSOLUTE
    _printf_truncate_signed                  0x00000000   Number         0  printfstubs.o ABSOLUTE
    _printf_truncate_unsigned                0x00000000   Number         0  printfstubs.o ABSOLUTE
    _printf_u                                0x00000000   Number         0  printfstubs.o ABSOLUTE
    _printf_wc                               0x00000000   Number         0  printfstubs.o ABSOLUTE
    _printf_wctomb                           0x00000000   Number         0  printfstubs.o ABSOLUTE
    _printf_widthprec                        0x00000000   Number         0  printfstubs.o ABSOLUTE
    _printf_x                                0x00000000   Number         0  printfstubs.o ABSOLUTE
    __cpp_initialize__aeabi_                  - Undefined Weak Reference
    __cxa_finalize                            - Undefined Weak Reference
    __decompress                              - Undefined Weak Reference
    _clock_init                               - Undefined Weak Reference
    _microlib_exit                            - Undefined Weak Reference
    __Vectors_Size                           0x000001c4   Number         0  startup_stm32f446xx.o ABSOLUTE
    __Vectors                                0x08000000   Data           4  startup_stm32f446xx.o(RESET)
    __Vectors_End                            0x080001c4   Data           0  startup_stm32f446xx.o(RESET)
    __main                                   0x080001c5   Thumb Code     0  entry.o(.ARM.Collect$$$$00000000)
    _main_stk                                0x080001c5   Thumb Code     0  entry2.o(.ARM.Collect$$$$00000001)
    _main_scatterload                        0x080001c9   Thumb Code     0  entry5.o(.ARM.Collect$$$$00000004)
    __main_after_scatterload                 0x080001cd   Thumb Code     0  entry5.o(.ARM.Collect$$$$00000004)
    _main_clock                              0x080001cd   Thumb Code     0  entry7b.o(.ARM.Collect$$$$00000008)
    _main_cpp_init                           0x080001cd   Thumb Code     0  entry8b.o(.ARM.Collect$$$$0000000A)
    _main_init                               0x080001cd   Thumb Code     0  entry9a.o(.ARM.Collect$$$$0000000B)
    __rt_final_cpp                           0x080001d5   Thumb Code     0  entry10a.o(.ARM.Collect$$$$0000000D)
    __rt_final_exit                          0x080001d5   Thumb Code     0  entry11a.o(.ARM.Collect$$$$0000000F)
    Reset_Handler                            0x080001d9   Thumb Code     8  startup_stm32f446xx.o(.text)
    NMI_Handler                              0x080001e1   Thumb Code     2  startup_stm32f446xx.o(.text)
    HardFault_Handler                        0x080001e3   Thumb Code     2  startup_stm32f446xx.o(.text)
    MemManage_Handler                        0x080001e5   Thumb Code     2  startup_stm32f446xx.o(.text)
    BusFault_Handler                         0x080001e7   Thumb Code     2  startup_stm32f446xx.o(.text)
    UsageFault_Handler                       0x080001e9   Thumb Code     2  startup_stm32f446xx.o(.text)
    SVC_Handler                              0x080001eb   Thumb Code     2  startup_stm32f446xx.o(.text)
    DebugMon_Handler                         0x080001ed   Thumb Code     2  startup_stm32f446xx.o(.text)
    PendSV_Handler                           0x080001ef   Thumb Code     2  startup_stm32f446xx.o(.text)
    ADC_IRQHandler                           0x080001f3   Thumb Code     0  startup_stm32f446xx.o(.text)
    CAN1_RX0_IRQHandler                      0x080001f3   Thumb Code     0  startup_stm32f446xx.o(.text)
    CAN1_RX1_IRQHandler                      0x080001f3   Thumb Code     0  startup_stm32f446xx.o(.text)
    CAN1_SCE_IRQHandler                      0x080001f3   Thumb Code     0  startup_stm32f446xx.o(.text)
    CAN1_TX_IRQHandler                       0x080001f3   Thumb Code     0  startup_stm32f446xx.o(.text)
    CAN2_RX0_IRQHandler                      0x080001f3   Thumb Code     0  startup_stm32f446xx.o(.text)
    CAN2_RX1_IRQHandler                      0x080001f3   Thumb Code     0  startup_stm32f446xx.o(.text)
    CAN2_SCE_IRQHandler                      0x080001f3   Thumb Code     0  startup_stm32f446xx.o(.text)
    CAN2_TX_IRQHandler                       0x080001f3   Thumb Code     0  startup_stm32f446xx.o(.text)
    CEC_IRQHandler                           0x080001f3   Thumb Code     0  startup_stm32f446xx.o(.text)
    DCMI_IRQHandler                          0x080001f3   Thumb Code     0  startup_stm32f446xx.o(.text)
    DMA1_Stream0_IRQHandler                  0x080001f3   Thumb Code     0  startup_stm32f446xx.o(.text)
    DMA1_Stream1_IRQHandler                  0x080001f3   Thumb Code     0  startup_stm32f446xx.o(.text)
    DMA1_Stream2_IRQHandler                  0x080001f3   Thumb Code     0  startup_stm32f446xx.o(.text)
    DMA1_Stream3_IRQHandler                  0x080001f3   Thumb Code     0  startup_stm32f446xx.o(.text)
    DMA1_Stream4_IRQHandler                  0x080001f3   Thumb Code     0  startup_stm32f446xx.o(.text)
    DMA1_Stream5_IRQHandler                  0x080001f3   Thumb Code     0  startup_stm32f446xx.o(.text)
    DMA1_Stream6_IRQHandler                  0x080001f3   Thumb Code     0  startup_stm32f446xx.o(.text)
    DMA1_Stream7_IRQHandler                  0x080001f3   Thumb Code     0  startup_stm32f446xx.o(.text)
    DMA2_Stream0_IRQHandler                  0x080001f3   Thumb Code     0  startup_stm32f446xx.o(.text)
    DMA2_Stream1_IRQHandler                  0x080001f3   Thumb Code     0  startup_stm32f446xx.o(.text)
    DMA2_Stream2_IRQHandler                  0x080001f3   Thumb Code     0  startup_stm32f446xx.o(.text)
    DMA2_Stream3_IRQHandler                  0x080001f3   Thumb Code     0  startup_stm32f446xx.o(.text)
    DMA2_Stream4_IRQHandler                  0x080001f3   Thumb Code     0  startup_stm32f446xx.o(.text)
    DMA2_Stream5_IRQHandler                  0x080001f3   Thumb Code     0  startup_stm32f446xx.o(.text)
    DMA2_Stream6_IRQHandler                  0x080001f3   Thumb Code     0  startup_stm32f446xx.o(.text)
    DMA2_Stream7_IRQHandler                  0x080001f3   Thumb Code     0  startup_stm32f446xx.o(.text)
    EXTI0_IRQHandler                         0x080001f3   Thumb Code     0  startup_stm32f446xx.o(.text)
    EXTI15_10_IRQHandler                     0x080001f3   Thumb Code     0  startup_stm32f446xx.o(.text)
    EXTI1_IRQHandler                         0x080001f3   Thumb Code     0  startup_stm32f446xx.o(.text)
    EXTI2_IRQHandler                         0x080001f3   Thumb Code     0  startup_stm32f446xx.o(.text)
    EXTI3_IRQHandler                         0x080001f3   Thumb Code     0  startup_stm32f446xx.o(.text)
    EXTI4_IRQHandler                         0x080001f3   Thumb Code     0  startup_stm32f446xx.o(.text)
    EXTI9_5_IRQHandler                       0x080001f3   Thumb Code     0  startup_stm32f446xx.o(.text)
    FLASH_IRQHandler                         0x080001f3   Thumb Code     0  startup_stm32f446xx.o(.text)
    FMC_IRQHandler                           0x080001f3   Thumb Code     0  startup_stm32f446xx.o(.text)
    FMPI2C1_ER_IRQHandler                    0x080001f3   Thumb Code     0  startup_stm32f446xx.o(.text)
    FMPI2C1_EV_IRQHandler                    0x080001f3   Thumb Code     0  startup_stm32f446xx.o(.text)
    FPU_IRQHandler                           0x080001f3   Thumb Code     0  startup_stm32f446xx.o(.text)
    I2C1_ER_IRQHandler                       0x080001f3   Thumb Code     0  startup_stm32f446xx.o(.text)
    I2C1_EV_IRQHandler                       0x080001f3   Thumb Code     0  startup_stm32f446xx.o(.text)
    I2C2_ER_IRQHandler                       0x080001f3   Thumb Code     0  startup_stm32f446xx.o(.text)
    I2C2_EV_IRQHandler                       0x080001f3   Thumb Code     0  startup_stm32f446xx.o(.text)
    I2C3_ER_IRQHandler                       0x080001f3   Thumb Code     0  startup_stm32f446xx.o(.text)
    I2C3_EV_IRQHandler                       0x080001f3   Thumb Code     0  startup_stm32f446xx.o(.text)
    OTG_FS_IRQHandler                        0x080001f3   Thumb Code     0  startup_stm32f446xx.o(.text)
    OTG_FS_WKUP_IRQHandler                   0x080001f3   Thumb Code     0  startup_stm32f446xx.o(.text)
    OTG_HS_EP1_IN_IRQHandler                 0x080001f3   Thumb Code     0  startup_stm32f446xx.o(.text)
    OTG_HS_EP1_OUT_IRQHandler                0x080001f3   Thumb Code     0  startup_stm32f446xx.o(.text)
    OTG_HS_IRQHandler                        0x080001f3   Thumb Code     0  startup_stm32f446xx.o(.text)
    OTG_HS_WKUP_IRQHandler                   0x080001f3   Thumb Code     0  startup_stm32f446xx.o(.text)
    PVD_IRQHandler                           0x080001f3   Thumb Code     0  startup_stm32f446xx.o(.text)
    QUADSPI_IRQHandler                       0x080001f3   Thumb Code     0  startup_stm32f446xx.o(.text)
    RCC_IRQHandler                           0x080001f3   Thumb Code     0  startup_stm32f446xx.o(.text)
    RTC_Alarm_IRQHandler                     0x080001f3   Thumb Code     0  startup_stm32f446xx.o(.text)
    RTC_WKUP_IRQHandler                      0x080001f3   Thumb Code     0  startup_stm32f446xx.o(.text)
    SAI1_IRQHandler                          0x080001f3   Thumb Code     0  startup_stm32f446xx.o(.text)
    SAI2_IRQHandler                          0x080001f3   Thumb Code     0  startup_stm32f446xx.o(.text)
    SDIO_IRQHandler                          0x080001f3   Thumb Code     0  startup_stm32f446xx.o(.text)
    SPDIF_RX_IRQHandler                      0x080001f3   Thumb Code     0  startup_stm32f446xx.o(.text)
    SPI1_IRQHandler                          0x080001f3   Thumb Code     0  startup_stm32f446xx.o(.text)
    SPI2_IRQHandler                          0x080001f3   Thumb Code     0  startup_stm32f446xx.o(.text)
    SPI3_IRQHandler                          0x080001f3   Thumb Code     0  startup_stm32f446xx.o(.text)
    SPI4_IRQHandler                          0x080001f3   Thumb Code     0  startup_stm32f446xx.o(.text)
    TAMP_STAMP_IRQHandler                    0x080001f3   Thumb Code     0  startup_stm32f446xx.o(.text)
    TIM1_CC_IRQHandler                       0x080001f3   Thumb Code     0  startup_stm32f446xx.o(.text)
    TIM1_TRG_COM_TIM11_IRQHandler            0x080001f3   Thumb Code     0  startup_stm32f446xx.o(.text)
    TIM1_UP_TIM10_IRQHandler                 0x080001f3   Thumb Code     0  startup_stm32f446xx.o(.text)
    TIM3_IRQHandler                          0x080001f3   Thumb Code     0  startup_stm32f446xx.o(.text)
    TIM4_IRQHandler                          0x080001f3   Thumb Code     0  startup_stm32f446xx.o(.text)
    TIM6_DAC_IRQHandler                      0x080001f3   Thumb Code     0  startup_stm32f446xx.o(.text)
    TIM7_IRQHandler                          0x080001f3   Thumb Code     0  startup_stm32f446xx.o(.text)
    TIM8_CC_IRQHandler                       0x080001f3   Thumb Code     0  startup_stm32f446xx.o(.text)
    TIM8_TRG_COM_TIM14_IRQHandler            0x080001f3   Thumb Code     0  startup_stm32f446xx.o(.text)
    TIM8_UP_TIM13_IRQHandler                 0x080001f3   Thumb Code     0  startup_stm32f446xx.o(.text)
    UART4_IRQHandler                         0x080001f3   Thumb Code     0  startup_stm32f446xx.o(.text)
    UART5_IRQHandler                         0x080001f3   Thumb Code     0  startup_stm32f446xx.o(.text)
    USART1_IRQHandler                        0x080001f3   Thumb Code     0  startup_stm32f446xx.o(.text)
    USART2_IRQHandler                        0x080001f3   Thumb Code     0  startup_stm32f446xx.o(.text)
    USART3_IRQHandler                        0x080001f3   Thumb Code     0  startup_stm32f446xx.o(.text)
    WWDG_IRQHandler                          0x080001f3   Thumb Code     0  startup_stm32f446xx.o(.text)
    __aeabi_uldivmod                         0x080001fd   Thumb Code    98  uldiv.o(.text)
    __aeabi_memcpy                           0x0800025f   Thumb Code    36  memcpya.o(.text)
    __aeabi_memcpy4                          0x0800025f   Thumb Code     0  memcpya.o(.text)
    __aeabi_memcpy8                          0x0800025f   Thumb Code     0  memcpya.o(.text)
    __aeabi_memset                           0x08000283   Thumb Code    14  memseta.o(.text)
    __aeabi_memset4                          0x08000283   Thumb Code     0  memseta.o(.text)
    __aeabi_memset8                          0x08000283   Thumb Code     0  memseta.o(.text)
    __aeabi_memclr                           0x08000291   Thumb Code     4  memseta.o(.text)
    __aeabi_memclr4                          0x08000291   Thumb Code     0  memseta.o(.text)
    __aeabi_memclr8                          0x08000291   Thumb Code     0  memseta.o(.text)
    _memset$wrapper                          0x08000295   Thumb Code    18  memseta.o(.text)
    __aeabi_dadd                             0x080002a7   Thumb Code   322  dadd.o(.text)
    __aeabi_dsub                             0x080003e9   Thumb Code     6  dadd.o(.text)
    __aeabi_drsub                            0x080003ef   Thumb Code     6  dadd.o(.text)
    __aeabi_dmul                             0x080003f5   Thumb Code   228  dmul.o(.text)
    __aeabi_ddiv                             0x080004d9   Thumb Code   222  ddiv.o(.text)
    __aeabi_ui2d                             0x080005b7   Thumb Code    26  dfltui.o(.text)
    __aeabi_d2uiz                            0x080005d1   Thumb Code    50  dfixui.o(.text)
    __aeabi_f2d                              0x08000603   Thumb Code    38  f2d.o(.text)
    __aeabi_d2f                              0x08000629   Thumb Code    56  d2f.o(.text)
    __aeabi_uidiv                            0x08000661   Thumb Code     0  uidiv.o(.text)
    __aeabi_uidivmod                         0x08000661   Thumb Code    44  uidiv.o(.text)
    __aeabi_llsl                             0x0800068d   Thumb Code    30  llshl.o(.text)
    _ll_shift_l                              0x0800068d   Thumb Code     0  llshl.o(.text)
    __aeabi_llsr                             0x080006ab   Thumb Code    32  llushr.o(.text)
    _ll_ushift_r                             0x080006ab   Thumb Code     0  llushr.o(.text)
    __aeabi_lasr                             0x080006cb   Thumb Code    36  llsshr.o(.text)
    _ll_sshift_r                             0x080006cb   Thumb Code     0  llsshr.o(.text)
    __I$use$fp                               0x080006ef   Thumb Code     0  iusefp.o(.text)
    _float_round                             0x080006ef   Thumb Code    18  fepilogue.o(.text)
    _float_epilogue                          0x08000701   Thumb Code    92  fepilogue.o(.text)
    _double_round                            0x0800075d   Thumb Code    30  depilogue.o(.text)
    _double_epilogue                         0x0800077b   Thumb Code   156  depilogue.o(.text)
    __aeabi_d2ulz                            0x08000817   Thumb Code    48  dfixul.o(.text)
    __aeabi_cdrcmple                         0x08000849   Thumb Code    48  cdrcmple.o(.text)
    __scatterload                            0x08000879   Thumb Code    38  init.o(.text)
    __scatterload_rt2                        0x08000879   Thumb Code     0  init.o(.text)
    AddNextFieldToShortestPath               0x080008a9   Thumb Code    84  floodfill.o(.text.AddNextFieldToShortestPath)
    BUTTON1_Pressed                          0x080008fd   Thumb Code    20  board_button.o(.text.BUTTON1_Pressed)
    BUTTON2_Pressed                          0x08000911   Thumb Code    20  board_button.o(.text.BUTTON2_Pressed)
    BUTTON_Init                              0x08000925   Thumb Code   116  board_button.o(.text.BUTTON_Init)
    Board_LED_Init                           0x080009a1   Thumb Code   116  board_led.o(.text.Board_LED_Init)
    Board_LED_Off                            0x08000a19   Thumb Code    28  board_led.o(.text.Board_LED_Off)
    Board_LED_On                             0x08000a35   Thumb Code    28  board_led.o(.text.Board_LED_On)
    CheckCurveType                           0x08000a59   Thumb Code   400  diagonal.o(.text.CheckCurveType)
    Clock_Config_Max_HSI                     0x08000be9   Thumb Code   124  clock_config.o(.text.Clock_Config_Max_HSI)
    CompensatePositon                        0x08000c95   Thumb Code    86  floodfill.o(.text.CompensatePositon)
    Debug_Move                               0x08000ced   Thumb Code    36  bledebugger.o(.text.Debug_Move)
    Debug_SetWall                            0x08000d31   Thumb Code    20  bledebugger.o(.text.Debug_SetWall)
    DecideDirection                          0x08000d45   Thumb Code   100  floodfill.o(.text.DecideDirection)
    DecideDriveDirection                     0x08000da9   Thumb Code   172  floodfill.o(.text.DecideDriveDirection)
    Delay_ms                                 0x08000e55   Thumb Code    20  delay.o(.text.Delay_ms)
    GetDirectionReverse                      0x08000eb5   Thumb Code   178  floodfill.o(.text.GetDirectionReverse)
    GetDriveCommandsSmooth                   0x08000f69   Thumb Code   784  floodfill.o(.text.GetDriveCommandsSmooth)
    GetShortestPath                          0x08001365   Thumb Code   100  floodfill.o(.text.GetShortestPath)
    HAL_Delay                                0x080014ad   Thumb Code    32  stm32f4xx_hal.o(.text.HAL_Delay)
    HAL_GPIO_Init                            0x080014d1   Thumb Code   384  stm32f4xx_hal_gpio.o(.text.HAL_GPIO_Init)
    HAL_GPIO_ReadPin                         0x08001669   Thumb Code    10  stm32f4xx_hal_gpio.o(.text.HAL_GPIO_ReadPin)
    HAL_GPIO_WritePin                        0x08001673   Thumb Code    10  stm32f4xx_hal_gpio.o(.text.HAL_GPIO_WritePin)
    HAL_GetTick                              0x0800167d   Thumb Code     8  stm32f4xx_hal.o(.text.HAL_GetTick)
    HAL_I2C_Init                             0x08001689   Thumb Code   276  stm32f4xx_hal_i2c.o(.text.HAL_I2C_Init)
    HAL_I2C_IsDeviceReady                    0x080017ad   Thumb Code   292  stm32f4xx_hal_i2c.o(.text.HAL_I2C_IsDeviceReady)
    HAL_I2C_Mem_Read                         0x080018d1   Thumb Code   288  stm32f4xx_hal_i2c.o(.text.HAL_I2C_Mem_Read)
    HAL_I2C_Mem_Write                        0x080019f5   Thumb Code   216  stm32f4xx_hal_i2c.o(.text.HAL_I2C_Mem_Write)
    HAL_I2C_MspInit                          0x08001ad5   Thumb Code   248  timeoflight.o(.text.HAL_I2C_MspInit)
    HAL_IncTick                              0x08001bdd   Thumb Code    16  stm32f4xx_hal.o(.text.HAL_IncTick)
    HAL_Init                                 0x08001bf1   Thumb Code    40  stm32f4xx_hal.o(.text.HAL_Init)
    HAL_InitTick                             0x08001c1d   Thumb Code    56  stm32f4xx_hal.o(.text.HAL_InitTick)
    HAL_MspInit                              0x08001c59   Thumb Code     2  stm32f4xx_hal.o(.text.HAL_MspInit)
    HAL_NVIC_EnableIRQ                       0x08001c5d   Thumb Code    28  stm32f4xx_hal_cortex.o(.text.HAL_NVIC_EnableIRQ)
    HAL_NVIC_SetPriority                     0x08001c7d   Thumb Code    72  stm32f4xx_hal_cortex.o(.text.HAL_NVIC_SetPriority)
    HAL_NVIC_SetPriorityGrouping             0x08001cc9   Thumb Code    24  stm32f4xx_hal_cortex.o(.text.HAL_NVIC_SetPriorityGrouping)
    HAL_PWREx_EnableOverDrive                0x08001ce9   Thumb Code    92  stm32f4xx_hal_pwr_ex.o(.text.HAL_PWREx_EnableOverDrive)
    HAL_RCC_ClockConfig                      0x08001d51   Thumb Code   268  stm32f4xx_hal_rcc.o(.text.HAL_RCC_ClockConfig)
    HAL_RCC_GetPCLK1Freq                     0x08001e69   Thumb Code    20  stm32f4xx_hal_rcc.o(.text.HAL_RCC_GetPCLK1Freq)
    HAL_RCC_GetPCLK2Freq                     0x08001e7d   Thumb Code    20  stm32f4xx_hal_rcc.o(.text.HAL_RCC_GetPCLK2Freq)
    HAL_RCC_GetSysClockFreq                  0x08001e9d   Thumb Code    92  stm32f4xx_hal_rcc_ex.o(.text.HAL_RCC_GetSysClockFreq)
    HAL_RCC_OscConfig                        0x08001f05   Thumb Code   836  stm32f4xx_hal_rcc_ex.o(.text.HAL_RCC_OscConfig)
    HAL_SYSTICK_Config                       0x08002255   Thumb Code    32  stm32f4xx_hal_cortex.o(.text.HAL_SYSTICK_Config)
    HAL_TIM_Base_Init                        0x0800227d   Thumb Code    36  stm32f4xx_hal_tim.o(.text.HAL_TIM_Base_Init)
    HAL_TIM_Base_MspInit                     0x080022a1   Thumb Code     2  stm32f4xx_hal_tim.o(.text.HAL_TIM_Base_MspInit)
    HAL_TIM_Base_Start_IT                    0x080022a5   Thumb Code   100  stm32f4xx_hal_tim.o(.text.HAL_TIM_Base_Start_IT)
    HAL_TIM_Base_Stop_IT                     0x08002309   Thumb Code    42  stm32f4xx_hal_tim.o(.text.HAL_TIM_Base_Stop_IT)
    HAL_TIM_Encoder_Init                     0x08002333   Thumb Code   150  stm32f4xx_hal_tim.o(.text.HAL_TIM_Encoder_Init)
    HAL_TIM_Encoder_MspInit                  0x080023c9   Thumb Code     2  stm32f4xx_hal_tim.o(.text.HAL_TIM_Encoder_MspInit)
    HAL_TIM_Encoder_Start                    0x080023cb   Thumb Code    90  stm32f4xx_hal_tim.o(.text.HAL_TIM_Encoder_Start)
    HAL_TIM_PWM_ConfigChannel                0x08002425   Thumb Code   136  stm32f4xx_hal_tim.o(.text.HAL_TIM_PWM_ConfigChannel)
    HAL_TIM_PWM_Init                         0x080024ad   Thumb Code    36  stm32f4xx_hal_tim.o(.text.HAL_TIM_PWM_Init)
    HAL_TIM_PWM_MspInit                      0x080024d1   Thumb Code     2  stm32f4xx_hal_tim.o(.text.HAL_TIM_PWM_MspInit)
    HAL_TIM_PWM_Start                        0x080024d5   Thumb Code   152  stm32f4xx_hal_tim.o(.text.HAL_TIM_PWM_Start)
    HAL_UART_Init                            0x08002589   Thumb Code    38  stm32f4xx_hal_uart.o(.text.HAL_UART_Init)
    HAL_UART_MspInit                         0x080025af   Thumb Code     2  stm32f4xx_hal_uart.o(.text.HAL_UART_MspInit)
    InitMaze                                 0x080028ed   Thumb Code   344  floodfill.o(.text.InitMaze)
    InitMouseMaze                            0x08002b21   Thumb Code   116  floodfill.o(.text.InitMouseMaze)
    InitQueue                                0x08002b95   Thumb Code    16  queue.o(.text.InitQueue)
    IsCurrentPosOnShortestPath               0x08002ba9   Thumb Code    88  floodfill.o(.text.IsCurrentPosOnShortestPath)
    MX_I2C2_Init                             0x08002c01   Thumb Code    44  timeoflight.o(.text.MX_I2C2_Init)
    MotionController_Init                    0x08002d65   Thumb Code    20  motion_control.o(.text.MotionController_Init)
    MotionController_Reset                   0x08002d79   Thumb Code    24  motion_control.o(.text.MotionController_Reset)
    MotionController_Stop                    0x08002d91   Thumb Code    36  motion_control.o(.text.MotionController_Stop)
    MotionController_Update                  0x08002db9   Thumb Code   520  motion_control.o(.text.MotionController_Update)
    Motion_CommandCurve                      0x0800307d   Thumb Code   276  motion_control.o(.text.Motion_CommandCurve)
    Motion_CommandCurveAngle                 0x080031a5   Thumb Code    64  motion_control.o(.text.Motion_CommandCurveAngle)
    Motion_CommandForward                    0x080031ed   Thumb Code    96  motion_control.o(.text.Motion_CommandForward)
    Motion_Init                              0x0800325d   Thumb Code    96  motion_control.o(.text.Motion_Init)
    Motion_Start                             0x080032d5   Thumb Code    48  motion_control.o(.text.Motion_Start)
    Motion_Stop                              0x0800330d   Thumb Code    16  motion_control.o(.text.Motion_Stop)
    Motor_Ctrl_Init                          0x0800331d   Thumb Code   108  motor_driver.o(.text.Motor_Ctrl_Init)
    Motor_Init                               0x0800338d   Thumb Code   184  motor_driver.o(.text.Motor_Init)
    Motor_Left_Backwards                     0x0800344d   Thumb Code    32  motor_driver.o(.text.Motor_Left_Backwards)
    Motor_Left_Brake                         0x0800346d   Thumb Code    28  motor_driver.o(.text.Motor_Left_Brake)
    Motor_Left_Forwards                      0x08003489   Thumb Code    28  motor_driver.o(.text.Motor_Left_Forwards)
    Motor_Left_SetPWM                        0x080034a9   Thumb Code    56  motor_driver.o(.text.Motor_Left_SetPWM)
    Motor_Right_Backwards                    0x080034e1   Thumb Code    24  motor_driver.o(.text.Motor_Right_Backwards)
    Motor_Right_Brake                        0x080034f9   Thumb Code    24  motor_driver.o(.text.Motor_Right_Brake)
    Motor_Right_Forwards                     0x08003511   Thumb Code    28  motor_driver.o(.text.Motor_Right_Forwards)
    Motor_Right_SetPWM                       0x08003531   Thumb Code    56  motor_driver.o(.text.Motor_Right_SetPWM)
    Profile_GetBrakingDistance               0x08003b21   Thumb Code    52  profile.o(.text.Profile_GetBrakingDistance)
    Profile_GetSpeed                         0x08003b59   Thumb Code    16  profile.o(.text.Profile_GetSpeed)
    Profile_Init                             0x08003b6d   Thumb Code    30  profile.o(.text.Profile_Init)
    Profile_IsFinished                       0x08003b8b   Thumb Code    18  profile.o(.text.Profile_IsFinished)
    Profile_Reset                            0x08003b9d   Thumb Code    14  profile.o(.text.Profile_Reset)
    Profile_SetSpeed                         0x08003bab   Thumb Code     8  profile.o(.text.Profile_SetSpeed)
    Profile_SetTargetSpeed                   0x08003bb3   Thumb Code     8  profile.o(.text.Profile_SetTargetSpeed)
    Profile_Start                            0x08003bbb   Thumb Code   120  profile.o(.text.Profile_Start)
    Profile_Update                           0x08003c39   Thumb Code   280  profile.o(.text.Profile_Update)
    Refresh                                  0x08003d59   Thumb Code   360  refresh.o(.text.Refresh)
    RotateMouse                              0x08003f5d   Thumb Code   164  floodfill.o(.text.RotateMouse)
    ScanCenter3Left                          0x0800401d   Thumb Code    82  floodfill.o(.text.ScanCenter3Left)
    ScanCenter3Right                         0x0800406f   Thumb Code    98  floodfill.o(.text.ScanCenter3Right)
    SolveMaze                                0x08004285   Thumb Code   392  floodfill.o(.text.SolveMaze)
    StateMachine_Run                         0x08004451   Thumb Code    30  statemachine.o(.text.StateMachine_Run)
    State_Initialize_Enter                   0x08004471   Thumb Code   116  state_initialize.o(.text.State_Initialize_Enter)
    State_Initialize_Exit                    0x0800452d   Thumb Code     2  state_initialize.o(.text.State_Initialize_Exit)
    State_Initialize_Process                 0x08004531   Thumb Code    20  state_initialize.o(.text.State_Initialize_Process)
    State_SolveMaze_Enter                    0x0800454d   Thumb Code     2  state_solvemaze.o(.text.State_SolveMaze_Enter)
    State_SolveMaze_Exit                     0x0800454f   Thumb Code     2  state_solvemaze.o(.text.State_SolveMaze_Exit)
    State_SolveMaze_Process                  0x08004551   Thumb Code    52  state_solvemaze.o(.text.State_SolveMaze_Process)
    SysTick_Get                              0x08004599   Thumb Code     8  delay.o(.text.SysTick_Get)
    SysTick_Handler                          0x080045a1   Thumb Code    12  delay.o(.text.SysTick_Handler)
    SystemCoreClockUpdate                    0x080045b1   Thumb Code    88  system_stm32f4xx.o(.text.SystemCoreClockUpdate)
    SystemInit                               0x0800461d   Thumb Code    12  system_stm32f4xx.o(.text.SystemInit)
    TIM1_BRK_TIM9_IRQHandler                 0x0800462d   Thumb Code    32  timer.o(.text.TIM1_BRK_TIM9_IRQHandler)
    TIM2_IRQHandler                          0x08004651   Thumb Code    32  timer.o(.text.TIM2_IRQHandler)
    TIM5_IRQHandler                          0x08004675   Thumb Code    32  timer.o(.text.TIM5_IRQHandler)
    TIM8_BRK_TIM12_IRQHandler                0x08004699   Thumb Code    32  timer.o(.text.TIM8_BRK_TIM12_IRQHandler)
    TIM_Base_SetConfig                       0x080046bd   Thumb Code   172  stm32f4xx_hal_tim.o(.text.TIM_Base_SetConfig)
    TIM_CCxChannelCmd                        0x08004791   Thumb Code    30  stm32f4xx_hal_tim.o(.text.TIM_CCxChannelCmd)
    TIM_OC2_SetConfig                        0x08004811   Thumb Code    92  stm32f4xx_hal_tim.o(.text.TIM_OC2_SetConfig)
    Timer_Initialize                         0x08004981   Thumb Code   244  timer.o(.text.Timer_Initialize)
    Timer_Start                              0x08004a79   Thumb Code    48  timer.o(.text.Timer_Start)
    Timer_Stop                               0x08004aa9   Thumb Code    36  timer.o(.text.Timer_Stop)
    TryShortestPath                          0x08004ad1   Thumb Code   584  floodfill.o(.text.TryShortestPath)
    USART6_IRQHandler                        0x08004e19   Thumb Code    76  uart.o(.text.USART6_IRQHandler)
    Uart6_Init                               0x08004e69   Thumb Code   160  uart.o(.text.Uart6_Init)
    Uart6_PutChar                            0x08004f11   Thumb Code    32  uart.o(.text.Uart6_PutChar)
    Uart6_SendData                           0x08004f39   Thumb Code    22  uart.o(.text.Uart6_SendData)
    UpdateWallBottom                         0x08004f4f   Thumb Code    26  floodfill.o(.text.UpdateWallBottom)
    UpdateWallLeft                           0x08004f69   Thumb Code    40  floodfill.o(.text.UpdateWallLeft)
    UpdateWallRight                          0x08004f91   Thumb Code    24  floodfill.o(.text.UpdateWallRight)
    UpdateWallTop                            0x08004fa9   Thumb Code    36  floodfill.o(.text.UpdateWallTop)
    VL6180X_InitAll                          0x08004fcd   Thumb Code   372  timeoflight.o(.text.VL6180X_InitAll)
    VL6180X_ReadContinuousIfReadyAt          0x0800516d   Thumb Code    74  timeoflight.o(.text.VL6180X_ReadContinuousIfReadyAt)
    VL6180X_ReadRangeSingleAt                0x080051b7   Thumb Code    34  timeoflight.o(.text.VL6180X_ReadRangeSingleAt)
    VL6180X_ReadRangeSingleAtEx              0x080051d9   Thumb Code   110  timeoflight.o(.text.VL6180X_ReadRangeSingleAtEx)
    VL6180X_ReadSensorByIndex                0x08005249   Thumb Code    20  timeoflight.o(.text.VL6180X_ReadSensorByIndex)
    VL6180X_StartContinuousAt                0x08005261   Thumb Code    56  timeoflight.o(.text.VL6180X_StartContinuousAt)
    dequeue                                  0x0800541d   Thumb Code    54  queue.o(.text.dequeue)
    encoder_get_forward_change_mm            0x08005455   Thumb Code     8  encoder.o(.text.encoder_get_forward_change_mm)
    encoder_get_rotation_change_deg          0x0800545d   Thumb Code    16  encoder.o(.text.encoder_get_rotation_change_deg)
    encoder_init                             0x08005475   Thumb Code   212  encoder.o(.text.encoder_init)
    encoder_reset                            0x08005551   Thumb Code    84  encoder.o(.text.encoder_reset)
    encoder_start                            0x080055a5   Thumb Code    44  encoder.o(.text.encoder_start)
    encoder_update                           0x080055d1   Thumb Code   344  encoder.o(.text.encoder_update)
    fputc                                    0x08005741   Thumb Code    14  bledebugger.o(.text.fputc)
    isEmpty                                  0x0800574f   Thumb Code    12  queue.o(.text.isEmpty)
    main                                     0x0800575d   Thumb Code    16  main.o(.text.main)
    move                                     0x08005781   Thumb Code   108  motion_control.o(.text.move)
    push                                     0x080057f9   Thumb Code    36  queue.o(.text.push)
    turn                                     0x0800581d   Thumb Code   192  motion_control.o(.text.turn)
    __0printf                                0x08005955   Thumb Code    22  printfa.o(i.__0printf)
    __1printf                                0x08005955   Thumb Code     0  printfa.o(i.__0printf)
    __2printf                                0x08005955   Thumb Code     0  printfa.o(i.__0printf)
    __c89printf                              0x08005955   Thumb Code     0  printfa.o(i.__0printf)
    printf                                   0x08005955   Thumb Code     0  printfa.o(i.__0printf)
    __scatterload_copy                       0x08005975   Thumb Code    14  handlers.o(i.__scatterload_copy)
    __scatterload_null                       0x08005983   Thumb Code     2  handlers.o(i.__scatterload_null)
    __scatterload_zeroinit                   0x08005985   Thumb Code    14  handlers.o(i.__scatterload_zeroinit)
    puts                                     0x08006249   Thumb Code    30  puts.o(i.puts)
    AHBPrescTable                            0x0800626c   Data          16  system_stm32f4xx.o(.rodata.AHBPrescTable)
    APBPrescTable                            0x0800627c   Data           8  system_stm32f4xx.o(.rodata.APBPrescTable)
    State_Initialize                         0x08006298   Data          12  state_initialize.o(.rodata.State_Initialize)
    State_SolveMaze                          0x080062a4   Data          12  state_solvemaze.o(.rodata.State_SolveMaze)
    gSizeMouseMaze                           0x0800638c   Data           1  floodfill.o(.rodata.gSizeMouseMaze)
    tof_sensor_addr                          0x08006806   Data           6  timeoflight.o(.rodata.tof_sensor_addr)
    Region$$Table$$Base                      0x0800680c   Number         0  anon$$obj.o(Region$$Table)
    Region$$Table$$Limit                     0x0800682c   Number         0  anon$$obj.o(Region$$Table)
    __stdout                                 0x20000000   Data           4  stdout.o(.data)
    uwTickFreq                               0x20000010   Data           1  stm32f4xx_hal.o(.data..L_MergedGlobals)
    uwTickPrio                               0x20000014   Data           4  stm32f4xx_hal.o(.data..L_MergedGlobals)
    SystemCoreClock                          0x20000018   Data           4  system_stm32f4xx.o(.data.SystemCoreClock)
    huart6                                   0x2000007c   Data          68  uart.o(.bss..L_MergedGlobals)
    htim3                                    0x20000158   Data          72  encoder.o(.bss..L_MergedGlobals.1)
    motion_ctrl                              0x200001d0   Data          36  motion_control.o(.bss..L_MergedGlobals.7)
    forward_profile                          0x200001f4   Data          36  motion_control.o(.bss..L_MergedGlobals.7)
    hi2c2                                    0x20000514   Data          84  timeoflight.o(.bss.hi2c2)
    htim1                                    0x20000568   Data          72  encoder.o(.bss.htim1)
    htim12                                   0x200005b0   Data          72  timer.o(.bss.htim12)
    htim2                                    0x200005f8   Data          72  timer.o(.bss.htim2)
    htim5                                    0x20000640   Data          72  timer.o(.bss.htim5)
    htim9                                    0x20000688   Data          72  timer.o(.bss.htim9)
    maze                                     0x200006d0   Data        1089  floodfill.o(.bss.maze)
    mouseMaze                                0x20000b11   Data        1280  floodfill.o(.bss.mouseMaze)
    rotation_profile                         0x20001018   Data          36  motion_control.o(.bss.rotation_profile)
    tim4                                     0x2000103c   Data          72  motor_driver.o(.bss.tim4)
    uwTick                                   0x20001084   Data           4  stm32f4xx_hal.o(.bss.uwTick)
    __initial_sp                             0x2001d088   Data           0  startup_stm32f446xx.o(STACK)



==============================================================================

Memory Map of the image

  Image Entry point : 0x080001c5

  Load Region LR_IROM1 (Base: 0x08000000, Size: 0x00006890, Max: 0x00080000, ABSOLUTE)

    Execution Region ER_IROM1 (Exec base: 0x08000000, Load base: 0x08000000, Size: 0x0000682c, Max: 0x00080000, ABSOLUTE)

    Exec Addr    Load Addr    Size         Type   Attr      Idx    E Section Name        Object

    0x08000000   0x08000000   0x000001c4   Data   RO         2371    RESET               startup_stm32f446xx.o
    0x080001c4   0x080001c4   0x00000000   Code   RO         2399  * .ARM.Collect$$$$00000000  mc_w.l(entry.o)
    0x080001c4   0x080001c4   0x00000004   Code   RO         2705    .ARM.Collect$$$$00000001  mc_w.l(entry2.o)
    0x080001c8   0x080001c8   0x00000004   Code   RO         2708    .ARM.Collect$$$$00000004  mc_w.l(entry5.o)
    0x080001cc   0x080001cc   0x00000000   Code   RO         2710    .ARM.Collect$$$$00000008  mc_w.l(entry7b.o)
    0x080001cc   0x080001cc   0x00000000   Code   RO         2712    .ARM.Collect$$$$0000000A  mc_w.l(entry8b.o)
    0x080001cc   0x080001cc   0x00000008   Code   RO         2713    .ARM.Collect$$$$0000000B  mc_w.l(entry9a.o)
    0x080001d4   0x080001d4   0x00000000   Code   RO         2715    .ARM.Collect$$$$0000000D  mc_w.l(entry10a.o)
    0x080001d4   0x080001d4   0x00000000   Code   RO         2717    .ARM.Collect$$$$0000000F  mc_w.l(entry11a.o)
    0x080001d4   0x080001d4   0x00000004   Code   RO         2706    .ARM.Collect$$$$00002712  mc_w.l(entry2.o)
    0x080001d8   0x080001d8   0x00000024   Code   RO         2372    .text               startup_stm32f446xx.o
    0x080001fc   0x080001fc   0x00000062   Code   RO         2406    .text               mc_w.l(uldiv.o)
    0x0800025e   0x0800025e   0x00000024   Code   RO         2408    .text               mc_w.l(memcpya.o)
    0x08000282   0x08000282   0x00000024   Code   RO         2410    .text               mc_w.l(memseta.o)
    0x080002a6   0x080002a6   0x0000014e   Code   RO         2675    .text               mf_w.l(dadd.o)
    0x080003f4   0x080003f4   0x000000e4   Code   RO         2677    .text               mf_w.l(dmul.o)
    0x080004d8   0x080004d8   0x000000de   Code   RO         2679    .text               mf_w.l(ddiv.o)
    0x080005b6   0x080005b6   0x0000001a   Code   RO         2683    .text               mf_w.l(dfltui.o)
    0x080005d0   0x080005d0   0x00000032   Code   RO         2685    .text               mf_w.l(dfixui.o)
    0x08000602   0x08000602   0x00000026   Code   RO         2687    .text               mf_w.l(f2d.o)
    0x08000628   0x08000628   0x00000038   Code   RO         2689    .text               mf_w.l(d2f.o)
    0x08000660   0x08000660   0x0000002c   Code   RO         2729    .text               mc_w.l(uidiv.o)
    0x0800068c   0x0800068c   0x0000001e   Code   RO         2731    .text               mc_w.l(llshl.o)
    0x080006aa   0x080006aa   0x00000020   Code   RO         2733    .text               mc_w.l(llushr.o)
    0x080006ca   0x080006ca   0x00000024   Code   RO         2735    .text               mc_w.l(llsshr.o)
    0x080006ee   0x080006ee   0x00000000   Code   RO         2744    .text               mc_w.l(iusefp.o)
    0x080006ee   0x080006ee   0x0000006e   Code   RO         2745    .text               mf_w.l(fepilogue.o)
    0x0800075c   0x0800075c   0x000000ba   Code   RO         2747    .text               mf_w.l(depilogue.o)
    0x08000816   0x08000816   0x00000030   Code   RO         2751    .text               mf_w.l(dfixul.o)
    0x08000846   0x08000846   0x00000002   PAD
    0x08000848   0x08000848   0x00000030   Code   RO         2753    .text               mf_w.l(cdrcmple.o)
    0x08000878   0x08000878   0x00000030   Code   RO         2755    .text               mc_w.l(init.o)
    0x080008a8   0x080008a8   0x00000054   Code   RO          657    .text.AddNextFieldToShortestPath  floodfill.o
    0x080008fc   0x080008fc   0x00000014   Code   RO          139    .text.BUTTON1_Pressed  board_button.o
    0x08000910   0x08000910   0x00000014   Code   RO          141    .text.BUTTON2_Pressed  board_button.o
    0x08000924   0x08000924   0x0000007c   Code   RO          137    .text.BUTTON_Init   board_button.o
    0x080009a0   0x080009a0   0x00000078   Code   RO          152    .text.Board_LED_Init  board_led.o
    0x08000a18   0x08000a18   0x0000001c   Code   RO          158    .text.Board_LED_Off  board_led.o
    0x08000a34   0x08000a34   0x00000024   Code   RO          156    .text.Board_LED_On  board_led.o
    0x08000a58   0x08000a58   0x00000190   Code   RO          599    .text.CheckCurveType  diagonal.o
    0x08000be8   0x08000be8   0x00000080   Code   RO           52    .text.Clock_Config_Max_HSI  clock_config.o
    0x08000c68   0x08000c68   0x0000002c   Code   RO           54    .text.Clock_EnableOverDrive  clock_config.o
    0x08000c94   0x08000c94   0x00000056   Code   RO          665    .text.CompensatePositon  floodfill.o
    0x08000cea   0x08000cea   0x00000002   PAD
    0x08000cec   0x08000cec   0x00000044   Code   RO           90    .text.Debug_Move    bledebugger.o
    0x08000d30   0x08000d30   0x00000014   Code   RO           86    .text.Debug_SetWall  bledebugger.o
    0x08000d44   0x08000d44   0x00000064   Code   RO          655    .text.DecideDirection  floodfill.o
    0x08000da8   0x08000da8   0x000000ac   Code   RO          627    .text.DecideDriveDirection  floodfill.o
    0x08000e54   0x08000e54   0x00000018   Code   RO           73    .text.Delay_ms      delay.o
    0x08000e6c   0x08000e6c   0x00000048   Code   RO          637    .text.Drive         floodfill.o
    0x08000eb4   0x08000eb4   0x000000b2   Code   RO          661    .text.GetDirectionReverse  floodfill.o
    0x08000f66   0x08000f66   0x00000002   PAD
    0x08000f68   0x08000f68   0x000003fc   Code   RO          647    .text.GetDriveCommandsSmooth  floodfill.o
    0x08001364   0x08001364   0x00000064   Code   RO          659    .text.GetShortestPath  floodfill.o
    0x080013c8   0x080013c8   0x000000e4   Code   RO          629    .text.GetSmallestValue  floodfill.o
    0x080014ac   0x080014ac   0x00000024   Code   RO          769    .text.HAL_Delay     stm32f4xx_hal.o
    0x080014d0   0x080014d0   0x00000198   Code   RO         1065    .text.HAL_GPIO_Init  stm32f4xx_hal_gpio.o
    0x08001668   0x08001668   0x0000000a   Code   RO         1069    .text.HAL_GPIO_ReadPin  stm32f4xx_hal_gpio.o
    0x08001672   0x08001672   0x0000000a   Code   RO         1071    .text.HAL_GPIO_WritePin  stm32f4xx_hal_gpio.o
    0x0800167c   0x0800167c   0x0000000c   Code   RO          761    .text.HAL_GetTick   stm32f4xx_hal.o
    0x08001688   0x08001688   0x00000124   Code   RO         1089    .text.HAL_I2C_Init  stm32f4xx_hal_i2c.o
    0x080017ac   0x080017ac   0x00000124   Code   RO         1149    .text.HAL_I2C_IsDeviceReady  stm32f4xx_hal_i2c.o
    0x080018d0   0x080018d0   0x00000124   Code   RO         1137    .text.HAL_I2C_Mem_Read  stm32f4xx_hal_i2c.o
    0x080019f4   0x080019f4   0x000000e0   Code   RO         1133    .text.HAL_I2C_Mem_Write  stm32f4xx_hal_i2c.o
    0x08001ad4   0x08001ad4   0x00000108   Code   RO          498    .text.HAL_I2C_MspInit  timeoflight.o
    0x08001bdc   0x08001bdc   0x00000014   Code   RO          759    .text.HAL_IncTick   stm32f4xx_hal.o
    0x08001bf0   0x08001bf0   0x0000002c   Code   RO          749    .text.HAL_Init      stm32f4xx_hal.o
    0x08001c1c   0x08001c1c   0x0000003c   Code   RO          751    .text.HAL_InitTick  stm32f4xx_hal.o
    0x08001c58   0x08001c58   0x00000002   Code   RO          753    .text.HAL_MspInit   stm32f4xx_hal.o
    0x08001c5a   0x08001c5a   0x00000002   PAD
    0x08001c5c   0x08001c5c   0x00000020   Code   RO          935    .text.HAL_NVIC_EnableIRQ  stm32f4xx_hal_cortex.o
    0x08001c7c   0x08001c7c   0x0000004c   Code   RO          933    .text.HAL_NVIC_SetPriority  stm32f4xx_hal_cortex.o
    0x08001cc8   0x08001cc8   0x00000020   Code   RO          931    .text.HAL_NVIC_SetPriorityGrouping  stm32f4xx_hal_cortex.o
    0x08001ce8   0x08001ce8   0x00000068   Code   RO         1469    .text.HAL_PWREx_EnableOverDrive  stm32f4xx_hal_pwr_ex.o
    0x08001d50   0x08001d50   0x00000118   Code   RO         1489    .text.HAL_RCC_ClockConfig  stm32f4xx_hal_rcc.o
    0x08001e68   0x08001e68   0x00000014   Code   RO         1501    .text.HAL_RCC_GetPCLK1Freq  stm32f4xx_hal_rcc.o
    0x08001e7c   0x08001e7c   0x00000020   Code   RO         1503    .text.HAL_RCC_GetPCLK2Freq  stm32f4xx_hal_rcc.o
    0x08001e9c   0x08001e9c   0x00000068   Code   RO         1543    .text.HAL_RCC_GetSysClockFreq  stm32f4xx_hal_rcc_ex.o
    0x08001f04   0x08001f04   0x00000350   Code   RO         1547    .text.HAL_RCC_OscConfig  stm32f4xx_hal_rcc_ex.o
    0x08002254   0x08002254   0x00000028   Code   RO          943    .text.HAL_SYSTICK_Config  stm32f4xx_hal_cortex.o
    0x0800227c   0x0800227c   0x00000024   Code   RO         1573    .text.HAL_TIM_Base_Init  stm32f4xx_hal_tim.o
    0x080022a0   0x080022a0   0x00000002   Code   RO         1575    .text.HAL_TIM_Base_MspInit  stm32f4xx_hal_tim.o
    0x080022a2   0x080022a2   0x00000002   PAD
    0x080022a4   0x080022a4   0x00000064   Code   RO         1587    .text.HAL_TIM_Base_Start_IT  stm32f4xx_hal_tim.o
    0x08002308   0x08002308   0x0000002a   Code   RO         1589    .text.HAL_TIM_Base_Stop_IT  stm32f4xx_hal_tim.o
    0x08002332   0x08002332   0x00000096   Code   RO         1687    .text.HAL_TIM_Encoder_Init  stm32f4xx_hal_tim.o
    0x080023c8   0x080023c8   0x00000002   Code   RO         1689    .text.HAL_TIM_Encoder_MspInit  stm32f4xx_hal_tim.o
    0x080023ca   0x080023ca   0x0000005a   Code   RO         1695    .text.HAL_TIM_Encoder_Start  stm32f4xx_hal_tim.o
    0x08002424   0x08002424   0x00000088   Code   RO         1735    .text.HAL_TIM_PWM_ConfigChannel  stm32f4xx_hal_tim.o
    0x080024ac   0x080024ac   0x00000024   Code   RO         1627    .text.HAL_TIM_PWM_Init  stm32f4xx_hal_tim.o
    0x080024d0   0x080024d0   0x00000002   Code   RO         1629    .text.HAL_TIM_PWM_MspInit  stm32f4xx_hal_tim.o
    0x080024d2   0x080024d2   0x00000002   PAD
    0x080024d4   0x080024d4   0x000000b4   Code   RO         1635    .text.HAL_TIM_PWM_Start  stm32f4xx_hal_tim.o
    0x08002588   0x08002588   0x00000026   Code   RO         2082    .text.HAL_UART_Init  stm32f4xx_hal_uart.o
    0x080025ae   0x080025ae   0x00000002   Code   RO         2084    .text.HAL_UART_MspInit  stm32f4xx_hal_uart.o
    0x080025b0   0x080025b0   0x00000030   Code   RO         1211    .text.I2C_IsAcknowledgeFailed  stm32f4xx_hal_i2c.o
    0x080025e0   0x080025e0   0x000000cc   Code   RO         1139    .text.I2C_RequestMemoryRead  stm32f4xx_hal_i2c.o
    0x080026ac   0x080026ac   0x000000a8   Code   RO         1135    .text.I2C_RequestMemoryWrite  stm32f4xx_hal_i2c.o
    0x08002754   0x08002754   0x0000003a   Code   RO         1103    .text.I2C_WaitOnBTFFlagUntilTimeout  stm32f4xx_hal_i2c.o
    0x0800278e   0x0800278e   0x00000074   Code   RO         1099    .text.I2C_WaitOnFlagUntilTimeout  stm32f4xx_hal_i2c.o
    0x08002802   0x08002802   0x00000066   Code   RO         1209    .text.I2C_WaitOnMasterAddressFlagUntilTimeout  stm32f4xx_hal_i2c.o
    0x08002868   0x08002868   0x0000004a   Code   RO         1107    .text.I2C_WaitOnRXNEFlagUntilTimeout  stm32f4xx_hal_i2c.o
    0x080028b2   0x080028b2   0x0000003a   Code   RO         1101    .text.I2C_WaitOnTXEFlagUntilTimeout  stm32f4xx_hal_i2c.o
    0x080028ec   0x080028ec   0x00000234   Code   RO          653    .text.InitMaze      floodfill.o
    0x08002b20   0x08002b20   0x00000074   Code   RO          615    .text.InitMouseMaze  floodfill.o
    0x08002b94   0x08002b94   0x00000014   Code   RO          717    .text.InitQueue     queue.o
    0x08002ba8   0x08002ba8   0x00000058   Code   RO          663    .text.IsCurrentPosOnShortestPath  floodfill.o
    0x08002c00   0x08002c00   0x00000038   Code   RO          500    .text.MX_I2C2_Init  timeoflight.o
    0x08002c38   0x08002c38   0x0000012c   Code   RO          354    .text.MotionController_CalcWallSteeringDps  motion_control.o
    0x08002d64   0x08002d64   0x00000014   Code   RO          308    .text.MotionController_Init  motion_control.o
    0x08002d78   0x08002d78   0x00000018   Code   RO          310    .text.MotionController_Reset  motion_control.o
    0x08002d90   0x08002d90   0x00000024   Code   RO          316    .text.MotionController_Stop  motion_control.o
    0x08002db4   0x08002db4   0x00000004   PAD
    0x08002db8   0x08002db8   0x00000244   Code   RO          320    .text.MotionController_Update  motion_control.o
    0x08002ffc   0x08002ffc   0x00000080   Code   RO          352    .text.MotionController_UpdateToFCache  motion_control.o
    0x0800307c   0x0800307c   0x00000128   Code   RO          348    .text.Motion_CommandCurve  motion_control.o
    0x080031a4   0x080031a4   0x00000048   Code   RO          350    .text.Motion_CommandCurveAngle  motion_control.o
    0x080031ec   0x080031ec   0x00000070   Code   RO          344    .text.Motion_CommandForward  motion_control.o
    0x0800325c   0x0800325c   0x00000078   Code   RO          300    .text.Motion_Init   motion_control.o
    0x080032d4   0x080032d4   0x00000038   Code   RO          340    .text.Motion_Start  motion_control.o
    0x0800330c   0x0800330c   0x00000010   Code   RO          342    .text.Motion_Stop   motion_control.o
    0x0800331c   0x0800331c   0x00000070   Code   RO          170    .text.Motor_Ctrl_Init  motor_driver.o
    0x0800338c   0x0800338c   0x000000c0   Code   RO          184    .text.Motor_Init    motor_driver.o
    0x0800344c   0x0800344c   0x00000020   Code   RO          174    .text.Motor_Left_Backwards  motor_driver.o
    0x0800346c   0x0800346c   0x0000001c   Code   RO          176    .text.Motor_Left_Brake  motor_driver.o
    0x08003488   0x08003488   0x00000020   Code   RO          172    .text.Motor_Left_Forwards  motor_driver.o
    0x080034a8   0x080034a8   0x00000038   Code   RO          188    .text.Motor_Left_SetPWM  motor_driver.o
    0x080034e0   0x080034e0   0x00000018   Code   RO          180    .text.Motor_Right_Backwards  motor_driver.o
    0x080034f8   0x080034f8   0x00000018   Code   RO          182    .text.Motor_Right_Brake  motor_driver.o
    0x08003510   0x08003510   0x00000020   Code   RO          178    .text.Motor_Right_Forwards  motor_driver.o
    0x08003530   0x08003530   0x00000040   Code   RO          190    .text.Motor_Right_SetPWM  motor_driver.o
    0x08003570   0x08003570   0x0000001c   Code   RO           58    .text.OUTLINED_FUNCTION_0  clock_config.o
    0x0800358c   0x0800358c   0x00000008   Code   RO          192    .text.OUTLINED_FUNCTION_0  motor_driver.o
    0x08003594   0x08003594   0x0000001e   Code   RO          256    .text.OUTLINED_FUNCTION_0  encoder.o
    0x080035b2   0x080035b2   0x0000000e   Code   RO          356    .text.OUTLINED_FUNCTION_0  motion_control.o
    0x080035c0   0x080035c0   0x00000008   Code   RO          524    .text.OUTLINED_FUNCTION_0  timeoflight.o
    0x080035c8   0x080035c8   0x00000012   Code   RO          577    .text.OUTLINED_FUNCTION_0  profile.o
    0x080035da   0x080035da   0x00000014   Code   RO          601    .text.OUTLINED_FUNCTION_0  diagonal.o
    0x080035ee   0x080035ee   0x00000014   Code   RO          669    .text.OUTLINED_FUNCTION_0  floodfill.o
    0x08003602   0x08003602   0x0000001a   Code   RO          739    .text.OUTLINED_FUNCTION_0  refresh.o
    0x0800361c   0x0800361c   0x0000001a   Code   RO         1213    .text.OUTLINED_FUNCTION_0  stm32f4xx_hal_i2c.o
    0x08003636   0x08003636   0x00000008   Code   RO         1475    .text.OUTLINED_FUNCTION_0  stm32f4xx_hal_pwr_ex.o
    0x0800363e   0x0800363e   0x0000000a   Code   RO         1513    .text.OUTLINED_FUNCTION_0  stm32f4xx_hal_rcc.o
    0x08003648   0x08003648   0x00000026   Code   RO         1805    .text.OUTLINED_FUNCTION_0  stm32f4xx_hal_tim.o
    0x0800366e   0x0800366e   0x0000001a   Code   RO           60    .text.OUTLINED_FUNCTION_1  clock_config.o
    0x08003688   0x08003688   0x0000000a   Code   RO          194    .text.OUTLINED_FUNCTION_1  motor_driver.o
    0x08003692   0x08003692   0x00000012   Code   RO          358    .text.OUTLINED_FUNCTION_1  motion_control.o
    0x080036a4   0x080036a4   0x00000008   Code   RO          526    .text.OUTLINED_FUNCTION_1  timeoflight.o
    0x080036ac   0x080036ac   0x0000000c   Code   RO          671    .text.OUTLINED_FUNCTION_1  floodfill.o
    0x080036b8   0x080036b8   0x00000006   Code   RO         1553    .text.OUTLINED_FUNCTION_1  stm32f4xx_hal_rcc_ex.o
    0x080036be   0x080036be   0x00000008   Code   RO          689    .text.OUTLINED_FUNCTION_10  floodfill.o
    0x080036c6   0x080036c6   0x0000000e   Code   RO         2220    .text.OUTLINED_FUNCTION_10  stm32f4xx_hal_uart.o
    0x080036d4   0x080036d4   0x00000010   Code   RO          691    .text.OUTLINED_FUNCTION_11  floodfill.o
    0x080036e4   0x080036e4   0x00000016   Code   RO         1827    .text.OUTLINED_FUNCTION_11  stm32f4xx_hal_tim.o
    0x080036fa   0x080036fa   0x0000000a   Code   RO          693    .text.OUTLINED_FUNCTION_12  floodfill.o
    0x08003704   0x08003704   0x0000000c   Code   RO         1237    .text.OUTLINED_FUNCTION_12  stm32f4xx_hal_i2c.o
    0x08003710   0x08003710   0x00000006   Code   RO          697    .text.OUTLINED_FUNCTION_14  floodfill.o
    0x08003716   0x08003716   0x0000000e   Code   RO          699    .text.OUTLINED_FUNCTION_15  floodfill.o
    0x08003724   0x08003724   0x0000000a   Code   RO         1835    .text.OUTLINED_FUNCTION_15  stm32f4xx_hal_tim.o
    0x0800372e   0x0800372e   0x0000002a   Code   RO         1245    .text.OUTLINED_FUNCTION_16  stm32f4xx_hal_i2c.o
    0x08003758   0x08003758   0x0000000a   Code   RO         1247    .text.OUTLINED_FUNCTION_17  stm32f4xx_hal_i2c.o
    0x08003762   0x08003762   0x0000000a   Code   RO         1839    .text.OUTLINED_FUNCTION_17  stm32f4xx_hal_tim.o
    0x0800376c   0x0800376c   0x00000008   Code   RO         1249    .text.OUTLINED_FUNCTION_18  stm32f4xx_hal_i2c.o
    0x08003774   0x08003774   0x00000008   Code   RO         2236    .text.OUTLINED_FUNCTION_18  stm32f4xx_hal_uart.o
    0x0800377c   0x0800377c   0x0000000a   Code   RO         1251    .text.OUTLINED_FUNCTION_19  stm32f4xx_hal_i2c.o
    0x08003786   0x08003786   0x0000000a   Code   RO          196    .text.OUTLINED_FUNCTION_2  motor_driver.o
    0x08003790   0x08003790   0x00000008   Code   RO          360    .text.OUTLINED_FUNCTION_2  motion_control.o
    0x08003798   0x08003798   0x0000000a   Code   RO          528    .text.OUTLINED_FUNCTION_2  timeoflight.o
    0x080037a2   0x080037a2   0x00000020   Code   RO          673    .text.OUTLINED_FUNCTION_2  floodfill.o
    0x080037c2   0x080037c2   0x0000000e   Code   RO         1555    .text.OUTLINED_FUNCTION_2  stm32f4xx_hal_rcc_ex.o
    0x080037d0   0x080037d0   0x0000000e   Code   RO         1809    .text.OUTLINED_FUNCTION_2  stm32f4xx_hal_tim.o
    0x080037de   0x080037de   0x00000016   Code   RO         2204    .text.OUTLINED_FUNCTION_2  stm32f4xx_hal_uart.o
    0x080037f4   0x080037f4   0x0000000a   Code   RO         1845    .text.OUTLINED_FUNCTION_20  stm32f4xx_hal_tim.o
    0x080037fe   0x080037fe   0x00000008   Code   RO         1855    .text.OUTLINED_FUNCTION_25  stm32f4xx_hal_tim.o
    0x08003806   0x08003806   0x0000000a   Code   RO         1857    .text.OUTLINED_FUNCTION_26  stm32f4xx_hal_tim.o
    0x08003810   0x08003810   0x0000000a   Code   RO         1859    .text.OUTLINED_FUNCTION_27  stm32f4xx_hal_tim.o
    0x0800381a   0x0800381a   0x0000000c   Code   RO         1269    .text.OUTLINED_FUNCTION_28  stm32f4xx_hal_i2c.o
    0x08003826   0x08003826   0x00000008   Code   RO          362    .text.OUTLINED_FUNCTION_3  motion_control.o
    0x0800382e   0x0800382e   0x00000006   Code   RO          675    .text.OUTLINED_FUNCTION_3  floodfill.o
    0x08003834   0x08003834   0x00000010   Code   RO         1219    .text.OUTLINED_FUNCTION_3  stm32f4xx_hal_i2c.o
    0x08003844   0x08003844   0x00000008   Code   RO         1557    .text.OUTLINED_FUNCTION_3  stm32f4xx_hal_rcc_ex.o
    0x0800384c   0x0800384c   0x00000018   Code   RO         1871    .text.OUTLINED_FUNCTION_33  stm32f4xx_hal_tim.o
    0x08003864   0x08003864   0x0000000a   Code   RO         1281    .text.OUTLINED_FUNCTION_34  stm32f4xx_hal_i2c.o
    0x0800386e   0x0800386e   0x0000000a   Code   RO         1285    .text.OUTLINED_FUNCTION_36  stm32f4xx_hal_i2c.o
    0x08003878   0x08003878   0x0000000a   Code   RO         1877    .text.OUTLINED_FUNCTION_36  stm32f4xx_hal_tim.o
    0x08003882   0x08003882   0x00000008   Code   RO         1287    .text.OUTLINED_FUNCTION_37  stm32f4xx_hal_i2c.o
    0x0800388a   0x0800388a   0x00000006   Code   RO         1879    .text.OUTLINED_FUNCTION_37  stm32f4xx_hal_tim.o
    0x08003890   0x08003890   0x0000000a   Code   RO         1289    .text.OUTLINED_FUNCTION_38  stm32f4xx_hal_i2c.o
    0x0800389a   0x0800389a   0x00000008   Code   RO         1291    .text.OUTLINED_FUNCTION_39  stm32f4xx_hal_i2c.o
    0x080038a2   0x080038a2   0x0000000c   Code   RO          364    .text.OUTLINED_FUNCTION_4  motion_control.o
    0x080038ae   0x080038ae   0x0000000a   Code   RO          677    .text.OUTLINED_FUNCTION_4  floodfill.o
    0x080038b8   0x080038b8   0x00000010   Code   RO         1221    .text.OUTLINED_FUNCTION_4  stm32f4xx_hal_i2c.o
    0x080038c8   0x080038c8   0x00000010   Code   RO         1559    .text.OUTLINED_FUNCTION_4  stm32f4xx_hal_rcc_ex.o
    0x080038d8   0x080038d8   0x0000000e   Code   RO         1813    .text.OUTLINED_FUNCTION_4  stm32f4xx_hal_tim.o
    0x080038e6   0x080038e6   0x00000016   Code   RO         1293    .text.OUTLINED_FUNCTION_40  stm32f4xx_hal_i2c.o
    0x080038fc   0x080038fc   0x00000014   Code   RO         1891    .text.OUTLINED_FUNCTION_43  stm32f4xx_hal_tim.o
    0x08003910   0x08003910   0x00000008   Code   RO         1301    .text.OUTLINED_FUNCTION_44  stm32f4xx_hal_i2c.o
    0x08003918   0x08003918   0x00000014   Code   RO         1303    .text.OUTLINED_FUNCTION_45  stm32f4xx_hal_i2c.o
    0x0800392c   0x0800392c   0x0000000a   Code   RO         1895    .text.OUTLINED_FUNCTION_45  stm32f4xx_hal_tim.o
    0x08003936   0x08003936   0x00000014   Code   RO         1305    .text.OUTLINED_FUNCTION_46  stm32f4xx_hal_i2c.o
    0x0800394a   0x0800394a   0x0000000a   Code   RO         1897    .text.OUTLINED_FUNCTION_46  stm32f4xx_hal_tim.o
    0x08003954   0x08003954   0x00000008   Code   RO         1901    .text.OUTLINED_FUNCTION_48  stm32f4xx_hal_tim.o
    0x0800395c   0x0800395c   0x00000008   Code   RO         1311    .text.OUTLINED_FUNCTION_49  stm32f4xx_hal_i2c.o
    0x08003964   0x08003964   0x00000006   Code   RO          366    .text.OUTLINED_FUNCTION_5  motion_control.o
    0x0800396a   0x0800396a   0x00000008   Code   RO          679    .text.OUTLINED_FUNCTION_5  floodfill.o
    0x08003972   0x08003972   0x0000001a   Code   RO         1223    .text.OUTLINED_FUNCTION_5  stm32f4xx_hal_i2c.o
    0x0800398c   0x0800398c   0x00000008   Code   RO         1561    .text.OUTLINED_FUNCTION_5  stm32f4xx_hal_rcc_ex.o
    0x08003994   0x08003994   0x00000018   Code   RO         2210    .text.OUTLINED_FUNCTION_5  stm32f4xx_hal_uart.o
    0x080039ac   0x080039ac   0x0000000a   Code   RO         1313    .text.OUTLINED_FUNCTION_50  stm32f4xx_hal_i2c.o
    0x080039b6   0x080039b6   0x0000000a   Code   RO         1315    .text.OUTLINED_FUNCTION_51  stm32f4xx_hal_i2c.o
    0x080039c0   0x080039c0   0x00000008   Code   RO         1907    .text.OUTLINED_FUNCTION_51  stm32f4xx_hal_tim.o
    0x080039c8   0x080039c8   0x00000006   Code   RO         1317    .text.OUTLINED_FUNCTION_52  stm32f4xx_hal_i2c.o
    0x080039ce   0x080039ce   0x00000010   Code   RO         1909    .text.OUTLINED_FUNCTION_52  stm32f4xx_hal_tim.o
    0x080039de   0x080039de   0x0000000c   Code   RO         1319    .text.OUTLINED_FUNCTION_53  stm32f4xx_hal_i2c.o
    0x080039ea   0x080039ea   0x0000000a   Code   RO         1917    .text.OUTLINED_FUNCTION_56  stm32f4xx_hal_tim.o
    0x080039f4   0x080039f4   0x0000000a   Code   RO         1327    .text.OUTLINED_FUNCTION_57  stm32f4xx_hal_i2c.o
    0x080039fe   0x080039fe   0x0000000a   Code   RO          368    .text.OUTLINED_FUNCTION_6  motion_control.o
    0x08003a08   0x08003a08   0x0000000c   Code   RO          681    .text.OUTLINED_FUNCTION_6  floodfill.o
    0x08003a14   0x08003a14   0x00000012   Code   RO         1225    .text.OUTLINED_FUNCTION_6  stm32f4xx_hal_i2c.o
    0x08003a26   0x08003a26   0x0000000e   Code   RO         1563    .text.OUTLINED_FUNCTION_6  stm32f4xx_hal_rcc_ex.o
    0x08003a34   0x08003a34   0x0000000e   Code   RO         1817    .text.OUTLINED_FUNCTION_6  stm32f4xx_hal_tim.o
    0x08003a42   0x08003a42   0x0000000a   Code   RO         1925    .text.OUTLINED_FUNCTION_60  stm32f4xx_hal_tim.o
    0x08003a4c   0x08003a4c   0x0000000a   Code   RO         1337    .text.OUTLINED_FUNCTION_62  stm32f4xx_hal_i2c.o
    0x08003a56   0x08003a56   0x0000000c   Code   RO         1343    .text.OUTLINED_FUNCTION_65  stm32f4xx_hal_i2c.o
    0x08003a62   0x08003a62   0x00000008   Code   RO         1351    .text.OUTLINED_FUNCTION_69  stm32f4xx_hal_i2c.o
    0x08003a6a   0x08003a6a   0x0000000a   Code   RO          370    .text.OUTLINED_FUNCTION_7  motion_control.o
    0x08003a74   0x08003a74   0x00000012   Code   RO          683    .text.OUTLINED_FUNCTION_7  floodfill.o
    0x08003a86   0x08003a86   0x0000000e   Code   RO         1227    .text.OUTLINED_FUNCTION_7  stm32f4xx_hal_i2c.o
    0x08003a94   0x08003a94   0x00000006   Code   RO         1361    .text.OUTLINED_FUNCTION_74  stm32f4xx_hal_i2c.o
    0x08003a9a   0x08003a9a   0x0000000a   Code   RO          372    .text.OUTLINED_FUNCTION_8  motion_control.o
    0x08003aa4   0x08003aa4   0x00000012   Code   RO          685    .text.OUTLINED_FUNCTION_8  floodfill.o
    0x08003ab6   0x08003ab6   0x0000000e   Code   RO         1229    .text.OUTLINED_FUNCTION_8  stm32f4xx_hal_i2c.o
    0x08003ac4   0x08003ac4   0x0000000c   Code   RO         2216    .text.OUTLINED_FUNCTION_8  stm32f4xx_hal_uart.o
    0x08003ad0   0x08003ad0   0x0000000a   Code   RO         1375    .text.OUTLINED_FUNCTION_81  stm32f4xx_hal_i2c.o
    0x08003ada   0x08003ada   0x00000006   Code   RO         1377    .text.OUTLINED_FUNCTION_82  stm32f4xx_hal_i2c.o
    0x08003ae0   0x08003ae0   0x00000008   Code   RO         1385    .text.OUTLINED_FUNCTION_86  stm32f4xx_hal_i2c.o
    0x08003ae8   0x08003ae8   0x00000008   Code   RO         1387    .text.OUTLINED_FUNCTION_87  stm32f4xx_hal_i2c.o
    0x08003af0   0x08003af0   0x00000008   Code   RO         1389    .text.OUTLINED_FUNCTION_88  stm32f4xx_hal_i2c.o
    0x08003af8   0x08003af8   0x0000000e   Code   RO          374    .text.OUTLINED_FUNCTION_9  motion_control.o
    0x08003b06   0x08003b06   0x0000000a   Code   RO          687    .text.OUTLINED_FUNCTION_9  floodfill.o
    0x08003b10   0x08003b10   0x0000000e   Code   RO         1231    .text.OUTLINED_FUNCTION_9  stm32f4xx_hal_i2c.o
    0x08003b1e   0x08003b1e   0x00000002   PAD
    0x08003b20   0x08003b20   0x00000038   Code   RO          555    .text.Profile_GetBrakingDistance  profile.o
    0x08003b58   0x08003b58   0x00000014   Code   RO          561    .text.Profile_GetSpeed  profile.o
    0x08003b6c   0x08003b6c   0x0000001e   Code   RO          541    .text.Profile_Init  profile.o
    0x08003b8a   0x08003b8a   0x00000012   Code   RO          557    .text.Profile_IsFinished  profile.o
    0x08003b9c   0x08003b9c   0x0000000e   Code   RO          543    .text.Profile_Reset  profile.o
    0x08003baa   0x08003baa   0x00000008   Code   RO          563    .text.Profile_SetSpeed  profile.o
    0x08003bb2   0x08003bb2   0x00000008   Code   RO          565    .text.Profile_SetTargetSpeed  profile.o
    0x08003bba   0x08003bba   0x00000078   Code   RO          545    .text.Profile_Start  profile.o
    0x08003c32   0x08003c32   0x00000006   PAD
    0x08003c38   0x08003c38   0x00000120   Code   RO          553    .text.Profile_Update  profile.o
    0x08003d58   0x08003d58   0x0000016c   Code   RO          735    .text.Refresh       refresh.o
    0x08003ec4   0x08003ec4   0x00000096   Code   RO          631    .text.RefreshBehindWalls  floodfill.o
    0x08003f5a   0x08003f5a   0x00000002   PAD
    0x08003f5c   0x08003f5c   0x000000c0   Code   RO          625    .text.RotateMouse   floodfill.o
    0x0800401c   0x0800401c   0x00000052   Code   RO          639    .text.ScanCenter3Left  floodfill.o
    0x0800406e   0x0800406e   0x00000062   Code   RO          633    .text.ScanCenter3Right  floodfill.o
    0x080040d0   0x080040d0   0x000001b4   Code   RO          635    .text.SetWalls      floodfill.o
    0x08004284   0x08004284   0x000001cc   Code   RO          649    .text.SolveMaze     floodfill.o
    0x08004450   0x08004450   0x0000001e   Code   RO           43    .text.StateMachine_Run  statemachine.o
    0x0800446e   0x0800446e   0x00000002   PAD
    0x08004470   0x08004470   0x000000bc   Code   RO           12    .text.State_Initialize_Enter  state_initialize.o
    0x0800452c   0x0800452c   0x00000002   Code   RO           16    .text.State_Initialize_Exit  state_initialize.o
    0x0800452e   0x0800452e   0x00000002   PAD
    0x08004530   0x08004530   0x0000001c   Code   RO           14    .text.State_Initialize_Process  state_initialize.o
    0x0800454c   0x0800454c   0x00000002   Code   RO           28    .text.State_SolveMaze_Enter  state_solvemaze.o
    0x0800454e   0x0800454e   0x00000002   Code   RO           32    .text.State_SolveMaze_Exit  state_solvemaze.o
    0x08004550   0x08004550   0x00000048   Code   RO           30    .text.State_SolveMaze_Process  state_solvemaze.o
    0x08004598   0x08004598   0x00000008   Code   RO           75    .text.SysTick_Get   delay.o
    0x080045a0   0x080045a0   0x00000010   Code   RO           69    .text.SysTick_Handler  delay.o
    0x080045b0   0x080045b0   0x0000006c   Code   RO         2381    .text.SystemCoreClockUpdate  system_stm32f4xx.o
    0x0800461c   0x0800461c   0x00000010   Code   RO         2379    .text.SystemInit    system_stm32f4xx.o
    0x0800462c   0x0800462c   0x00000024   Code   RO          275    .text.TIM1_BRK_TIM9_IRQHandler  timer.o
    0x08004650   0x08004650   0x00000024   Code   RO          269    .text.TIM2_IRQHandler  timer.o
    0x08004674   0x08004674   0x00000024   Code   RO          273    .text.TIM5_IRQHandler  timer.o
    0x08004698   0x08004698   0x00000024   Code   RO          277    .text.TIM8_BRK_TIM12_IRQHandler  timer.o
    0x080046bc   0x080046bc   0x000000d4   Code   RO         1577    .text.TIM_Base_SetConfig  stm32f4xx_hal_tim.o
    0x08004790   0x08004790   0x0000001e   Code   RO         1611    .text.TIM_CCxChannelCmd  stm32f4xx_hal_tim.o
    0x080047ae   0x080047ae   0x00000002   PAD
    0x080047b0   0x080047b0   0x00000060   Code   RO         1721    .text.TIM_OC1_SetConfig  stm32f4xx_hal_tim.o
    0x08004810   0x08004810   0x0000005c   Code   RO         1723    .text.TIM_OC2_SetConfig  stm32f4xx_hal_tim.o
    0x0800486c   0x0800486c   0x0000005c   Code   RO         1725    .text.TIM_OC3_SetConfig  stm32f4xx_hal_tim.o
    0x080048c8   0x080048c8   0x0000004c   Code   RO         1727    .text.TIM_OC4_SetConfig  stm32f4xx_hal_tim.o
    0x08004914   0x08004914   0x00000004   PAD
    0x08004918   0x08004918   0x00000030   Code   RO          667    .text.TOF_ReadSensorLegacy  floodfill.o
    0x08004948   0x08004948   0x00000020   Code   RO          281    .text.Timer_GetHandle  timer.o
    0x08004968   0x08004968   0x00000018   Code   RO          271    .text.Timer_ISR     timer.o
    0x08004980   0x08004980   0x000000f8   Code   RO          279    .text.Timer_Initialize  timer.o
    0x08004a78   0x08004a78   0x00000030   Code   RO          283    .text.Timer_Start   timer.o
    0x08004aa8   0x08004aa8   0x00000028   Code   RO          285    .text.Timer_Stop    timer.o
    0x08004ad0   0x08004ad0   0x00000288   Code   RO          651    .text.TryShortestPath  floodfill.o
    0x08004d58   0x08004d58   0x000000c0   Code   RO         2086    .text.UART_SetConfig  stm32f4xx_hal_uart.o
    0x08004e18   0x08004e18   0x00000050   Code   RO          124    .text.USART6_IRQHandler  uart.o
    0x08004e68   0x08004e68   0x000000a8   Code   RO          114    .text.Uart6_Init    uart.o
    0x08004f10   0x08004f10   0x00000028   Code   RO          118    .text.Uart6_PutChar  uart.o
    0x08004f38   0x08004f38   0x00000016   Code   RO          116    .text.Uart6_SendData  uart.o
    0x08004f4e   0x08004f4e   0x0000001a   Code   RO          621    .text.UpdateWallBottom  floodfill.o
    0x08004f68   0x08004f68   0x00000028   Code   RO          623    .text.UpdateWallLeft  floodfill.o
    0x08004f90   0x08004f90   0x00000018   Code   RO          619    .text.UpdateWallRight  floodfill.o
    0x08004fa8   0x08004fa8   0x00000024   Code   RO          617    .text.UpdateWallTop  floodfill.o
    0x08004fcc   0x08004fcc   0x00000184   Code   RO          502    .text.VL6180X_InitAll  timeoflight.o
    0x08005150   0x08005150   0x0000001c   Code   RO          504    .text.VL6180X_Read8_at  timeoflight.o
    0x0800516c   0x0800516c   0x0000004a   Code   RO          522    .text.VL6180X_ReadContinuousIfReadyAt  timeoflight.o
    0x080051b6   0x080051b6   0x00000022   Code   RO          508    .text.VL6180X_ReadRangeSingleAt  timeoflight.o
    0x080051d8   0x080051d8   0x0000006e   Code   RO          510    .text.VL6180X_ReadRangeSingleAtEx  timeoflight.o
    0x08005246   0x08005246   0x00000002   PAD
    0x08005248   0x08005248   0x00000018   Code   RO          512    .text.VL6180X_ReadSensorByIndex  timeoflight.o
    0x08005260   0x08005260   0x00000038   Code   RO          516    .text.VL6180X_StartContinuousAt  timeoflight.o
    0x08005298   0x08005298   0x0000002c   Code   RO          506    .text.VL6180X_Write8_at  timeoflight.o
    0x080052c4   0x080052c4   0x00000048   Code   RO           96    .text.WritePrintfViaSingleBytes  bledebugger.o
    0x0800530c   0x0800530c   0x00000050   Code   RO           88    .text.WriteProtocol  bledebugger.o
    0x0800535c   0x0800535c   0x0000004c   Code   RO          306    .text.cb_update_combined  motion_control.o
    0x080053a8   0x080053a8   0x0000003c   Code   RO          302    .text.cb_update_forward  motion_control.o
    0x080053e4   0x080053e4   0x00000038   Code   RO          304    .text.cb_update_rotation  motion_control.o
    0x0800541c   0x0800541c   0x00000036   Code   RO          725    .text.dequeue       queue.o
    0x08005452   0x08005452   0x00000002   PAD
    0x08005454   0x08005454   0x00000008   Code   RO          240    .text.encoder_get_forward_change_mm  encoder.o
    0x0800545c   0x0800545c   0x00000018   Code   RO          244    .text.encoder_get_rotation_change_deg  encoder.o
    0x08005474   0x08005474   0x000000dc   Code   RO          208    .text.encoder_init  encoder.o
    0x08005550   0x08005550   0x00000054   Code   RO          210    .text.encoder_reset  encoder.o
    0x080055a4   0x080055a4   0x0000002c   Code   RO          212    .text.encoder_start  encoder.o
    0x080055d0   0x080055d0   0x00000170   Code   RO          218    .text.encoder_update  encoder.o
    0x08005740   0x08005740   0x0000000e   Code   RO           94    .text.fputc         bledebugger.o
    0x0800574e   0x0800574e   0x0000000c   Code   RO          719    .text.isEmpty       queue.o
    0x0800575a   0x0800575a   0x00000002   PAD
    0x0800575c   0x0800575c   0x00000014   Code   RO            2    .text.main          main.o
    0x08005770   0x08005770   0x00000010   Code   RO          336    .text.motion_stop_all  motion_control.o
    0x08005780   0x08005780   0x00000078   Code   RO          334    .text.move          motion_control.o
    0x080057f8   0x080057f8   0x00000024   Code   RO          723    .text.push          queue.o
    0x0800581c   0x0800581c   0x00000138   Code   RO          338    .text.turn          motion_control.o
    0x08005954   0x08005954   0x00000020   Code   RO         2647    i.__0printf         mc_w.l(printfa.o)
    0x08005974   0x08005974   0x0000000e   Code   RO         2759    i.__scatterload_copy  mc_w.l(handlers.o)
    0x08005982   0x08005982   0x00000002   Code   RO         2760    i.__scatterload_null  mc_w.l(handlers.o)
    0x08005984   0x08005984   0x0000000e   Code   RO         2761    i.__scatterload_zeroinit  mc_w.l(handlers.o)
    0x08005992   0x08005992   0x00000002   PAD
    0x08005994   0x08005994   0x00000184   Code   RO         2654    i._fp_digits        mc_w.l(printfa.o)
    0x08005b18   0x08005b18   0x000006dc   Code   RO         2655    i._printf_core      mc_w.l(printfa.o)
    0x080061f4   0x080061f4   0x00000024   Code   RO         2656    i._printf_post_padding  mc_w.l(printfa.o)
    0x08006218   0x08006218   0x0000002e   Code   RO         2657    i._printf_pre_padding  mc_w.l(printfa.o)
    0x08006246   0x08006246   0x00000002   PAD
    0x08006248   0x08006248   0x00000024   Code   RO         2402    i.puts              mc_w.l(puts.o)
    0x0800626c   0x0800626c   0x00000010   Data   RO         2384    .rodata.AHBPrescTable  system_stm32f4xx.o
    0x0800627c   0x0800627c   0x00000008   Data   RO         2385    .rodata.APBPrescTable  system_stm32f4xx.o
    0x08006284   0x08006284   0x00000006   Data   RO          160    .rodata.LED_PINS    board_led.o
    0x0800628a   0x0800628a   0x00000002   PAD
    0x0800628c   0x0800628c   0x0000000c   Data   RO          161    .rodata.LED_PORTS   board_led.o
    0x08006298   0x08006298   0x0000000c   Data   RO           18    .rodata.State_Initialize  state_initialize.o
    0x080062a4   0x080062a4   0x0000000c   Data   RO           34    .rodata.State_SolveMaze  state_solvemaze.o
    0x080062b0   0x080062b0   0x000000ac   Data   RO          532    .rodata.VL6180X_WriteMandatorySettingsAt.init_seq  timeoflight.o
    0x0800635c   0x0800635c   0x00000010   Data   RO          143    .rodata.cst16       board_button.o
    0x0800636c   0x0800636c   0x00000020   Data   RO          198    .rodata.cst32       motor_driver.o
    0x0800638c   0x0800638c   0x00000001   Data   RO          701    .rodata.gSizeMouseMaze  floodfill.o
    0x0800638d   0x0800638d   0x0000008b   Data   RO          705    .rodata.str1.1      floodfill.o
    0x08006418   0x08006418   0x000003ee   Data   RO          706    .rodata.str1.4      floodfill.o
    0x08006806   0x08006806   0x00000006   Data   RO          530    .rodata.tof_sensor_addr  timeoflight.o
    0x0800680c   0x0800680c   0x00000020   Data   RO         2758    Region$$Table       anon$$obj.o


    Execution Region RW_IRAM1 (Exec base: 0x20000000, Load base: 0x08006830, Size: 0x0001d088, Max: 0x00020000, ABSOLUTE)

    Exec Addr    Load Addr    Size         Type   Attr      Idx    E Section Name        Object

    0x20000000   0x08006830   0x00000004   Data   RW         2719    .data               mc_w.l(stdout.o)
    0x20000004   0x08006834   0x0000000a   Data   RW          377    .data..L_MergedGlobals  motion_control.o
    0x2000000e   0x0800683e   0x00000002   PAD
    0x20000010   0x08006840   0x00000008   Data   RW          808    .data..L_MergedGlobals  stm32f4xx_hal.o
    0x20000018   0x08006848   0x00000004   Data   RW         2383    .data.SystemCoreClock  system_stm32f4xx.o
    0x2000001c   0x0800684c   0x00000040   Data   RW          291    .data.Timer_Context  timer.o
    0x2000005c   0x0800688c   0x00000004   PAD
    0x20000060        -       0x0000000c   Zero   RW          105    .bss..L_MergedGlobals  bledebugger.o
    0x2000006c        -       0x00000054   Zero   RW          128    .bss..L_MergedGlobals  uart.o
    0x200000c0        -       0x00000070   Zero   RW          259    .bss..L_MergedGlobals  encoder.o
    0x20000130        -       0x00000070   Zero   RW          260    .bss..L_MergedGlobals.1  encoder.o
    0x200001a0        -       0x00000078   Zero   RW          378    .bss..L_MergedGlobals.7  motion_control.o
    0x20000218        -       0x000000fa   Zero   RW          104    .bss.DebugBuffer    bledebugger.o
    0x20000312        -       0x00000100   Zero   RW          127    .bss.UART_RxBuf     uart.o
    0x20000412        -       0x00000100   Zero   RW          126    .bss.UART_TxBuf     uart.o
    0x20000512   0x0800688c   0x00000002   PAD
    0x20000514        -       0x00000054   Zero   RW          531    .bss.hi2c2          timeoflight.o
    0x20000568        -       0x00000048   Zero   RW          258    .bss.htim1          encoder.o
    0x200005b0        -       0x00000048   Zero   RW          290    .bss.htim12         timer.o
    0x200005f8        -       0x00000048   Zero   RW          287    .bss.htim2          timer.o
    0x20000640        -       0x00000048   Zero   RW          288    .bss.htim5          timer.o
    0x20000688        -       0x00000048   Zero   RW          289    .bss.htim9          timer.o
    0x200006d0        -       0x00000441   Zero   RW          708    .bss.maze           floodfill.o
    0x20000b11        -       0x00000500   Zero   RW          707    .bss.mouseMaze      floodfill.o
    0x20001011   0x0800688c   0x00000003   PAD
    0x20001014        -       0x00000004   Zero   RW           77    .bss.msTicks        delay.o
    0x20001018        -       0x00000024   Zero   RW          376    .bss.rotation_profile  motion_control.o
    0x2000103c        -       0x00000048   Zero   RW          199    .bss.tim4           motor_driver.o
    0x20001084        -       0x00000004   Zero   RW          807    .bss.uwTick         stm32f4xx_hal.o
    0x20001088        -       0x0001c000   Zero   RW         2369    STACK               startup_stm32f446xx.o


==============================================================================

Image component sizes


      Code (inc. data)   RO Data    RW Data    ZI Data      Debug   Object Name

       254         40          0          0        262       3610   bledebugger.o
       164          8         16          0          0       3017   board_button.o
       184         12         18          0          0       3171   board_led.o
       226          8          0          0          0       3379   clock_config.o
        48          8          0          0          4       5115   delay.o
       420          0          0          0          0       2393   diagonal.o
       778         40          0          0        296      10472   encoder.o
      5248        760       1146          0       2369      25229   floodfill.o
        20          4          0          0          0        776   main.o
      2510        328          0         10        156      14033   motion_control.o
       624         28         32          0         72       8269   motor_driver.o
       580         16          0          0          0       4949   profile.o
       122          4          0          0          0       1829   queue.o
       390          4          0          0          0       2862   refresh.o
        36          8        452          0     114688        960   startup_stm32f446xx.o
       218         80         12          0          0       5506   state_initialize.o
        76         20         12          0          0       1232   state_solvemaze.o
        30          0          0          0          0        972   statemachine.o
       174         20          0          8          4       8050   stm32f4xx_hal.o
       180         24          0          0          0      10892   stm32f4xx_hal_cortex.o
       428         24          0          0          0       5675   stm32f4xx_hal_gpio.o
      2414         32          0          0          0      42788   stm32f4xx_hal_i2c.o
       112         12          0          0          0       5056   stm32f4xx_hal_pwr_ex.o
       342         24          0          0          0       8120   stm32f4xx_hal_rcc.o
      1018         28          0          0          0      11379   stm32f4xx_hal_rcc_ex.o
      1666         76          0          0          0      48065   stm32f4xx_hal_tim.o
       312          4          0          0          0      25742   stm32f4xx_hal_uart.o
       124         28         24          4          0       3087   system_stm32f4xx.o
      1104         58        178          0         84      10476   timeoflight.o
       536         44          0         64        288      10025   timer.o
       310         20          0          0        596       8441   uart.o

    ----------------------------------------------------------------------
     20688       1766       1924         88     118828     295570   Object Totals
         0          0         32          0          0          0   (incl. Generated)
        40          4          2          2          9          0   (incl. Padding)

    ----------------------------------------------------------------------

      Code (inc. data)   RO Data    RW Data    ZI Data      Debug   Library Member Name

         0          0          0          0          0          0   entry.o
         0          0          0          0          0          0   entry10a.o
         0          0          0          0          0          0   entry11a.o
         8          4          0          0          0          0   entry2.o
         4          0          0          0          0          0   entry5.o
         0          0          0          0          0          0   entry7b.o
         0          0          0          0          0          0   entry8b.o
         8          4          0          0          0          0   entry9a.o
        30          0          0          0          0          0   handlers.o
        48         10          0          0          0         68   init.o
         0          0          0          0          0          0   iusefp.o
        30          0          0          0          0         68   llshl.o
        36          0          0          0          0         68   llsshr.o
        32          0          0          0          0         68   llushr.o
        36          0          0          0          0         68   memcpya.o
        36          0          0          0          0        108   memseta.o
      2258         90          0          0          0        452   printfa.o
        36          6          0          0          0         80   puts.o
         0          0          0          4          0          0   stdout.o
        44          0          0          0          0         80   uidiv.o
        98          0          0          0          0         92   uldiv.o
        48          0          0          0          0         68   cdrcmple.o
        56          0          0          0          0         88   d2f.o
       334          0          0          0          0        148   dadd.o
       222          0          0          0          0        100   ddiv.o
       186          0          0          0          0        176   depilogue.o
        50          0          0          0          0         76   dfixui.o
        48          0          0          0          0         68   dfixul.o
        26          0          0          0          0         76   dfltui.o
       228          0          0          0          0         96   dmul.o
        38          0          0          0          0         68   f2d.o
       110          0          0          0          0        168   fepilogue.o

    ----------------------------------------------------------------------
      4056        114          0          4          0       2284   Library Totals
         6          0          0          0          0          0   (incl. Padding)

    ----------------------------------------------------------------------

      Code (inc. data)   RO Data    RW Data    ZI Data      Debug   Library Name

      2704        114          0          4          0       1152   mc_w.l
      1346          0          0          0          0       1132   mf_w.l

    ----------------------------------------------------------------------
      4056        114          0          4          0       2284   Library Totals

    ----------------------------------------------------------------------

==============================================================================


      Code (inc. data)   RO Data    RW Data    ZI Data      Debug   

     24744       1880       1924         92     118828     296334   Grand Totals
     24744       1880       1924         92     118828     296334   ELF Image Totals
     24744       1880       1924         92          0          0   ROM Totals

==============================================================================

    Total RO  Size (Code + RO Data)                26668 (  26.04kB)
    Total RW  Size (RW Data + ZI Data)            118920 ( 116.13kB)
    Total ROM Size (Code + RO Data + RW Data)      26760 (  26.13kB)

==============================================================================

