Component: Arm Compiler for Embedded 6.24 Tool: armlink [5f371500]

==============================================================================

Section Cross References

    main.o(.text.main) refers to statemachine.o(.text.StateMachine_Run) for StateMachine_Run
    main.o(.text.main) refers to state_initialize.o(.rodata.State_Initialize) for State_Initialize
    main.o(.ARM.exidx.text.main) refers to main.o(.text.main) for [Anonymous Symbol]
    state_initialize.o(.text.State_Initialize_Enter) refers to stm32f4xx_hal.o(.text.HAL_Init) for HAL_Init
    state_initialize.o(.text.State_Initialize_Enter) refers to clock_config.o(.text.Clock_Config_Max_HSI) for Clock_Config_Max_HSI
    state_initialize.o(.text.State_Initialize_Enter) refers to uart.o(.text.Uart6_Init) for Uart6_Init
    state_initialize.o(.text.State_Initialize_Enter) refers to board_button.o(.text.BUTTON_Init) for BUTTON_Init
    state_initialize.o(.text.State_Initialize_Enter) refers to board_led.o(.text.Board_LED_Init) for Board_LED_Init
    state_initialize.o(.text.State_Initialize_Enter) refers to timeoflight.o(.text.HAL_I2C_MspInit) for HAL_I2C_MspInit
    state_initialize.o(.text.State_Initialize_Enter) refers to timeoflight.o(.text.MX_I2C2_Init) for MX_I2C2_Init
    state_initialize.o(.text.State_Initialize_Enter) refers to timeoflight.o(.text.VL6180X_InitMask) for VL6180X_InitMask
    state_initialize.o(.text.State_Initialize_Enter) refers to puts.o(i.puts) for puts
    state_initialize.o(.text.State_Initialize_Enter) refers to timeoflight.o(.text.VL6180X_StartContinuousAt) for VL6180X_StartContinuousAt
    state_initialize.o(.text.State_Initialize_Enter) refers to printfa.o(i.__0printf) for __2printf
    state_initialize.o(.text.State_Initialize_Enter) refers to wall_sensors_45.o(.text.WallSensors45_Init) for WallSensors45_Init
    state_initialize.o(.text.State_Initialize_Enter) refers to motor_driver.o(.text.Motor_Init) for Motor_Init
    state_initialize.o(.text.State_Initialize_Enter) refers to encoder.o(.text.encoder_init) for encoder_init
    state_initialize.o(.text.State_Initialize_Enter) refers to encoder.o(.text.encoder_start) for encoder_start
    state_initialize.o(.text.State_Initialize_Enter) refers to motion_control.o(.text.MotionController_Init) for MotionController_Init
    state_initialize.o(.text.State_Initialize_Enter) refers to motion_control.o(.text.MotionController_Reset) for MotionController_Reset
    state_initialize.o(.text.State_Initialize_Enter) refers to motion_control.o(.text.Motion_Init) for Motion_Init
    state_initialize.o(.text.State_Initialize_Enter) refers to floodfill.o(.text.InitMouseMaze) for InitMouseMaze
    state_initialize.o(.text.State_Initialize_Enter) refers to floodfill.o(.text.InitMaze) for InitMaze
    state_initialize.o(.text.State_Initialize_Enter) refers to timeoflight.o(.bss.hi2c2) for hi2c2
    state_initialize.o(.text.State_Initialize_Enter) refers to timeoflight.o(.rodata.tof_sensor_addr) for tof_sensor_addr
    state_initialize.o(.text.State_Initialize_Enter) refers to floodfill.o(.bss.mouseMaze) for mouseMaze
    state_initialize.o(.text.State_Initialize_Enter) refers to floodfill.o(.bss.maze) for maze
    state_initialize.o(.text.State_Initialize_Enter) refers to system_stm32f4xx.o(.data.SystemCoreClock) for SystemCoreClock
    state_initialize.o(.ARM.exidx.text.State_Initialize_Enter) refers to state_initialize.o(.text.State_Initialize_Enter) for [Anonymous Symbol]
    state_initialize.o(.text.State_Initialize_Process) refers to board_button.o(.text.BUTTON2_Pressed) for BUTTON2_Pressed
    state_initialize.o(.text.State_Initialize_Process) refers to sensor_normalize.o(.text.IR_CalibrateReference) for IR_CalibrateReference
    state_initialize.o(.text.State_Initialize_Process) refers to puts.o(i.puts) for puts
    state_initialize.o(.text.State_Initialize_Process) refers to state_initialize.o(.rodata.State_Initialize) for State_Initialize
    state_initialize.o(.text.State_Initialize_Process) refers to state_solvemaze.o(.rodata.State_SolveMaze) for State_SolveMaze
    state_initialize.o(.ARM.exidx.text.State_Initialize_Process) refers to state_initialize.o(.text.State_Initialize_Process) for [Anonymous Symbol]
    state_initialize.o(.ARM.exidx.text.State_Initialize_Exit) refers to state_initialize.o(.text.State_Initialize_Exit) for [Anonymous Symbol]
    state_initialize.o(.rodata.State_Initialize) refers to state_initialize.o(.text.State_Initialize_Enter) for State_Initialize_Enter
    state_initialize.o(.rodata.State_Initialize) refers to state_initialize.o(.text.State_Initialize_Process) for State_Initialize_Process
    state_initialize.o(.rodata.State_Initialize) refers to state_initialize.o(.text.State_Initialize_Exit) for State_Initialize_Exit
    state_solvemaze.o(.text.Test_IR45Sensors) refers to sensor_normalize.o(.text.IR_Update) for IR_Update
[...]
    i.__0printf                              0x08004aa8   Section        0  printfa.o(i.__0printf)
    i.__scatterload_copy                     0x08004ac8   Section       14  handlers.o(i.__scatterload_copy)
    i.__scatterload_null                     0x08004ad6   Section        2  handlers.o(i.__scatterload_null)
    i.__scatterload_zeroinit                 0x08004ad8   Section       14  handlers.o(i.__scatterload_zeroinit)
    _fp_digits                               0x08004ae9   Thumb Code   366  printfa.o(i._fp_digits)
    i._fp_digits                             0x08004ae8   Section        0  printfa.o(i._fp_digits)
    _printf_core                             0x08004c6d   Thumb Code  1744  printfa.o(i._printf_core)
    i._printf_core                           0x08004c6c   Section        0  printfa.o(i._printf_core)
    _printf_post_padding                     0x08005349   Thumb Code    36  printfa.o(i._printf_post_padding)
    i._printf_post_padding                   0x08005348   Section        0  printfa.o(i._printf_post_padding)
    _printf_pre_padding                      0x0800536d   Thumb Code    46  printfa.o(i._printf_pre_padding)
    i._printf_pre_padding                    0x0800536c   Section        0  printfa.o(i._printf_pre_padding)
    i.puts                                   0x0800539c   Section        0  puts.o(i.puts)
    LED_PINS                                 0x080053d8   Data           6  board_led.o(.rodata.LED_PINS)
    [Anonymous Symbol]                       0x080053d8   Section        0  board_led.o(.rodata.LED_PINS)
    LED_PORTS                                0x080053e0   Data          12  board_led.o(.rodata.LED_PORTS)
    [Anonymous Symbol]                       0x080053e0   Section        0  board_led.o(.rodata.LED_PORTS)
    VL6180X_WriteMandatorySettingsAt.init_seq 0x08005404   Data         172  timeoflight.o(.rodata.VL6180X_WriteMandatorySettingsAt.init_seq)
    [Anonymous Symbol]                       0x08005404   Section        0  timeoflight.o(.rodata.VL6180X_WriteMandatorySettingsAt.init_seq)
    BUTTON_PIN                               0x080054b0   Data          16  board_button.o(.rodata.cst16)
    [Anonymous Symbol]                       0x080054b0   Section        0  board_button.o(.rodata.cst16)
    SENSOR_PIN                               0x080054c0   Data          16  sensor.o(.rodata.cst16)
    [Anonymous Symbol]                       0x080054c0   Section        0  sensor.o(.rodata.cst16)
    VCC_SENSOR_PIN                           0x080054d0   Data          16  sensor.o(.rodata.cst16)
    MOTOR_CTRL_PIN                           0x080054e0   Data          32  motor_driver.o(.rodata.cst32)
    [Anonymous Symbol]                       0x080054e0   Section        0  motor_driver.o(.rodata.cst32)
    [Anonymous Symbol]                       0x08005500   Section        0  floodfill.o(.rodata.str1.4)
    .data                                    0x20000000   Section        4  stdout.o(.data)
    WALL_STEER_ENABLE                        0x20000004   Data           1  motion_control.o(.data..L_MergedGlobals)
    [Anonymous Symbol]                       0x20000004   Section        0  motion_control.o(.data..L_MergedGlobals)
    s_tof_rm_mm                              0x20000006   Data           2  motion_control.o(.data..L_MergedGlobals)
    s_tof_lm_mm                              0x20000008   Data           2  motion_control.o(.data..L_MergedGlobals)
    s_debug_tof_rm_mm                        0x2000000a   Data           2  motion_control.o(.data..L_MergedGlobals)
    s_debug_tof_lm_mm                        0x2000000c   Data           2  motion_control.o(.data..L_MergedGlobals)
    s_left45_mm                              0x2000000e   Data           2  wall_sensors_45.o(.data..L_MergedGlobals)
    [Anonymous Symbol]                       0x2000000e   Section        0  wall_sensors_45.o(.data..L_MergedGlobals)
    s_right45_mm                             0x20000010   Data           2  wall_sensors_45.o(.data..L_MergedGlobals)
    [Anonymous Symbol]                       0x20000014   Section        0  stm32f4xx_hal.o(.data..L_MergedGlobals)
    Timer_Context                            0x20000020   Data          64  timer.o(.data.Timer_Context)
    [Anonymous Symbol]                       0x20000020   Section        0  timer.o(.data.Timer_Context)
    Protocol_IsPrintfCMD                     0x20000060   Data           1  bledebugger.o(.bss..L_MergedGlobals)
    [Anonymous Symbol]                       0x20000060   Section        0  bledebugger.o(.bss..L_MergedGlobals)
    LastUartMsgTS                            0x20000064   Data           4  bledebugger.o(.bss..L_MergedGlobals)
    LastPrintfCMD                            0x20000068   Data           4  bledebugger.o(.bss..L_MergedGlobals)
    UART_RxHead                              0x2000006c   Data           4  uart.o(.bss..L_MergedGlobals)
    [Anonymous Symbol]                       0x2000006c   Section        0  uart.o(.bss..L_MergedGlobals)
    UART_RxTail                              0x20000070   Data           4  uart.o(.bss..L_MergedGlobals)
    UART_TxHead                              0x20000074   Data           4  uart.o(.bss..L_MergedGlobals)
    UART_TxTail                              0x20000078   Data           4  uart.o(.bss..L_MergedGlobals)
    s_hist_index                             0x200000c0   Data           1  encoder.o(.bss..L_MergedGlobals)
    [Anonymous Symbol]                       0x200000c0   Section        0  encoder.o(.bss..L_MergedGlobals)
    s_last_hw_count_left                     0x200000c2   Data           2  encoder.o(.bss..L_MergedGlobals)
    s_last_hw_count_right                    0x200000c4   Data           2  encoder.o(.bss..L_MergedGlobals)
    s_delta_counts_left                      0x200000c6   Data           2  encoder.o(.bss..L_MergedGlobals)
    s_delta_counts_right                     0x200000c8   Data           2  encoder.o(.bss..L_MergedGlobals)
    s_total_counts_left                      0x200000cc   Data           4  encoder.o(.bss..L_MergedGlobals)
    s_total_counts_right                     0x200000d0   Data           4  encoder.o(.bss..L_MergedGlobals)
    s_left_mm                                0x200000d4   Data           4  encoder.o(.bss..L_MergedGlobals)
    s_right_mm                               0x200000d8   Data           4  encoder.o(.bss..L_MergedGlobals)
    s_left_speed_mms                         0x200000dc   Data           4  encoder.o(.bss..L_MergedGlobals)
    s_right_speed_mms                        0x200000e0   Data           4  encoder.o(.bss..L_MergedGlobals)
    s_forward_change_mm                      0x200000e4   Data           4  encoder.o(.bss..L_MergedGlobals)
    s_rotation_change_rad                    0x200000e8   Data           4  encoder.o(.bss..L_MergedGlobals)
    s_distance_mm                            0x200000ec   Data           4  encoder.o(.bss..L_MergedGlobals)
    s_angle_rad                              0x200000f0   Data           4  encoder.o(.bss..L_MergedGlobals)
    s_segment_distance_mm                    0x200000f4   Data           4  encoder.o(.bss..L_MergedGlobals)
    s_segment_angle_rad                      0x200000f8   Data           4  encoder.o(.bss..L_MergedGlobals)
    s_sum_left                               0x200000fc   Data           4  encoder.o(.bss..L_MergedGlobals)
    s_sum_right                              0x20000100   Data           4  encoder.o(.bss..L_MergedGlobals)
    s_yaw_rate_rads                          0x20000104   Data           4  encoder.o(.bss..L_MergedGlobals)
    s_hist_left                              0x20000108   Data          40  encoder.o(.bss..L_MergedGlobals)
    s_hist_right                             0x20000130   Data          40  encoder.o(.bss..L_MergedGlobals.1)
    [Anonymous Symbol]                       0x20000130   Section        0  encoder.o(.bss..L_MergedGlobals.1)
    s_tof_divider                            0x200001a0   Data           1  motion_control.o(.bss..L_MergedGlobals.7)
    [Anonymous Symbol]                       0x200001a0   Section        0  motion_control.o(.bss..L_MergedGlobals.7)
    s_debug_rm_updates                       0x200001a4   Data           4  motion_control.o(.bss..L_MergedGlobals.7)
    s_debug_lm_updates                       0x200001a8   Data           4  motion_control.o(.bss..L_MergedGlobals.7)
    s_update_freq_last_tick                  0x200001ac   Data           4  motion_control.o(.bss..L_MergedGlobals.7)
    s_debug_rm_hz                            0x200001b0   Data           4  motion_control.o(.bss..L_MergedGlobals.7)
    s_debug_lm_hz                            0x200001b4   Data           4  motion_control.o(.bss..L_MergedGlobals.7)
    s_wall_error_filt                        0x200001b8   Data           4  motion_control.o(.bss..L_MergedGlobals.7)
    s_wall_error_prev                        0x200001bc   Data           4  motion_control.o(.bss..L_MergedGlobals.7)
    s_prev_left_speed_ref_mms                0x200001c0   Data           4  motion_control.o(.bss..L_MergedGlobals.7)
    s_prev_right_speed_ref_mms               0x200001c4   Data           4  motion_control.o(.bss..L_MergedGlobals.7)
    s_debug_wall_error                       0x200001c8   Data           4  motion_control.o(.bss..L_MergedGlobals.7)
    s_debug_steering_dps                     0x200001cc   Data           4  motion_control.o(.bss..L_MergedGlobals.7)
    UART_RxBuf                               0x20000218   Data         256  uart.o(.bss.UART_RxBuf)
    [Anonymous Symbol]                       0x20000218   Section        0  uart.o(.bss.UART_RxBuf)
    UART_TxBuf                               0x20000318   Data         256  uart.o(.bss.UART_TxBuf)
    [Anonymous Symbol]                       0x20000318   Section        0  uart.o(.bss.UART_TxBuf)
    msTicks                                  0x20000f60   Data           4  delay.o(.bss.msTicks)
    [Anonymous Symbol]                       0x20000f60   Section        0  delay.o(.bss.msTicks)
    s_ir                                     0x20000f88   Data          56  sensor_normalize.o(.bss.s_ir)
    [Anonymous Symbol]                       0x20000f88   Section        0  sensor_normalize.o(.bss.s_ir)
    STACK                                    0x20001010   Section    114688  startup_stm32f446xx.o(STACK)

    Global Symbols

    Symbol Name                              Value     Ov Type        Size  Object(Section)

    BuildAttributes$$THM_ISAv4$E$P$D$K$B$S$7EM$VFPi3$EXTD16$VFPS$VFMA$PE$A:L22UL41UL21$X:L11$S22US41US21$IEEE1$IW$~IW$USESV6$~STKCKD$USESV7$~SHL$OTIME$ROPI$IEEEX$EBA8$MICROLIB$REQ8$PRES8$EABIv2 0x00000000   Number         0  anon$$obj.o ABSOLUTE
    __use_no_errno                           0x00000000   Number         0  useno.o ABSOLUTE
    __use_no_exception_handling              0x00000000   Number         0  useno.o ABSOLUTE
    __use_no_fp                              0x00000000   Number         0  useno.o ABSOLUTE
    __use_no_heap                            0x00000000   Number         0  useno.o ABSOLUTE
    __use_no_heap_region                     0x00000000   Number         0  useno.o ABSOLUTE
    __use_no_semihosting                     0x00000000   Number         0  useno.o ABSOLUTE
    __use_no_semihosting_swi                 0x00000000   Number         0  useno.o ABSOLUTE
    __use_no_signal_handling                 0x00000000   Number         0  useno.o ABSOLUTE
    _printf_a                                0x00000000   Number         0  printfstubs.o ABSOLUTE
    _printf_c                                0x00000000   Number         0  printfstubs.o ABSOLUTE
    _printf_charcount                        0x00000000   Number         0  printfstubs.o ABSOLUTE
    _printf_d                                0x00000000   Number         0  printfstubs.o ABSOLUTE
    _printf_e                                0x00000000   Number         0  printfstubs.o ABSOLUTE
    _printf_f                                0x00000000   Number         0  printfstubs.o ABSOLUTE
    _printf_flags                            0x00000000   Number         0  printfstubs.o ABSOLUTE
    _printf_fp_dec                           0x00000000   Number         0  printfstubs.o ABSOLUTE
    _printf_fp_hex                           0x00000000   Number         0  printfstubs.o ABSOLUTE
    _printf_g                                0x00000000   Number         0  printfstubs.o ABSOLUTE
    _printf_i                                0x00000000   Number         0  printfstubs.o ABSOLUTE
    _printf_int_dec                          0x00000000   Number         0  printfstubs.o ABSOLUTE
    _printf_l                                0x00000000   Number         0  printfstubs.o ABSOLUTE
    _printf_lc                               0x00000000   Number         0  printfstubs.o ABSOLUTE
    _printf_ll                               0x00000000   Number         0  printfstubs.o ABSOLUTE
    _printf_lld                              0x00000000   Number         0  printfstubs.o ABSOLUTE
    _printf_lli                              0x00000000   Number         0  printfstubs.o ABSOLUTE
    _printf_llo                              0x00000000   Number         0  printfstubs.o ABSOLUTE
    _printf_llu                              0x00000000   Number         0  printfstubs.o ABSOLUTE
    _printf_llx                              0x00000000   Number         0  printfstubs.o ABSOLUTE
    _printf_longlong_dec                     0x00000000   Number         0  printfstubs.o ABSOLUTE
    _printf_longlong_hex                     0x00000000   Number         0  printfstubs.o ABSOLUTE
    _printf_longlong_oct                     0x00000000   Number         0  printfstubs.o ABSOLUTE
    _printf_ls                               0x00000000   Number         0  printfstubs.o ABSOLUTE
    _printf_mbtowc                           0x00000000   Number         0  printfstubs.o ABSOLUTE
    _printf_n                                0x00000000   Number         0  printfstubs.o ABSOLUTE
    _printf_o                                0x00000000   Number         0  printfstubs.o ABSOLUTE
    _printf_p                                0x00000000   Number         0  printfstubs.o ABSOLUTE
    _printf_percent                          0x00000000   Number         0  printfstubs.o ABSOLUTE
    _printf_pre_padding                      0x00000000   Number         0  printfstubs.o ABSOLUTE
    _printf_return_value                     0x00000000   Number         0  printfstubs.o ABSOLUTE
    _printf_s                                0x00000000   Number         0  printfstubs.o ABSOLUTE
    _printf_sizespec                         0x00000000   Number         0  printfstubs.o ABSOLUTE
    _printf_str                              0x00000000   Number         0  printfstubs.o ABSOLUTE
    _printf_truncate_signed                  0x00000000   Number         0  printfstubs.o ABSOLUTE
    _printf_truncate_unsigned                0x00000000   Number         0  printfstubs.o ABSOLUTE
    _printf_u                                0x00000000   Number         0  printfstubs.o ABSOLUTE
    _printf_wc                               0x00000000   Number         0  printfstubs.o ABSOLUTE
    _printf_wctomb                           0x00000000   Number         0  printfstubs.o ABSOLUTE
    _printf_widthprec                        0x00000000   Number         0  printfstubs.o ABSOLUTE
    _printf_x                                0x00000000   Number         0  printfstubs.o ABSOLUTE
    __cpp_initialize__aeabi_                  - Undefined Weak Reference
    __cxa_finalize                            - Undefined Weak Reference
    __decompress                              - Undefined Weak Reference
    _clock_init                               - Undefined Weak Reference
    _microlib_exit                            - Undefined Weak Reference
    __Vectors_Size                           0x000001c4   Number         0  startup_stm32f446xx.o ABSOLUTE
    __Vectors                                0x08000000   Data           4  startup_stm32f446xx.o(RESET)
    __Vectors_End                            0x080001c4   Data           0  startup_stm32f446xx.o(RESET)
    __main                                   0x080001c5   Thumb Code     0  entry.o(.ARM.Collect$$$$00000000)
    _main_stk                                0x080001c5   Thumb Code     0  entry2.o(.ARM.Collect$$$$00000001)
    _main_scatterload                        0x080001c9   Thumb Code     0  entry5.o(.ARM.Collect$$$$00000004)
    __main_after_scatterload                 0x080001cd   Thumb Code     0  entry5.o(.ARM.Collect$$$$00000004)
    _main_clock                              0x080001cd   Thumb Code     0  entry7b.o(.ARM.Collect$$$$00000008)
    _main_cpp_init                           0x080001cd   Thumb Code     0  entry8b.o(.ARM.Collect$$$$0000000A)
    _main_init                               0x080001cd   Thumb Code     0  entry9a.o(.ARM.Collect$$$$0000000B)
    __rt_final_cpp                           0x080001d5   Thumb Code     0  entry10a.o(.ARM.Collect$$$$0000000D)
    __rt_final_exit                          0x080001d5   Thumb Code     0  entry11a.o(.ARM.Collect$$$$0000000F)
    Reset_Handler                            0x080001d9   Thumb Code     8  startup_stm32f446xx.o(.text)
    NMI_Handler                              0x080001e1   Thumb Code     2  startup_stm32f446xx.o(.text)
    HardFault_Handler                        0x080001e3   Thumb Code     2  startup_stm32f446xx.o(.text)
    MemManage_Handler                        0x080001e5   Thumb Code     2  startup_stm32f446xx.o(.text)
    BusFault_Handler                         0x080001e7   Thumb Code     2  startup_stm32f446xx.o(.text)
    UsageFault_Handler                       0x080001e9   Thumb Code     2  startup_stm32f446xx.o(.text)
    SVC_Handler                              0x080001eb   Thumb Code     2  startup_stm32f446xx.o(.text)
    DebugMon_Handler                         0x080001ed   Thumb Code     2  startup_stm32f446xx.o(.text)
    PendSV_Handler                           0x080001ef   Thumb Code     2  startup_stm32f446xx.o(.text)
    ADC_IRQHandler                           0x080001f3   Thumb Code     0  startup_stm32f446xx.o(.text)
    CAN1_RX0_IRQHandler                      0x080001f3   Thumb Code     0  startup_stm32f446xx.o(.text)
    CAN1_RX1_IRQHandler                      0x080001f3   Thumb Code     0  startup_stm32f446xx.o(.text)
    CAN1_SCE_IRQHandler                      0x080001f3   Thumb Code     0  startup_stm32f446xx.o(.text)
    CAN1_TX_IRQHandler                       0x080001f3   Thumb Code     0  startup_stm32f446xx.o(.text)
    CAN2_RX0_IRQHandler                      0x080001f3   Thumb Code     0  startup_stm32f446xx.o(.text)
    CAN2_RX1_IRQHandler                      0x080001f3   Thumb Code     0  startup_stm32f446xx.o(.text)
    CAN2_SCE_IRQHandler                      0x080001f3   Thumb Code     0  startup_stm32f446xx.o(.text)
    CAN2_TX_IRQHandler                       0x080001f3   Thumb Code     0  startup_stm32f446xx.o(.text)
    CEC_IRQHandler                           0x080001f3   Thumb Code     0  startup_stm32f446xx.o(.text)
    DCMI_IRQHandler                          0x080001f3   Thumb Code     0  startup_stm32f446xx.o(.text)
    DMA1_Stream0_IRQHandler                  0x080001f3   Thumb Code     0  startup_stm32f446xx.o(.text)
    DMA1_Stream1_IRQHandler                  0x080001f3   Thumb Code     0  startup_stm32f446xx.o(.text)
    DMA1_Stream2_IRQHandler                  0x080001f3   Thumb Code     0  startup_stm32f446xx.o(.text)
    DMA1_Stream3_IRQHandler                  0x080001f3   Thumb Code     0  startup_stm32f446xx.o(.text)
    DMA1_Stream4_IRQHandler                  0x080001f3   Thumb Code     0  startup_stm32f446xx.o(.text)
    DMA1_Stream5_IRQHandler                  0x080001f3   Thumb Code     0  startup_stm32f446xx.o(.text)
    DMA1_Stream6_IRQHandler                  0x080001f3   Thumb Code     0  startup_stm32f446xx.o(.text)
    DMA1_Stream7_IRQHandler                  0x080001f3   Thumb Code     0  startup_stm32f446xx.o(.text)
    DMA2_Stream0_IRQHandler                  0x080001f3   Thumb Code     0  startup_stm32f446xx.o(.text)
    DMA2_Stream1_IRQHandler                  0x080001f3   Thumb Code     0  startup_stm32f446xx.o(.text)
    DMA2_Stream2_IRQHandler                  0x080001f3   Thumb Code     0  startup_stm32f446xx.o(.text)
    DMA2_Stream3_IRQHandler                  0x080001f3   Thumb Code     0  startup_stm32f446xx.o(.text)
    DMA2_Stream4_IRQHandler                  0x080001f3   Thumb Code     0  startup_stm32f446xx.o(.text)
    DMA2_Stream5_IRQHandler                  0x080001f3   Thumb Code     0  startup_stm32f446xx.o(.text)
    DMA2_Stream6_IRQHandler                  0x080001f3   Thumb Code     0  startup_stm32f446xx.o(.text)
    DMA2_Stream7_IRQHandler                  0x080001f3   Thumb Code     0  startup_stm32f446xx.o(.text)
    EXTI0_IRQHandler                         0x080001f3   Thumb Code     0  startup_stm32f446xx.o(.text)
    EXTI15_10_IRQHandler                     0x080001f3   Thumb Code     0  startup_stm32f446xx.o(.text)
    EXTI1_IRQHandler                         0x080001f3   Thumb Code     0  startup_stm32f446xx.o(.text)
    EXTI2_IRQHandler                         0x080001f3   Thumb Code     0  startup_stm32f446xx.o(.text)
    EXTI3_IRQHandler                         0x080001f3   Thumb Code     0  startup_stm32f446xx.o(.text)
    EXTI4_IRQHandler                         0x080001f3   Thumb Code     0  startup_stm32f446xx.o(.text)
    EXTI9_5_IRQHandler                       0x080001f3   Thumb Code     0  startup_stm32f446xx.o(.text)
    FLASH_IRQHandler                         0x080001f3   Thumb Code     0  startup_stm32f446xx.o(.text)
    FMC_IRQHandler                           0x080001f3   Thumb Code     0  startup_stm32f446xx.o(.text)
    FMPI2C1_ER_IRQHandler                    0x080001f3   Thumb Code     0  startup_stm32f446xx.o(.text)
    FMPI2C1_EV_IRQHandler                    0x080001f3   Thumb Code     0  startup_stm32f446xx.o(.text)
    FPU_IRQHandler                           0x080001f3   Thumb Code     0  startup_stm32f446xx.o(.text)
    I2C1_ER_IRQHandler                       0x080001f3   Thumb Code     0  startup_stm32f446xx.o(.text)
    I2C1_EV_IRQHandler                       0x080001f3   Thumb Code     0  startup_stm32f446xx.o(.text)
    I2C2_ER_IRQHandler                       0x080001f3   Thumb Code     0  startup_stm32f446xx.o(.text)
    I2C2_EV_IRQHandler                       0x080001f3   Thumb Code     0  startup_stm32f446xx.o(.text)
    I2C3_ER_IRQHandler                       0x080001f3   Thumb Code     0  startup_stm32f446xx.o(.text)
    I2C3_EV_IRQHandler                       0x080001f3   Thumb Code     0  startup_stm32f446xx.o(.text)
    OTG_FS_IRQHandler                        0x080001f3   Thumb Code     0  startup_stm32f446xx.o(.text)
    OTG_FS_WKUP_IRQHandler                   0x080001f3   Thumb Code     0  startup_stm32f446xx.o(.text)
    OTG_HS_EP1_IN_IRQHandler                 0x080001f3   Thumb Code     0  startup_stm32f446xx.o(.text)
    OTG_HS_EP1_OUT_IRQHandler                0x080001f3   Thumb Code     0  startup_stm32f446xx.o(.text)
    OTG_HS_IRQHandler                        0x080001f3   Thumb Code     0  startup_stm32f446xx.o(.text)
    OTG_HS_WKUP_IRQHandler                   0x080001f3   Thumb Code     0  startup_stm32f446xx.o(.text)
    PVD_IRQHandler                           0x080001f3   Thumb Code     0  startup_stm32f446xx.o(.text)
    QUADSPI_IRQHandler                       0x080001f3   Thumb Code     0  startup_stm32f446xx.o(.text)
    RCC_IRQHandler                           0x080001f3   Thumb Code     0  startup_stm32f446xx.o(.text)
    RTC_Alarm_IRQHandler                     0x080001f3   Thumb Code     0  startup_stm32f446xx.o(.text)
    RTC_WKUP_IRQHandler                      0x080001f3   Thumb Code     0  startup_stm32f446xx.o(.text)
    SAI1_IRQHandler                          0x080001f3   Thumb Code     0  startup_stm32f446xx.o(.text)
    SAI2_IRQHandler                          0x080001f3   Thumb Code     0  startup_stm32f446xx.o(.text)
    SDIO_IRQHandler                          0x080001f3   Thumb Code     0  startup_stm32f446xx.o(.text)
    SPDIF_RX_IRQHandler                      0x080001f3   Thumb Code     0  startup_stm32f446xx.o(.text)
    SPI1_IRQHandler                          0x080001f3   Thumb Code     0  startup_stm32f446xx.o(.text)
    SPI2_IRQHandler                          0x080001f3   Thumb Code     0  startup_stm32f446xx.o(.text)
    SPI3_IRQHandler                          0x080001f3   Thumb Code     0  startup_stm32f446xx.o(.text)
    SPI4_IRQHandler                          0x080001f3   Thumb Code     0  startup_stm32f446xx.o(.text)
    TAMP_STAMP_IRQHandler                    0x080001f3   Thumb Code     0  startup_stm32f446xx.o(.text)
    TIM1_CC_IRQHandler                       0x080001f3   Thumb Code     0  startup_stm32f446xx.o(.text)
    TIM1_TRG_COM_TIM11_IRQHandler            0x080001f3   Thumb Code     0  startup_stm32f446xx.o(.text)
    TIM1_UP_TIM10_IRQHandler                 0x080001f3   Thumb Code     0  startup_stm32f446xx.o(.text)
    TIM3_IRQHandler                          0x080001f3   Thumb Code     0  startup_stm32f446xx.o(.text)
    TIM4_IRQHandler                          0x080001f3   Thumb Code     0  startup_stm32f446xx.o(.text)
    TIM6_DAC_IRQHandler                      0x080001f3   Thumb Code     0  startup_stm32f446xx.o(.text)
    TIM7_IRQHandler                          0x080001f3   Thumb Code     0  startup_stm32f446xx.o(.text)
    TIM8_CC_IRQHandler                       0x080001f3   Thumb Code     0  startup_stm32f446xx.o(.text)
    TIM8_TRG_COM_TIM14_IRQHandler            0x080001f3   Thumb Code     0  startup_stm32f446xx.o(.text)
    TIM8_UP_TIM13_IRQHandler                 0x080001f3   Thumb Code     0  startup_stm32f446xx.o(.text)
    UART4_IRQHandler                         0x080001f3   Thumb Code     0  startup_stm32f446xx.o(.text)
    UART5_IRQHandler                         0x080001f3   Thumb Code     0  startup_stm32f446xx.o(.text)
    USART1_IRQHandler                        0x080001f3   Thumb Code     0  startup_stm32f446xx.o(.text)
    USART2_IRQHandler                        0x080001f3   Thumb Code     0  startup_stm32f446xx.o(.text)
    USART3_IRQHandler                        0x080001f3   Thumb Code     0  startup_stm32f446xx.o(.text)
    WWDG_IRQHandler                          0x080001f3   Thumb Code     0  startup_stm32f446xx.o(.text)
    __aeabi_uldivmod                         0x080001fd   Thumb Code    98  uldiv.o(.text)
    __aeabi_memcpy                           0x0800025f   Thumb Code    36  memcpya.o(.text)
    __aeabi_memcpy4                          0x0800025f   Thumb Code     0  memcpya.o(.text)
    __aeabi_memcpy8                          0x0800025f   Thumb Code     0  memcpya.o(.text)
    __aeabi_memset                           0x08000283   Thumb Code    14  memseta.o(.text)
    __aeabi_memset4                          0x08000283   Thumb Code     0  memseta.o(.text)
    __aeabi_memset8                          0x08000283   Thumb Code     0  memseta.o(.text)
    __aeabi_memclr                           0x08000291   Thumb Code     4  memseta.o(.text)
    __aeabi_memclr4                          0x08000291   Thumb Code     0  memseta.o(.text)
    __aeabi_memclr8                          0x08000291   Thumb Code     0  memseta.o(.text)
    _memset$wrapper                          0x08000295   Thumb Code    18  memseta.o(.text)
    __aeabi_dadd                             0x080002a7   Thumb Code   322  dadd.o(.text)
    __aeabi_dsub                             0x080003e9   Thumb Code     6  dadd.o(.text)
    __aeabi_drsub                            0x080003ef   Thumb Code     6  dadd.o(.text)
    __aeabi_dmul                             0x080003f5   Thumb Code   228  dmul.o(.text)
    __aeabi_ddiv                             0x080004d9   Thumb Code   222  ddiv.o(.text)
    __aeabi_f2d                              0x080005b7   Thumb Code    38  f2d.o(.text)
    __aeabi_d2f                              0x080005dd   Thumb Code    56  d2f.o(.text)
    __aeabi_uidiv                            0x08000615   Thumb Code     0  uidiv.o(.text)
    __aeabi_uidivmod                         0x08000615   Thumb Code    44  uidiv.o(.text)
    __aeabi_llsl                             0x08000641   Thumb Code    30  llshl.o(.text)
    _ll_shift_l                              0x08000641   Thumb Code     0  llshl.o(.text)
    __aeabi_llsr                             0x0800065f   Thumb Code    32  llushr.o(.text)
    _ll_ushift_r                             0x0800065f   Thumb Code     0  llushr.o(.text)
    __aeabi_lasr                             0x0800067f   Thumb Code    36  llsshr.o(.text)
    _ll_sshift_r                             0x0800067f   Thumb Code     0  llsshr.o(.text)
    __I$use$fp                               0x080006a3   Thumb Code     0  iusefp.o(.text)
    _float_round                             0x080006a3   Thumb Code    18  fepilogue.o(.text)
    _float_epilogue                          0x080006b5   Thumb Code    92  fepilogue.o(.text)
    _double_round                            0x08000711   Thumb Code    30  depilogue.o(.text)
    _double_epilogue                         0x0800072f   Thumb Code   156  depilogue.o(.text)
    __aeabi_d2ulz                            0x080007cb   Thumb Code    48  dfixul.o(.text)
    __aeabi_cdrcmple                         0x080007fd   Thumb Code    48  cdrcmple.o(.text)
    __scatterload                            0x0800082d   Thumb Code    38  init.o(.text)
    __scatterload_rt2                        0x0800082d   Thumb Code     0  init.o(.text)
    ADC_Convert                              0x0800085d   Thumb Code    58  adc.o(.text.ADC_Convert)
    ADC_Enable                               0x08000897   Thumb Code    10  adc.o(.text.ADC_Enable)
    ADC_Init                                 0x080008a1   Thumb Code    72  adc.o(.text.ADC_Init)
    BUTTON1_Pressed                          0x080008f5   Thumb Code    20  board_button.o(.text.BUTTON1_Pressed)
    BUTTON2_Pressed                          0x08000909   Thumb Code    20  board_button.o(.text.BUTTON2_Pressed)
    BUTTON_Init                              0x0800091d   Thumb Code   116  board_button.o(.text.BUTTON_Init)
    Board_LED_Init                           0x08000999   Thumb Code   116  board_led.o(.text.Board_LED_Init)
    Board_LED_On                             0x08000a11   Thumb Code    28  board_led.o(.text.Board_LED_On)
    Clock_Config_Max_HSI                     0x08000a35   Thumb Code   124  clock_config.o(.text.Clock_Config_Max_HSI)
    Delay_ms                                 0x08000ae1   Thumb Code    20  delay.o(.text.Delay_ms)
    HAL_ADC_ConfigChannel                    0x08000af9   Thumb Code   272  stm32f4xx_hal_adc.o(.text.HAL_ADC_ConfigChannel)
    HAL_ADC_GetValue                         0x08000c0d   Thumb Code     6  stm32f4xx_hal_adc.o(.text.HAL_ADC_GetValue)
    HAL_ADC_Init                             0x08000c15   Thumb Code   308  stm32f4xx_hal_adc.o(.text.HAL_ADC_Init)
    HAL_ADC_MspInit                          0x08000d59   Thumb Code     2  stm32f4xx_hal_adc.o(.text.HAL_ADC_MspInit)
    HAL_ADC_PollForConversion                0x08000d5b   Thumb Code   140  stm32f4xx_hal_adc.o(.text.HAL_ADC_PollForConversion)
    HAL_ADC_Start                            0x08000de9   Thumb Code   200  stm32f4xx_hal_adc.o(.text.HAL_ADC_Start)
    HAL_Delay                                0x08000ec5   Thumb Code    32  stm32f4xx_hal.o(.text.HAL_Delay)
    HAL_GPIO_Init                            0x08000ee9   Thumb Code   384  stm32f4xx_hal_gpio.o(.text.HAL_GPIO_Init)
    HAL_GPIO_ReadPin                         0x08001081   Thumb Code    10  stm32f4xx_hal_gpio.o(.text.HAL_GPIO_ReadPin)
    HAL_GPIO_WritePin                        0x0800108b   Thumb Code    10  stm32f4xx_hal_gpio.o(.text.HAL_GPIO_WritePin)
    HAL_GetTick                              0x08001095   Thumb Code     8  stm32f4xx_hal.o(.text.HAL_GetTick)
    HAL_I2C_Init                             0x080010a1   Thumb Code   276  stm32f4xx_hal_i2c.o(.text.HAL_I2C_Init)
    HAL_I2C_IsDeviceReady                    0x080011c5   Thumb Code   292  stm32f4xx_hal_i2c.o(.text.HAL_I2C_IsDeviceReady)
    HAL_I2C_Mem_Read                         0x080012e9   Thumb Code   288  stm32f4xx_hal_i2c.o(.text.HAL_I2C_Mem_Read)
    HAL_I2C_Mem_Write                        0x0800140d   Thumb Code   216  stm32f4xx_hal_i2c.o(.text.HAL_I2C_Mem_Write)
    HAL_I2C_MspInit                          0x080014ed   Thumb Code   256  timeoflight.o(.text.HAL_I2C_MspInit)
    HAL_IncTick                              0x080015fd   Thumb Code    16  stm32f4xx_hal.o(.text.HAL_IncTick)
    HAL_Init                                 0x08001611   Thumb Code    40  stm32f4xx_hal.o(.text.HAL_Init)
    HAL_InitTick                             0x0800163d   Thumb Code    56  stm32f4xx_hal.o(.text.HAL_InitTick)
    HAL_MspInit                              0x08001679   Thumb Code     2  stm32f4xx_hal.o(.text.HAL_MspInit)
    HAL_NVIC_EnableIRQ                       0x0800167d   Thumb Code    28  stm32f4xx_hal_cortex.o(.text.HAL_NVIC_EnableIRQ)
    HAL_NVIC_SetPriority                     0x0800169d   Thumb Code    72  stm32f4xx_hal_cortex.o(.text.HAL_NVIC_SetPriority)
    HAL_NVIC_SetPriorityGrouping             0x080016e9   Thumb Code    24  stm32f4xx_hal_cortex.o(.text.HAL_NVIC_SetPriorityGrouping)
    HAL_PWREx_EnableOverDrive                0x08001709   Thumb Code    92  stm32f4xx_hal_pwr_ex.o(.text.HAL_PWREx_EnableOverDrive)
    HAL_RCC_ClockConfig                      0x08001771   Thumb Code   268  stm32f4xx_hal_rcc.o(.text.HAL_RCC_ClockConfig)
    HAL_RCC_GetPCLK1Freq                     0x08001889   Thumb Code    20  stm32f4xx_hal_rcc.o(.text.HAL_RCC_GetPCLK1Freq)
    HAL_RCC_GetPCLK2Freq                     0x0800189d   Thumb Code    20  stm32f4xx_hal_rcc.o(.text.HAL_RCC_GetPCLK2Freq)
    HAL_RCC_GetSysClockFreq                  0x080018bd   Thumb Code    92  stm32f4xx_hal_rcc_ex.o(.text.HAL_RCC_GetSysClockFreq)
    HAL_RCC_OscConfig                        0x08001925   Thumb Code   836  stm32f4xx_hal_rcc_ex.o(.text.HAL_RCC_OscConfig)
    HAL_SYSTICK_Config                       0x08001c75   Thumb Code    32  stm32f4xx_hal_cortex.o(.text.HAL_SYSTICK_Config)
    HAL_TIM_Base_Init                        0x08001c9d   Thumb Code    36  stm32f4xx_hal_tim.o(.text.HAL_TIM_Base_Init)
    HAL_TIM_Base_MspInit                     0x08001cc1   Thumb Code     2  stm32f4xx_hal_tim.o(.text.HAL_TIM_Base_MspInit)
    HAL_TIM_Base_Start_IT                    0x08001cc5   Thumb Code   100  stm32f4xx_hal_tim.o(.text.HAL_TIM_Base_Start_IT)
    HAL_TIM_Base_Stop_IT                     0x08001d29   Thumb Code    42  stm32f4xx_hal_tim.o(.text.HAL_TIM_Base_Stop_IT)
    HAL_TIM_Encoder_Init                     0x08001d53   Thumb Code   150  stm32f4xx_hal_tim.o(.text.HAL_TIM_Encoder_Init)
    HAL_TIM_Encoder_MspInit                  0x08001de9   Thumb Code     2  stm32f4xx_hal_tim.o(.text.HAL_TIM_Encoder_MspInit)
    HAL_TIM_Encoder_Start                    0x08001deb   Thumb Code    90  stm32f4xx_hal_tim.o(.text.HAL_TIM_Encoder_Start)
    HAL_TIM_PWM_ConfigChannel                0x08001e45   Thumb Code   136  stm32f4xx_hal_tim.o(.text.HAL_TIM_PWM_ConfigChannel)
    HAL_TIM_PWM_Init                         0x08001ecd   Thumb Code    36  stm32f4xx_hal_tim.o(.text.HAL_TIM_PWM_Init)
    HAL_TIM_PWM_MspInit                      0x08001ef1   Thumb Code     2  stm32f4xx_hal_tim.o(.text.HAL_TIM_PWM_MspInit)
    HAL_TIM_PWM_Start                        0x08001ef5   Thumb Code   152  stm32f4xx_hal_tim.o(.text.HAL_TIM_PWM_Start)
    HAL_UART_Init                            0x08001fa9   Thumb Code    38  stm32f4xx_hal_uart.o(.text.HAL_UART_Init)
    HAL_UART_MspInit                         0x08001fcf   Thumb Code     2  stm32f4xx_hal_uart.o(.text.HAL_UART_MspInit)
    IR_CalibrateReference                    0x0800236d   Thumb Code    44  sensor_normalize.o(.text.IR_CalibrateReference)
    IR_Init                                  0x08002399   Thumb Code    36  sensor_normalize.o(.text.IR_Init)
    IR_ReadHardware                          0x080023c5   Thumb Code    72  sensor_normalize.o(.text.IR_ReadHardware)
    IR_ReadScaled                            0x08002431   Thumb Code    28  sensor_normalize.o(.text.IR_ReadScaled)
    IR_Update                                0x0800244d   Thumb Code   148  sensor_normalize.o(.text.IR_Update)
    InitMaze                                 0x08002531   Thumb Code   344  floodfill.o(.text.InitMaze)
    InitMouseMaze                            0x08002765   Thumb Code   116  floodfill.o(.text.InitMouseMaze)
    MX_I2C2_Init                             0x080027d9   Thumb Code    44  timeoflight.o(.text.MX_I2C2_Init)
    MotionController_CalcWallSteeringDps     0x08002811   Thumb Code   256  motion_control.o(.text.MotionController_CalcWallSteeringDps)
    MotionController_Init                    0x08002935   Thumb Code    20  motion_control.o(.text.MotionController_Init)
    MotionController_Reset                   0x08002949   Thumb Code    24  motion_control.o(.text.MotionController_Reset)
    MotionController_Test_Standing           0x08002961   Thumb Code    36  motion_control.o(.text.MotionController_Test_Standing)
    MotionController_Update                  0x08002989   Thumb Code   520  motion_control.o(.text.MotionController_Update)
    MotionController_UpdateToFCache          0x08002bcd   Thumb Code   140  motion_control.o(.text.MotionController_UpdateToFCache)
    Motion_CommandCurve                      0x08002c5d   Thumb Code   276  motion_control.o(.text.Motion_CommandCurve)
    Motion_CommandCurveAngle                 0x08002d85   Thumb Code    64  motion_control.o(.text.Motion_CommandCurveAngle)
    Motion_CommandForward                    0x08002dcd   Thumb Code    96  motion_control.o(.text.Motion_CommandForward)
    Motion_Init                              0x08002e3d   Thumb Code    80  motion_control.o(.text.Motion_Init)
    Motion_Start                             0x08002ea1   Thumb Code    48  motion_control.o(.text.Motion_Start)
    Motor_Ctrl_Init                          0x08002ed9   Thumb Code   108  motor_driver.o(.text.Motor_Ctrl_Init)
    Motor_Init                               0x08002f49   Thumb Code   184  motor_driver.o(.text.Motor_Init)
    Motor_Left_Backwards                     0x08003009   Thumb Code    32  motor_driver.o(.text.Motor_Left_Backwards)
    Motor_Left_Brake                         0x08003029   Thumb Code    28  motor_driver.o(.text.Motor_Left_Brake)
    Motor_Left_Forwards                      0x08003045   Thumb Code    28  motor_driver.o(.text.Motor_Left_Forwards)
    Motor_Left_SetPWM                        0x08003065   Thumb Code    56  motor_driver.o(.text.Motor_Left_SetPWM)
    Motor_Right_Backwards                    0x0800309d   Thumb Code    24  motor_driver.o(.text.Motor_Right_Backwards)
    Motor_Right_Brake                        0x080030b5   Thumb Code    24  motor_driver.o(.text.Motor_Right_Brake)
    Motor_Right_Forwards                     0x080030cd   Thumb Code    28  motor_driver.o(.text.Motor_Right_Forwards)
    Motor_Right_SetPWM                       0x080030ed   Thumb Code    56  motor_driver.o(.text.Motor_Right_SetPWM)
    Profile_GetBrakingDistance               0x0800365d   Thumb Code    52  profile.o(.text.Profile_GetBrakingDistance)
    Profile_GetSpeed                         0x08003695   Thumb Code    16  profile.o(.text.Profile_GetSpeed)
    Profile_IsFinished                       0x080036a9   Thumb Code    18  profile.o(.text.Profile_IsFinished)
    Profile_Reset                            0x080036bb   Thumb Code    14  profile.o(.text.Profile_Reset)
    Profile_SetSpeed                         0x080036c9   Thumb Code     8  profile.o(.text.Profile_SetSpeed)
    Profile_SetTargetSpeed                   0x080036d1   Thumb Code     8  profile.o(.text.Profile_SetTargetSpeed)
    Profile_Start                            0x080036d9   Thumb Code   120  profile.o(.text.Profile_Start)
    Profile_Update                           0x08003751   Thumb Code   280  profile.o(.text.Profile_Update)
    Sensor_Init                              0x08003891   Thumb Code   216  sensor.o(.text.Sensor_Init)
    Sensor_Read                              0x08003975   Thumb Code   160  sensor.o(.text.Sensor_Read)
    StateMachine_Run                         0x08003a1d   Thumb Code    30  statemachine.o(.text.StateMachine_Run)
    State_Initialize_Enter                   0x08003a3d   Thumb Code   164  state_initialize.o(.text.State_Initialize_Enter)
    State_Initialize_Exit                    0x08003b7d   Thumb Code     2  state_initialize.o(.text.State_Initialize_Exit)
    State_Initialize_Process                 0x08003b81   Thumb Code    28  state_initialize.o(.text.State_Initialize_Process)
    State_SolveMaze_Enter                    0x08003bc5   Thumb Code     2  state_solvemaze.o(.text.State_SolveMaze_Enter)
    State_SolveMaze_Exit                     0x08003bc7   Thumb Code     2  state_solvemaze.o(.text.State_SolveMaze_Exit)
    State_SolveMaze_Process                  0x08003bc9   Thumb Code   228  state_solvemaze.o(.text.State_SolveMaze_Process)
    SysTick_Get                              0x08003ced   Thumb Code     8  delay.o(.text.SysTick_Get)
    SysTick_Handler                          0x08003cf5   Thumb Code    12  delay.o(.text.SysTick_Handler)
    SystemCoreClockUpdate                    0x08003d05   Thumb Code    88  system_stm32f4xx.o(.text.SystemCoreClockUpdate)
    SystemInit                               0x08003d71   Thumb Code    12  system_stm32f4xx.o(.text.SystemInit)
    TIM1_BRK_TIM9_IRQHandler                 0x08003d81   Thumb Code    32  timer.o(.text.TIM1_BRK_TIM9_IRQHandler)
    TIM2_IRQHandler                          0x08003da5   Thumb Code    32  timer.o(.text.TIM2_IRQHandler)
    TIM5_IRQHandler                          0x08003dc9   Thumb Code    32  timer.o(.text.TIM5_IRQHandler)
    TIM8_BRK_TIM12_IRQHandler                0x08003ded   Thumb Code    32  timer.o(.text.TIM8_BRK_TIM12_IRQHandler)
    TIM_Base_SetConfig                       0x08003e11   Thumb Code   172  stm32f4xx_hal_tim.o(.text.TIM_Base_SetConfig)
    TIM_CCxChannelCmd                        0x08003ee5   Thumb Code    30  stm32f4xx_hal_tim.o(.text.TIM_CCxChannelCmd)
    TIM_OC2_SetConfig                        0x08003f65   Thumb Code    92  stm32f4xx_hal_tim.o(.text.TIM_OC2_SetConfig)
    Timer_Initialize                         0x080040a1   Thumb Code   244  timer.o(.text.Timer_Initialize)
    Timer_Start                              0x08004199   Thumb Code    48  timer.o(.text.Timer_Start)
    Timer_Stop                               0x080041c9   Thumb Code    36  timer.o(.text.Timer_Stop)
    USART6_IRQHandler                        0x080042b1   Thumb Code    76  uart.o(.text.USART6_IRQHandler)
    Uart6_Init                               0x08004301   Thumb Code   160  uart.o(.text.Uart6_Init)
    Uart6_PutChar                            0x080043a9   Thumb Code    32  uart.o(.text.Uart6_PutChar)
    VL6180X_InitMask                         0x080043d1   Thumb Code   388  timeoflight.o(.text.VL6180X_InitMask)
    VL6180X_StartContinuousAt                0x08004585   Thumb Code    56  timeoflight.o(.text.VL6180X_StartContinuousAt)
    WallSensors45_Init                       0x080045e9   Thumb Code    24  wall_sensors_45.o(.text.WallSensors45_Init)
    WallSensors45_ReadLeftMm                 0x08004615   Thumb Code     8  wall_sensors_45.o(.text.WallSensors45_ReadLeftMm)
    WallSensors45_ReadRightMm                0x0800461d   Thumb Code     8  wall_sensors_45.o(.text.WallSensors45_ReadRightMm)
    WallSensors45_Update                     0x08004625   Thumb Code    56  wall_sensors_45.o(.text.WallSensors45_Update)
    encoder_get_forward_change_mm            0x08004799   Thumb Code     8  encoder.o(.text.encoder_get_forward_change_mm)
    encoder_get_rotation_change_deg          0x080047a1   Thumb Code    16  encoder.o(.text.encoder_get_rotation_change_deg)
    encoder_init                             0x080047b9   Thumb Code   212  encoder.o(.text.encoder_init)
    encoder_reset                            0x08004895   Thumb Code    84  encoder.o(.text.encoder_reset)
    encoder_start                            0x080048e9   Thumb Code    44  encoder.o(.text.encoder_start)
    encoder_update                           0x08004915   Thumb Code   344  encoder.o(.text.encoder_update)
    fputc                                    0x08004a85   Thumb Code    14  bledebugger.o(.text.fputc)
    main                                     0x08004a95   Thumb Code    16  main.o(.text.main)
    __0printf                                0x08004aa9   Thumb Code    22  printfa.o(i.__0printf)
    __1printf                                0x08004aa9   Thumb Code     0  printfa.o(i.__0printf)
    __2printf                                0x08004aa9   Thumb Code     0  printfa.o(i.__0printf)
    __c89printf                              0x08004aa9   Thumb Code     0  printfa.o(i.__0printf)
    printf                                   0x08004aa9   Thumb Code     0  printfa.o(i.__0printf)
    __scatterload_copy                       0x08004ac9   Thumb Code    14  handlers.o(i.__scatterload_copy)
    __scatterload_null                       0x08004ad7   Thumb Code     2  handlers.o(i.__scatterload_null)
    __scatterload_zeroinit                   0x08004ad9   Thumb Code    14  handlers.o(i.__scatterload_zeroinit)
    puts                                     0x0800539d   Thumb Code    30  puts.o(i.puts)
    AHBPrescTable                            0x080053c0   Data          16  system_stm32f4xx.o(.rodata.AHBPrescTable)
    APBPrescTable                            0x080053d0   Data           8  system_stm32f4xx.o(.rodata.APBPrescTable)
    State_Initialize                         0x080053ec   Data          12  state_initialize.o(.rodata.State_Initialize)
    State_SolveMaze                          0x080053f8   Data          12  state_solvemaze.o(.rodata.State_SolveMaze)
    tof_sensor_addr                          0x080058ee   Data           6  timeoflight.o(.rodata.tof_sensor_addr)
    Region$$Table$$Base                      0x080058f4   Number         0  anon$$obj.o(Region$$Table)
    Region$$Table$$Limit                     0x08005914   Number         0  anon$$obj.o(Region$$Table)
    __stdout                                 0x20000000   Data           4  stdout.o(.data)
    uwTickFreq                               0x20000014   Data           1  stm32f4xx_hal.o(.data..L_MergedGlobals)
    uwTickPrio                               0x20000018   Data           4  stm32f4xx_hal.o(.data..L_MergedGlobals)
    SystemCoreClock                          0x2000001c   Data           4  system_stm32f4xx.o(.data.SystemCoreClock)
    huart6                                   0x2000007c   Data          68  uart.o(.bss..L_MergedGlobals)
    htim3                                    0x20000158   Data          72  encoder.o(.bss..L_MergedGlobals.1)
    motion_ctrl                              0x200001d0   Data          36  motion_control.o(.bss..L_MergedGlobals.7)
    forward_profile                          0x200001f4   Data          36  motion_control.o(.bss..L_MergedGlobals.7)
    hadc1                                    0x20000418   Data          72  adc.o(.bss.hadc1)
    hi2c2                                    0x20000460   Data          84  timeoflight.o(.bss.hi2c2)
    htim1                                    0x200004b4   Data          72  encoder.o(.bss.htim1)
    htim12                                   0x200004fc   Data          72  timer.o(.bss.htim12)
    htim2                                    0x20000544   Data          72  timer.o(.bss.htim2)
    htim5                                    0x2000058c   Data          72  timer.o(.bss.htim5)
    htim9                                    0x200005d4   Data          72  timer.o(.bss.htim9)
    maze                                     0x2000061c   Data        1089  floodfill.o(.bss.maze)
    mouseMaze                                0x20000a5d   Data        1280  floodfill.o(.bss.mouseMaze)
    rotation_profile                         0x20000f64   Data          36  motion_control.o(.bss.rotation_profile)
    tim4                                     0x20000fc0   Data          72  motor_driver.o(.bss.tim4)
    uwTick                                   0x20001008   Data           4  stm32f4xx_hal.o(.bss.uwTick)
    __initial_sp                             0x2001d010   Data           0  startup_stm32f446xx.o(STACK)



==============================================================================

Memory Map of the image

  Image Entry point : 0x080001c5

  Load Region LR_IROM1 (Base: 0x08000000, Size: 0x00005978, Max: 0x00080000, ABSOLUTE)

    Execution Region ER_IROM1 (Exec base: 0x08000000, Load base: 0x08000000, Size: 0x00005914, Max: 0x00080000, ABSOLUTE)

    Exec Addr    Load Addr    Size         Type   Attr      Idx    E Section Name        Object

    0x08000000   0x08000000   0x000001c4   Data   RO         2501    RESET               startup_stm32f446xx.o
    0x080001c4   0x080001c4   0x00000000   Code   RO         2529  * .ARM.Collect$$$$00000000  mc_w.l(entry.o)
    0x080001c4   0x080001c4   0x00000004   Code   RO         2835    .ARM.Collect$$$$00000001  mc_w.l(entry2.o)
    0x080001c8   0x080001c8   0x00000004   Code   RO         2838    .ARM.Collect$$$$00000004  mc_w.l(entry5.o)
    0x080001cc   0x080001cc   0x00000000   Code   RO         2840    .ARM.Collect$$$$00000008  mc_w.l(entry7b.o)
    0x080001cc   0x080001cc   0x00000000   Code   RO         2842    .ARM.Collect$$$$0000000A  mc_w.l(entry8b.o)
    0x080001cc   0x080001cc   0x00000008   Code   RO         2843    .ARM.Collect$$$$0000000B  mc_w.l(entry9a.o)
    0x080001d4   0x080001d4   0x00000000   Code   RO         2845    .ARM.Collect$$$$0000000D  mc_w.l(entry10a.o)
    0x080001d4   0x080001d4   0x00000000   Code   RO         2847    .ARM.Collect$$$$0000000F  mc_w.l(entry11a.o)
    0x080001d4   0x080001d4   0x00000004   Code   RO         2836    .ARM.Collect$$$$00002712  mc_w.l(entry2.o)
    0x080001d8   0x080001d8   0x00000024   Code   RO         2502    .text               startup_stm32f446xx.o
    0x080001fc   0x080001fc   0x00000062   Code   RO         2536    .text               mc_w.l(uldiv.o)
    0x0800025e   0x0800025e   0x00000024   Code   RO         2538    .text               mc_w.l(memcpya.o)
    0x08000282   0x08000282   0x00000024   Code   RO         2540    .text               mc_w.l(memseta.o)
    0x080002a6   0x080002a6   0x0000014e   Code   RO         2805    .text               mf_w.l(dadd.o)
    0x080003f4   0x080003f4   0x000000e4   Code   RO         2807    .text               mf_w.l(dmul.o)
    0x080004d8   0x080004d8   0x000000de   Code   RO         2809    .text               mf_w.l(ddiv.o)
    0x080005b6   0x080005b6   0x00000026   Code   RO         2817    .text               mf_w.l(f2d.o)
    0x080005dc   0x080005dc   0x00000038   Code   RO         2819    .text               mf_w.l(d2f.o)
    0x08000614   0x08000614   0x0000002c   Code   RO         2859    .text               mc_w.l(uidiv.o)
    0x08000640   0x08000640   0x0000001e   Code   RO         2861    .text               mc_w.l(llshl.o)
    0x0800065e   0x0800065e   0x00000020   Code   RO         2863    .text               mc_w.l(llushr.o)
    0x0800067e   0x0800067e   0x00000024   Code   RO         2865    .text               mc_w.l(llsshr.o)
    0x080006a2   0x080006a2   0x00000000   Code   RO         2874    .text               mc_w.l(iusefp.o)
    0x080006a2   0x080006a2   0x0000006e   Code   RO         2875    .text               mf_w.l(fepilogue.o)
    0x08000710   0x08000710   0x000000ba   Code   RO         2877    .text               mf_w.l(depilogue.o)
    0x080007ca   0x080007ca   0x00000030   Code   RO         2881    .text               mf_w.l(dfixul.o)
    0x080007fa   0x080007fa   0x00000002   PAD
    0x080007fc   0x080007fc   0x00000030   Code   RO         2883    .text               mf_w.l(cdrcmple.o)
    0x0800082c   0x0800082c   0x00000030   Code   RO         2885    .text               mc_w.l(init.o)
    0x0800085c   0x0800085c   0x0000003a   Code   RO          864    .text.ADC_Convert   adc.o
    0x08000896   0x08000896   0x0000000a   Code   RO          868    .text.ADC_Enable    adc.o
    0x080008a0   0x080008a0   0x00000054   Code   RO          862    .text.ADC_Init      adc.o
    0x080008f4   0x080008f4   0x00000014   Code   RO          150    .text.BUTTON1_Pressed  board_button.o
    0x08000908   0x08000908   0x00000014   Code   RO          152    .text.BUTTON2_Pressed  board_button.o
    0x0800091c   0x0800091c   0x0000007c   Code   RO          148    .text.BUTTON_Init   board_button.o
    0x08000998   0x08000998   0x00000078   Code   RO          163    .text.Board_LED_Init  board_led.o
    0x08000a10   0x08000a10   0x00000024   Code   RO          167    .text.Board_LED_On  board_led.o
    0x08000a34   0x08000a34   0x00000080   Code   RO           63    .text.Clock_Config_Max_HSI  clock_config.o
    0x08000ab4   0x08000ab4   0x0000002c   Code   RO           65    .text.Clock_EnableOverDrive  clock_config.o
    0x08000ae0   0x08000ae0   0x00000018   Code   RO           84    .text.Delay_ms      delay.o
    0x08000af8   0x08000af8   0x00000114   Code   RO          989    .text.HAL_ADC_ConfigChannel  stm32f4xx_hal_adc.o
    0x08000c0c   0x08000c0c   0x00000006   Code   RO          985    .text.HAL_ADC_GetValue  stm32f4xx_hal_adc.o
    0x08000c12   0x08000c12   0x00000002   PAD
    0x08000c14   0x08000c14   0x00000144   Code   RO          947    .text.HAL_ADC_Init  stm32f4xx_hal_adc.o
    0x08000d58   0x08000d58   0x00000002   Code   RO          949    .text.HAL_ADC_MspInit  stm32f4xx_hal_adc.o
    0x08000d5a   0x08000d5a   0x0000008c   Code   RO          959    .text.HAL_ADC_PollForConversion  stm32f4xx_hal_adc.o
    0x08000de6   0x08000de6   0x00000002   PAD
    0x08000de8   0x08000de8   0x000000dc   Code   RO          955    .text.HAL_ADC_Start  stm32f4xx_hal_adc.o
    0x08000ec4   0x08000ec4   0x00000024   Code   RO          899    .text.HAL_Delay     stm32f4xx_hal.o
    0x08000ee8   0x08000ee8   0x00000198   Code   RO         1195    .text.HAL_GPIO_Init  stm32f4xx_hal_gpio.o
    0x08001080   0x08001080   0x0000000a   Code   RO         1199    .text.HAL_GPIO_ReadPin  stm32f4xx_hal_gpio.o
    0x0800108a   0x0800108a   0x0000000a   Code   RO         1201    .text.HAL_GPIO_WritePin  stm32f4xx_hal_gpio.o
    0x08001094   0x08001094   0x0000000c   Code   RO          891    .text.HAL_GetTick   stm32f4xx_hal.o
    0x080010a0   0x080010a0   0x00000124   Code   RO         1219    .text.HAL_I2C_Init  stm32f4xx_hal_i2c.o
    0x080011c4   0x080011c4   0x00000124   Code   RO         1279    .text.HAL_I2C_IsDeviceReady  stm32f4xx_hal_i2c.o
    0x080012e8   0x080012e8   0x00000124   Code   RO         1267    .text.HAL_I2C_Mem_Read  stm32f4xx_hal_i2c.o
    0x0800140c   0x0800140c   0x000000e0   Code   RO         1263    .text.HAL_I2C_Mem_Write  stm32f4xx_hal_i2c.o
    0x080014ec   0x080014ec   0x00000110   Code   RO          509    .text.HAL_I2C_MspInit  timeoflight.o
    0x080015fc   0x080015fc   0x00000014   Code   RO          889    .text.HAL_IncTick   stm32f4xx_hal.o
    0x08001610   0x08001610   0x0000002c   Code   RO          879    .text.HAL_Init      stm32f4xx_hal.o
    0x0800163c   0x0800163c   0x0000003c   Code   RO          881    .text.HAL_InitTick  stm32f4xx_hal.o
    0x08001678   0x08001678   0x00000002   Code   RO          883    .text.HAL_MspInit   stm32f4xx_hal.o
    0x0800167a   0x0800167a   0x00000002   PAD
    0x0800167c   0x0800167c   0x00000020   Code   RO         1065    .text.HAL_NVIC_EnableIRQ  stm32f4xx_hal_cortex.o
    0x0800169c   0x0800169c   0x0000004c   Code   RO         1063    .text.HAL_NVIC_SetPriority  stm32f4xx_hal_cortex.o
    0x080016e8   0x080016e8   0x00000020   Code   RO         1061    .text.HAL_NVIC_SetPriorityGrouping  stm32f4xx_hal_cortex.o
    0x08001708   0x08001708   0x00000068   Code   RO         1599    .text.HAL_PWREx_EnableOverDrive  stm32f4xx_hal_pwr_ex.o
    0x08001770   0x08001770   0x00000118   Code   RO         1619    .text.HAL_RCC_ClockConfig  stm32f4xx_hal_rcc.o
    0x08001888   0x08001888   0x00000014   Code   RO         1631    .text.HAL_RCC_GetPCLK1Freq  stm32f4xx_hal_rcc.o
    0x0800189c   0x0800189c   0x00000020   Code   RO         1633    .text.HAL_RCC_GetPCLK2Freq  stm32f4xx_hal_rcc.o
    0x080018bc   0x080018bc   0x00000068   Code   RO         1673    .text.HAL_RCC_GetSysClockFreq  stm32f4xx_hal_rcc_ex.o
    0x08001924   0x08001924   0x00000350   Code   RO         1677    .text.HAL_RCC_OscConfig  stm32f4xx_hal_rcc_ex.o
    0x08001c74   0x08001c74   0x00000028   Code   RO         1073    .text.HAL_SYSTICK_Config  stm32f4xx_hal_cortex.o
    0x08001c9c   0x08001c9c   0x00000024   Code   RO         1703    .text.HAL_TIM_Base_Init  stm32f4xx_hal_tim.o
    0x08001cc0   0x08001cc0   0x00000002   Code   RO         1705    .text.HAL_TIM_Base_MspInit  stm32f4xx_hal_tim.o
    0x08001cc2   0x08001cc2   0x00000002   PAD
    0x08001cc4   0x08001cc4   0x00000064   Code   RO         1717    .text.HAL_TIM_Base_Start_IT  stm32f4xx_hal_tim.o
    0x08001d28   0x08001d28   0x0000002a   Code   RO         1719    .text.HAL_TIM_Base_Stop_IT  stm32f4xx_hal_tim.o
    0x08001d52   0x08001d52   0x00000096   Code   RO         1817    .text.HAL_TIM_Encoder_Init  stm32f4xx_hal_tim.o
    0x08001de8   0x08001de8   0x00000002   Code   RO         1819    .text.HAL_TIM_Encoder_MspInit  stm32f4xx_hal_tim.o
    0x08001dea   0x08001dea   0x0000005a   Code   RO         1825    .text.HAL_TIM_Encoder_Start  stm32f4xx_hal_tim.o
    0x08001e44   0x08001e44   0x00000088   Code   RO         1865    .text.HAL_TIM_PWM_ConfigChannel  stm32f4xx_hal_tim.o
    0x08001ecc   0x08001ecc   0x00000024   Code   RO         1757    .text.HAL_TIM_PWM_Init  stm32f4xx_hal_tim.o
    0x08001ef0   0x08001ef0   0x00000002   Code   RO         1759    .text.HAL_TIM_PWM_MspInit  stm32f4xx_hal_tim.o
    0x08001ef2   0x08001ef2   0x00000002   PAD
    0x08001ef4   0x08001ef4   0x000000b4   Code   RO         1765    .text.HAL_TIM_PWM_Start  stm32f4xx_hal_tim.o
    0x08001fa8   0x08001fa8   0x00000026   Code   RO         2212    .text.HAL_UART_Init  stm32f4xx_hal_uart.o
    0x08001fce   0x08001fce   0x00000002   Code   RO         2214    .text.HAL_UART_MspInit  stm32f4xx_hal_uart.o
    0x08001fd0   0x08001fd0   0x00000030   Code   RO         1341    .text.I2C_IsAcknowledgeFailed  stm32f4xx_hal_i2c.o
    0x08002000   0x08002000   0x000000cc   Code   RO         1269    .text.I2C_RequestMemoryRead  stm32f4xx_hal_i2c.o
    0x080020cc   0x080020cc   0x000000a8   Code   RO         1265    .text.I2C_RequestMemoryWrite  stm32f4xx_hal_i2c.o
    0x08002174   0x08002174   0x0000003a   Code   RO         1233    .text.I2C_WaitOnBTFFlagUntilTimeout  stm32f4xx_hal_i2c.o
    0x080021ae   0x080021ae   0x00000074   Code   RO         1229    .text.I2C_WaitOnFlagUntilTimeout  stm32f4xx_hal_i2c.o
    0x08002222   0x08002222   0x00000066   Code   RO         1339    .text.I2C_WaitOnMasterAddressFlagUntilTimeout  stm32f4xx_hal_i2c.o
    0x08002288   0x08002288   0x0000004a   Code   RO         1237    .text.I2C_WaitOnRXNEFlagUntilTimeout  stm32f4xx_hal_i2c.o
    0x080022d2   0x080022d2   0x0000003a   Code   RO         1231    .text.I2C_WaitOnTXEFlagUntilTimeout  stm32f4xx_hal_i2c.o
    0x0800230c   0x0800230c   0x00000060   Code   RO          631    .text.IR_AverageSensor  sensor_normalize.o
    0x0800236c   0x0800236c   0x0000002c   Code   RO          629    .text.IR_CalibrateReference  sensor_normalize.o
    0x08002398   0x08002398   0x0000002c   Code   RO          623    .text.IR_Init       sensor_normalize.o
    0x080023c4   0x080023c4   0x0000006c   Code   RO          619    .text.IR_ReadHardware  sensor_normalize.o
    0x08002430   0x08002430   0x0000001c   Code   RO          637    .text.IR_ReadScaled  sensor_normalize.o
    0x0800244c   0x0800244c   0x0000009c   Code   RO          625    .text.IR_Update     sensor_normalize.o
    0x080024e8   0x080024e8   0x00000048   Code   RO          627    .text.IR_UpdateScaled  sensor_normalize.o
    0x08002530   0x08002530   0x00000234   Code   RO          768    .text.InitMaze      floodfill.o
    0x08002764   0x08002764   0x00000074   Code   RO          730    .text.InitMouseMaze  floodfill.o
    0x080027d8   0x080027d8   0x00000038   Code   RO          511    .text.MX_I2C2_Init  timeoflight.o
    0x08002810   0x08002810   0x00000124   Code   RO          313    .text.MotionController_CalcWallSteeringDps  motion_control.o
    0x08002934   0x08002934   0x00000014   Code   RO          323    .text.MotionController_Init  motion_control.o
    0x08002948   0x08002948   0x00000018   Code   RO          325    .text.MotionController_Reset  motion_control.o
    0x08002960   0x08002960   0x00000028   Code   RO          345    .text.MotionController_Test_Standing  motion_control.o
    0x08002988   0x08002988   0x00000244   Code   RO          335    .text.MotionController_Update  motion_control.o
    0x08002bcc   0x08002bcc   0x00000090   Code   RO          311    .text.MotionController_UpdateToFCache  motion_control.o
    0x08002c5c   0x08002c5c   0x00000128   Code   RO          363    .text.Motion_CommandCurve  motion_control.o
    0x08002d84   0x08002d84   0x00000048   Code   RO          365    .text.Motion_CommandCurveAngle  motion_control.o
    0x08002dcc   0x08002dcc   0x00000070   Code   RO          359    .text.Motion_CommandForward  motion_control.o
    0x08002e3c   0x08002e3c   0x00000064   Code   RO          315    .text.Motion_Init   motion_control.o
    0x08002ea0   0x08002ea0   0x00000038   Code   RO          355    .text.Motion_Start  motion_control.o
    0x08002ed8   0x08002ed8   0x00000070   Code   RO          181    .text.Motor_Ctrl_Init  motor_driver.o
    0x08002f48   0x08002f48   0x000000c0   Code   RO          195    .text.Motor_Init    motor_driver.o
    0x08003008   0x08003008   0x00000020   Code   RO          185    .text.Motor_Left_Backwards  motor_driver.o
    0x08003028   0x08003028   0x0000001c   Code   RO          187    .text.Motor_Left_Brake  motor_driver.o
    0x08003044   0x08003044   0x00000020   Code   RO          183    .text.Motor_Left_Forwards  motor_driver.o
    0x08003064   0x08003064   0x00000038   Code   RO          199    .text.Motor_Left_SetPWM  motor_driver.o
    0x0800309c   0x0800309c   0x00000018   Code   RO          191    .text.Motor_Right_Backwards  motor_driver.o
    0x080030b4   0x080030b4   0x00000018   Code   RO          193    .text.Motor_Right_Brake  motor_driver.o
    0x080030cc   0x080030cc   0x00000020   Code   RO          189    .text.Motor_Right_Forwards  motor_driver.o
    0x080030ec   0x080030ec   0x00000040   Code   RO          201    .text.Motor_Right_SetPWM  motor_driver.o
    0x0800312c   0x0800312c   0x00000012   Code   RO           36    .text.OUTLINED_FUNCTION_0  state_solvemaze.o
    0x0800313e   0x0800313e   0x0000001c   Code   RO           69    .text.OUTLINED_FUNCTION_0  clock_config.o
    0x0800315a   0x0800315a   0x00000008   Code   RO          203    .text.OUTLINED_FUNCTION_0  motor_driver.o
    0x08003162   0x08003162   0x0000001e   Code   RO          267    .text.OUTLINED_FUNCTION_0  encoder.o
    0x08003180   0x08003180   0x0000000e   Code   RO          367    .text.OUTLINED_FUNCTION_0  motion_control.o
    0x0800318e   0x0800318e   0x00000008   Code   RO          537    .text.OUTLINED_FUNCTION_0  timeoflight.o
    0x08003196   0x08003196   0x00000012   Code   RO          692    .text.OUTLINED_FUNCTION_0  profile.o
    0x080031a8   0x080031a8   0x00000012   Code   RO          997    .text.OUTLINED_FUNCTION_0  stm32f4xx_hal_adc.o
    0x080031ba   0x080031ba   0x0000001a   Code   RO         1343    .text.OUTLINED_FUNCTION_0  stm32f4xx_hal_i2c.o
    0x080031d4   0x080031d4   0x00000008   Code   RO         1605    .text.OUTLINED_FUNCTION_0  stm32f4xx_hal_pwr_ex.o
    0x080031dc   0x080031dc   0x0000000a   Code   RO         1643    .text.OUTLINED_FUNCTION_0  stm32f4xx_hal_rcc.o
    0x080031e6   0x080031e6   0x00000026   Code   RO         1935    .text.OUTLINED_FUNCTION_0  stm32f4xx_hal_tim.o
    0x0800320c   0x0800320c   0x00000012   Code   RO           38    .text.OUTLINED_FUNCTION_1  state_solvemaze.o
    0x0800321e   0x0800321e   0x0000001a   Code   RO           71    .text.OUTLINED_FUNCTION_1  clock_config.o
    0x08003238   0x08003238   0x0000000a   Code   RO          205    .text.OUTLINED_FUNCTION_1  motor_driver.o
    0x08003242   0x08003242   0x00000012   Code   RO          369    .text.OUTLINED_FUNCTION_1  motion_control.o
    0x08003254   0x08003254   0x00000008   Code   RO          539    .text.OUTLINED_FUNCTION_1  timeoflight.o
    0x0800325c   0x0800325c   0x00000012   Code   RO          999    .text.OUTLINED_FUNCTION_1  stm32f4xx_hal_adc.o
    0x0800326e   0x0800326e   0x00000006   Code   RO         1683    .text.OUTLINED_FUNCTION_1  stm32f4xx_hal_rcc_ex.o
    0x08003274   0x08003274   0x0000000e   Code   RO         2350    .text.OUTLINED_FUNCTION_10  stm32f4xx_hal_uart.o
    0x08003282   0x08003282   0x00000016   Code   RO         1957    .text.OUTLINED_FUNCTION_11  stm32f4xx_hal_tim.o
    0x08003298   0x08003298   0x0000000c   Code   RO         1367    .text.OUTLINED_FUNCTION_12  stm32f4xx_hal_i2c.o
    0x080032a4   0x080032a4   0x0000000a   Code   RO         1965    .text.OUTLINED_FUNCTION_15  stm32f4xx_hal_tim.o
    0x080032ae   0x080032ae   0x0000002a   Code   RO         1375    .text.OUTLINED_FUNCTION_16  stm32f4xx_hal_i2c.o
    0x080032d8   0x080032d8   0x0000000a   Code   RO         1377    .text.OUTLINED_FUNCTION_17  stm32f4xx_hal_i2c.o
    0x080032e2   0x080032e2   0x0000000a   Code   RO         1969    .text.OUTLINED_FUNCTION_17  stm32f4xx_hal_tim.o
    0x080032ec   0x080032ec   0x00000008   Code   RO         1379    .text.OUTLINED_FUNCTION_18  stm32f4xx_hal_i2c.o
    0x080032f4   0x080032f4   0x00000008   Code   RO         2366    .text.OUTLINED_FUNCTION_18  stm32f4xx_hal_uart.o
    0x080032fc   0x080032fc   0x0000000a   Code   RO         1381    .text.OUTLINED_FUNCTION_19  stm32f4xx_hal_i2c.o
    0x08003306   0x08003306   0x0000000a   Code   RO          207    .text.OUTLINED_FUNCTION_2  motor_driver.o
    0x08003310   0x08003310   0x00000008   Code   RO          371    .text.OUTLINED_FUNCTION_2  motion_control.o
    0x08003318   0x08003318   0x00000006   Code   RO          788    .text.OUTLINED_FUNCTION_2  floodfill.o
    0x0800331e   0x0800331e   0x00000012   Code   RO         1001    .text.OUTLINED_FUNCTION_2  stm32f4xx_hal_adc.o
    0x08003330   0x08003330   0x0000000e   Code   RO         1685    .text.OUTLINED_FUNCTION_2  stm32f4xx_hal_rcc_ex.o
    0x0800333e   0x0800333e   0x0000000e   Code   RO         1939    .text.OUTLINED_FUNCTION_2  stm32f4xx_hal_tim.o
    0x0800334c   0x0800334c   0x00000016   Code   RO         2334    .text.OUTLINED_FUNCTION_2  stm32f4xx_hal_uart.o
    0x08003362   0x08003362   0x0000000a   Code   RO         1975    .text.OUTLINED_FUNCTION_20  stm32f4xx_hal_tim.o
    0x0800336c   0x0800336c   0x00000008   Code   RO         1985    .text.OUTLINED_FUNCTION_25  stm32f4xx_hal_tim.o
    0x08003374   0x08003374   0x0000000a   Code   RO         1987    .text.OUTLINED_FUNCTION_26  stm32f4xx_hal_tim.o
    0x0800337e   0x0800337e   0x0000000a   Code   RO         1989    .text.OUTLINED_FUNCTION_27  stm32f4xx_hal_tim.o
    0x08003388   0x08003388   0x0000000c   Code   RO         1399    .text.OUTLINED_FUNCTION_28  stm32f4xx_hal_i2c.o
    0x08003394   0x08003394   0x00000010   Code   RO           42    .text.OUTLINED_FUNCTION_3  state_solvemaze.o
    0x080033a4   0x080033a4   0x00000008   Code   RO          373    .text.OUTLINED_FUNCTION_3  motion_control.o
    0x080033ac   0x080033ac   0x0000000e   Code   RO         1003    .text.OUTLINED_FUNCTION_3  stm32f4xx_hal_adc.o
    0x080033ba   0x080033ba   0x00000010   Code   RO         1349    .text.OUTLINED_FUNCTION_3  stm32f4xx_hal_i2c.o
    0x080033ca   0x080033ca   0x00000008   Code   RO         1687    .text.OUTLINED_FUNCTION_3  stm32f4xx_hal_rcc_ex.o
    0x080033d2   0x080033d2   0x00000018   Code   RO         2001    .text.OUTLINED_FUNCTION_33  stm32f4xx_hal_tim.o
    0x080033ea   0x080033ea   0x0000000a   Code   RO         1411    .text.OUTLINED_FUNCTION_34  stm32f4xx_hal_i2c.o
    0x080033f4   0x080033f4   0x0000000a   Code   RO         1415    .text.OUTLINED_FUNCTION_36  stm32f4xx_hal_i2c.o
    0x080033fe   0x080033fe   0x0000000a   Code   RO         2007    .text.OUTLINED_FUNCTION_36  stm32f4xx_hal_tim.o
    0x08003408   0x08003408   0x00000008   Code   RO         1417    .text.OUTLINED_FUNCTION_37  stm32f4xx_hal_i2c.o
    0x08003410   0x08003410   0x00000006   Code   RO         2009    .text.OUTLINED_FUNCTION_37  stm32f4xx_hal_tim.o
    0x08003416   0x08003416   0x0000000a   Code   RO         1419    .text.OUTLINED_FUNCTION_38  stm32f4xx_hal_i2c.o
    0x08003420   0x08003420   0x00000008   Code   RO         1421    .text.OUTLINED_FUNCTION_39  stm32f4xx_hal_i2c.o
    0x08003428   0x08003428   0x0000000a   Code   RO         1005    .text.OUTLINED_FUNCTION_4  stm32f4xx_hal_adc.o
    0x08003432   0x08003432   0x00000010   Code   RO         1351    .text.OUTLINED_FUNCTION_4  stm32f4xx_hal_i2c.o
    0x08003442   0x08003442   0x00000010   Code   RO         1689    .text.OUTLINED_FUNCTION_4  stm32f4xx_hal_rcc_ex.o
    0x08003452   0x08003452   0x0000000e   Code   RO         1943    .text.OUTLINED_FUNCTION_4  stm32f4xx_hal_tim.o
    0x08003460   0x08003460   0x00000016   Code   RO         1423    .text.OUTLINED_FUNCTION_40  stm32f4xx_hal_i2c.o
    0x08003476   0x08003476   0x00000014   Code   RO         2021    .text.OUTLINED_FUNCTION_43  stm32f4xx_hal_tim.o
    0x0800348a   0x0800348a   0x00000008   Code   RO         1431    .text.OUTLINED_FUNCTION_44  stm32f4xx_hal_i2c.o
    0x08003492   0x08003492   0x00000014   Code   RO         1433    .text.OUTLINED_FUNCTION_45  stm32f4xx_hal_i2c.o
    0x080034a6   0x080034a6   0x0000000a   Code   RO         2025    .text.OUTLINED_FUNCTION_45  stm32f4xx_hal_tim.o
    0x080034b0   0x080034b0   0x00000014   Code   RO         1435    .text.OUTLINED_FUNCTION_46  stm32f4xx_hal_i2c.o
    0x080034c4   0x080034c4   0x0000000a   Code   RO         2027    .text.OUTLINED_FUNCTION_46  stm32f4xx_hal_tim.o
    0x080034ce   0x080034ce   0x00000008   Code   RO         2031    .text.OUTLINED_FUNCTION_48  stm32f4xx_hal_tim.o
    0x080034d6   0x080034d6   0x00000008   Code   RO         1441    .text.OUTLINED_FUNCTION_49  stm32f4xx_hal_i2c.o
    0x080034de   0x080034de   0x00000006   Code   RO          377    .text.OUTLINED_FUNCTION_5  motion_control.o
    0x080034e4   0x080034e4   0x0000000e   Code   RO         1007    .text.OUTLINED_FUNCTION_5  stm32f4xx_hal_adc.o
    0x080034f2   0x080034f2   0x0000001a   Code   RO         1353    .text.OUTLINED_FUNCTION_5  stm32f4xx_hal_i2c.o
    0x0800350c   0x0800350c   0x00000008   Code   RO         1691    .text.OUTLINED_FUNCTION_5  stm32f4xx_hal_rcc_ex.o
    0x08003514   0x08003514   0x00000018   Code   RO         2340    .text.OUTLINED_FUNCTION_5  stm32f4xx_hal_uart.o
    0x0800352c   0x0800352c   0x0000000a   Code   RO         1443    .text.OUTLINED_FUNCTION_50  stm32f4xx_hal_i2c.o
    0x08003536   0x08003536   0x0000000a   Code   RO         1445    .text.OUTLINED_FUNCTION_51  stm32f4xx_hal_i2c.o
    0x08003540   0x08003540   0x00000008   Code   RO         2037    .text.OUTLINED_FUNCTION_51  stm32f4xx_hal_tim.o
    0x08003548   0x08003548   0x00000006   Code   RO         1447    .text.OUTLINED_FUNCTION_52  stm32f4xx_hal_i2c.o
    0x0800354e   0x0800354e   0x00000010   Code   RO         2039    .text.OUTLINED_FUNCTION_52  stm32f4xx_hal_tim.o
    0x0800355e   0x0800355e   0x0000000c   Code   RO         1449    .text.OUTLINED_FUNCTION_53  stm32f4xx_hal_i2c.o
    0x0800356a   0x0800356a   0x0000000a   Code   RO         2047    .text.OUTLINED_FUNCTION_56  stm32f4xx_hal_tim.o
    0x08003574   0x08003574   0x0000000a   Code   RO         1457    .text.OUTLINED_FUNCTION_57  stm32f4xx_hal_i2c.o
    0x0800357e   0x0800357e   0x0000000a   Code   RO          379    .text.OUTLINED_FUNCTION_6  motion_control.o
    0x08003588   0x08003588   0x00000012   Code   RO         1355    .text.OUTLINED_FUNCTION_6  stm32f4xx_hal_i2c.o
    0x0800359a   0x0800359a   0x0000000e   Code   RO         1693    .text.OUTLINED_FUNCTION_6  stm32f4xx_hal_rcc_ex.o
    0x080035a8   0x080035a8   0x0000000e   Code   RO         1947    .text.OUTLINED_FUNCTION_6  stm32f4xx_hal_tim.o
    0x080035b6   0x080035b6   0x0000000a   Code   RO         2055    .text.OUTLINED_FUNCTION_60  stm32f4xx_hal_tim.o
    0x080035c0   0x080035c0   0x0000000a   Code   RO         1467    .text.OUTLINED_FUNCTION_62  stm32f4xx_hal_i2c.o
    0x080035ca   0x080035ca   0x0000000c   Code   RO         1473    .text.OUTLINED_FUNCTION_65  stm32f4xx_hal_i2c.o
    0x080035d6   0x080035d6   0x00000008   Code   RO         1481    .text.OUTLINED_FUNCTION_69  stm32f4xx_hal_i2c.o
    0x080035de   0x080035de   0x0000000e   Code   RO         1357    .text.OUTLINED_FUNCTION_7  stm32f4xx_hal_i2c.o
    0x080035ec   0x080035ec   0x00000006   Code   RO         1491    .text.OUTLINED_FUNCTION_74  stm32f4xx_hal_i2c.o
    0x080035f2   0x080035f2   0x0000000a   Code   RO          383    .text.OUTLINED_FUNCTION_8  motion_control.o
    0x080035fc   0x080035fc   0x0000000e   Code   RO         1359    .text.OUTLINED_FUNCTION_8  stm32f4xx_hal_i2c.o
    0x0800360a   0x0800360a   0x0000000c   Code   RO         2346    .text.OUTLINED_FUNCTION_8  stm32f4xx_hal_uart.o
    0x08003616   0x08003616   0x0000000a   Code   RO         1505    .text.OUTLINED_FUNCTION_81  stm32f4xx_hal_i2c.o
    0x08003620   0x08003620   0x00000006   Code   RO         1507    .text.OUTLINED_FUNCTION_82  stm32f4xx_hal_i2c.o
    0x08003626   0x08003626   0x00000008   Code   RO         1515    .text.OUTLINED_FUNCTION_86  stm32f4xx_hal_i2c.o
    0x0800362e   0x0800362e   0x00000008   Code   RO         1517    .text.OUTLINED_FUNCTION_87  stm32f4xx_hal_i2c.o
    0x08003636   0x08003636   0x00000008   Code   RO         1519    .text.OUTLINED_FUNCTION_88  stm32f4xx_hal_i2c.o
    0x0800363e   0x0800363e   0x0000000e   Code   RO          385    .text.OUTLINED_FUNCTION_9  motion_control.o
    0x0800364c   0x0800364c   0x0000000e   Code   RO         1361    .text.OUTLINED_FUNCTION_9  stm32f4xx_hal_i2c.o
    0x0800365a   0x0800365a   0x00000002   PAD
    0x0800365c   0x0800365c   0x00000038   Code   RO          670    .text.Profile_GetBrakingDistance  profile.o
    0x08003694   0x08003694   0x00000014   Code   RO          676    .text.Profile_GetSpeed  profile.o
    0x080036a8   0x080036a8   0x00000012   Code   RO          672    .text.Profile_IsFinished  profile.o
    0x080036ba   0x080036ba   0x0000000e   Code   RO          658    .text.Profile_Reset  profile.o
    0x080036c8   0x080036c8   0x00000008   Code   RO          678    .text.Profile_SetSpeed  profile.o
    0x080036d0   0x080036d0   0x00000008   Code   RO          680    .text.Profile_SetTargetSpeed  profile.o
    0x080036d8   0x080036d8   0x00000078   Code   RO          660    .text.Profile_Start  profile.o
    0x08003750   0x08003750   0x00000120   Code   RO          668    .text.Profile_Update  profile.o
    0x08003870   0x08003870   0x00000020   Code   RO          598    .text.Sensor_AllEmittersOff  sensor.o
    0x08003890   0x08003890   0x000000e4   Code   RO          594    .text.Sensor_Init   sensor.o
    0x08003974   0x08003974   0x000000a8   Code   RO          596    .text.Sensor_Read   sensor.o
    0x08003a1c   0x08003a1c   0x0000001e   Code   RO           54    .text.StateMachine_Run  statemachine.o
    0x08003a3a   0x08003a3a   0x00000002   PAD
    0x08003a3c   0x08003a3c   0x00000140   Code   RO           12    .text.State_Initialize_Enter  state_initialize.o
    0x08003b7c   0x08003b7c   0x00000002   Code   RO           16    .text.State_Initialize_Exit  state_initialize.o
    0x08003b7e   0x08003b7e   0x00000002   PAD
    0x08003b80   0x08003b80   0x00000044   Code   RO           14    .text.State_Initialize_Process  state_initialize.o
    0x08003bc4   0x08003bc4   0x00000002   Code   RO           30    .text.State_SolveMaze_Enter  state_solvemaze.o
    0x08003bc6   0x08003bc6   0x00000002   Code   RO           34    .text.State_SolveMaze_Exit  state_solvemaze.o
    0x08003bc8   0x08003bc8   0x00000124   Code   RO           32    .text.State_SolveMaze_Process  state_solvemaze.o
    0x08003cec   0x08003cec   0x00000008   Code   RO           86    .text.SysTick_Get   delay.o
    0x08003cf4   0x08003cf4   0x00000010   Code   RO           80    .text.SysTick_Handler  delay.o
    0x08003d04   0x08003d04   0x0000006c   Code   RO         2511    .text.SystemCoreClockUpdate  system_stm32f4xx.o
    0x08003d70   0x08003d70   0x00000010   Code   RO         2509    .text.SystemInit    system_stm32f4xx.o
    0x08003d80   0x08003d80   0x00000024   Code   RO          286    .text.TIM1_BRK_TIM9_IRQHandler  timer.o
    0x08003da4   0x08003da4   0x00000024   Code   RO          280    .text.TIM2_IRQHandler  timer.o
    0x08003dc8   0x08003dc8   0x00000024   Code   RO          284    .text.TIM5_IRQHandler  timer.o
    0x08003dec   0x08003dec   0x00000024   Code   RO          288    .text.TIM8_BRK_TIM12_IRQHandler  timer.o
    0x08003e10   0x08003e10   0x000000d4   Code   RO         1707    .text.TIM_Base_SetConfig  stm32f4xx_hal_tim.o
    0x08003ee4   0x08003ee4   0x0000001e   Code   RO         1741    .text.TIM_CCxChannelCmd  stm32f4xx_hal_tim.o
    0x08003f02   0x08003f02   0x00000002   PAD
    0x08003f04   0x08003f04   0x00000060   Code   RO         1851    .text.TIM_OC1_SetConfig  stm32f4xx_hal_tim.o
    0x08003f64   0x08003f64   0x0000005c   Code   RO         1853    .text.TIM_OC2_SetConfig  stm32f4xx_hal_tim.o
    0x08003fc0   0x08003fc0   0x0000005c   Code   RO         1855    .text.TIM_OC3_SetConfig  stm32f4xx_hal_tim.o
    0x0800401c   0x0800401c   0x0000004c   Code   RO         1857    .text.TIM_OC4_SetConfig  stm32f4xx_hal_tim.o
    0x08004068   0x08004068   0x00000020   Code   RO          292    .text.Timer_GetHandle  timer.o
    0x08004088   0x08004088   0x00000018   Code   RO          282    .text.Timer_ISR     timer.o
    0x080040a0   0x080040a0   0x000000f8   Code   RO          290    .text.Timer_Initialize  timer.o
    0x08004198   0x08004198   0x00000030   Code   RO          294    .text.Timer_Start   timer.o
    0x080041c8   0x080041c8   0x00000028   Code   RO          296    .text.Timer_Stop    timer.o
    0x080041f0   0x080041f0   0x000000c0   Code   RO         2216    .text.UART_SetConfig  stm32f4xx_hal_uart.o
    0x080042b0   0x080042b0   0x00000050   Code   RO          135    .text.USART6_IRQHandler  uart.o
    0x08004300   0x08004300   0x000000a8   Code   RO          125    .text.Uart6_Init    uart.o
    0x080043a8   0x080043a8   0x00000028   Code   RO          129    .text.Uart6_PutChar  uart.o
    0x080043d0   0x080043d0   0x00000198   Code   RO          513    .text.VL6180X_InitMask  timeoflight.o
    0x08004568   0x08004568   0x0000001c   Code   RO          515    .text.VL6180X_Read8_at  timeoflight.o
    0x08004584   0x08004584   0x00000038   Code   RO          529    .text.VL6180X_StartContinuousAt  timeoflight.o
    0x080045bc   0x080045bc   0x0000002c   Code   RO          517    .text.VL6180X_Write8_at  timeoflight.o
    0x080045e8   0x080045e8   0x0000002c   Code   RO          577    .text.WallSensors45_Init  wall_sensors_45.o
    0x08004614   0x08004614   0x00000008   Code   RO          581    .text.WallSensors45_ReadLeftMm  wall_sensors_45.o
    0x0800461c   0x0800461c   0x00000008   Code   RO          583    .text.WallSensors45_ReadRightMm  wall_sensors_45.o
    0x08004624   0x08004624   0x0000003c   Code   RO          579    .text.WallSensors45_Update  wall_sensors_45.o
    0x08004660   0x08004660   0x0000004c   Code   RO          107    .text.WritePrintfViaSingleBytes  bledebugger.o
    0x080046ac   0x080046ac   0x00000048   Code   RO          321    .text.cb_update_combined  motion_control.o
    0x080046f4   0x080046f4   0x00000038   Code   RO          317    .text.cb_update_forward  motion_control.o
    0x0800472c   0x0800472c   0x00000038   Code   RO          319    .text.cb_update_rotation  motion_control.o
    0x08004764   0x08004764   0x00000034   Code   RO          347    .text.cb_update_test_sensor  motion_control.o
    0x08004798   0x08004798   0x00000008   Code   RO          251    .text.encoder_get_forward_change_mm  encoder.o
    0x080047a0   0x080047a0   0x00000018   Code   RO          255    .text.encoder_get_rotation_change_deg  encoder.o
    0x080047b8   0x080047b8   0x000000dc   Code   RO          219    .text.encoder_init  encoder.o
    0x08004894   0x08004894   0x00000054   Code   RO          221    .text.encoder_reset  encoder.o
    0x080048e8   0x080048e8   0x0000002c   Code   RO          223    .text.encoder_start  encoder.o
    0x08004914   0x08004914   0x00000170   Code   RO          229    .text.encoder_update  encoder.o
    0x08004a84   0x08004a84   0x0000000e   Code   RO          105    .text.fputc         bledebugger.o
    0x08004a92   0x08004a92   0x00000002   PAD
    0x08004a94   0x08004a94   0x00000014   Code   RO            2    .text.main          main.o
    0x08004aa8   0x08004aa8   0x00000020   Code   RO         2777    i.__0printf         mc_w.l(printfa.o)
    0x08004ac8   0x08004ac8   0x0000000e   Code   RO         2889    i.__scatterload_copy  mc_w.l(handlers.o)
    0x08004ad6   0x08004ad6   0x00000002   Code   RO         2890    i.__scatterload_null  mc_w.l(handlers.o)
    0x08004ad8   0x08004ad8   0x0000000e   Code   RO         2891    i.__scatterload_zeroinit  mc_w.l(handlers.o)
    0x08004ae6   0x08004ae6   0x00000002   PAD
    0x08004ae8   0x08004ae8   0x00000184   Code   RO         2784    i._fp_digits        mc_w.l(printfa.o)
    0x08004c6c   0x08004c6c   0x000006dc   Code   RO         2785    i._printf_core      mc_w.l(printfa.o)
    0x08005348   0x08005348   0x00000024   Code   RO         2786    i._printf_post_padding  mc_w.l(printfa.o)
    0x0800536c   0x0800536c   0x0000002e   Code   RO         2787    i._printf_pre_padding  mc_w.l(printfa.o)
    0x0800539a   0x0800539a   0x00000002   PAD
    0x0800539c   0x0800539c   0x00000024   Code   RO         2532    i.puts              mc_w.l(puts.o)
    0x080053c0   0x080053c0   0x00000010   Data   RO         2514    .rodata.AHBPrescTable  system_stm32f4xx.o
    0x080053d0   0x080053d0   0x00000008   Data   RO         2515    .rodata.APBPrescTable  system_stm32f4xx.o
    0x080053d8   0x080053d8   0x00000006   Data   RO          171    .rodata.LED_PINS    board_led.o
    0x080053de   0x080053de   0x00000002   PAD
    0x080053e0   0x080053e0   0x0000000c   Data   RO          172    .rodata.LED_PORTS   board_led.o
    0x080053ec   0x080053ec   0x0000000c   Data   RO           18    .rodata.State_Initialize  state_initialize.o
    0x080053f8   0x080053f8   0x0000000c   Data   RO           45    .rodata.State_SolveMaze  state_solvemaze.o
    0x08005404   0x08005404   0x000000ac   Data   RO          543    .rodata.VL6180X_WriteMandatorySettingsAt.init_seq  timeoflight.o
    0x080054b0   0x080054b0   0x00000010   Data   RO          154    .rodata.cst16       board_button.o
    0x080054c0   0x080054c0   0x00000020   Data   RO          610    .rodata.cst16       sensor.o
    0x080054e0   0x080054e0   0x00000020   Data   RO          209    .rodata.cst32       motor_driver.o
    0x08005500   0x08005500   0x000003ee   Data   RO          819    .rodata.str1.4      floodfill.o
    0x080058ee   0x080058ee   0x00000006   Data   RO          541    .rodata.tof_sensor_addr  timeoflight.o
    0x080058f4   0x080058f4   0x00000020   Data   RO         2888    Region$$Table       anon$$obj.o


    Execution Region RW_IRAM1 (Exec base: 0x20000000, Load base: 0x08005918, Size: 0x0001d010, Max: 0x00020000, ABSOLUTE)

    Exec Addr    Load Addr    Size         Type   Attr      Idx    E Section Name        Object

    0x20000000   0x08005918   0x00000004   Data   RW         2849    .data               mc_w.l(stdout.o)
    0x20000004   0x0800591c   0x0000000a   Data   RW          388    .data..L_MergedGlobals  motion_control.o
    0x2000000e   0x08005926   0x00000004   Data   RW          585    .data..L_MergedGlobals  wall_sensors_45.o
    0x20000012   0x0800592a   0x00000002   PAD
    0x20000014   0x0800592c   0x00000008   Data   RW          938    .data..L_MergedGlobals  stm32f4xx_hal.o
    0x2000001c   0x08005934   0x00000004   Data   RW         2513    .data.SystemCoreClock  system_stm32f4xx.o
    0x20000020   0x08005938   0x00000040   Data   RW          302    .data.Timer_Context  timer.o
    0x20000060        -       0x0000000c   Zero   RW          116    .bss..L_MergedGlobals  bledebugger.o
    0x2000006c        -       0x00000054   Zero   RW          139    .bss..L_MergedGlobals  uart.o
    0x200000c0        -       0x00000070   Zero   RW          270    .bss..L_MergedGlobals  encoder.o
    0x20000130        -       0x00000070   Zero   RW          271    .bss..L_MergedGlobals.1  encoder.o
    0x200001a0        -       0x00000078   Zero   RW          389    .bss..L_MergedGlobals.7  motion_control.o
    0x20000218        -       0x00000100   Zero   RW          138    .bss.UART_RxBuf     uart.o
    0x20000318        -       0x00000100   Zero   RW          137    .bss.UART_TxBuf     uart.o
    0x20000418        -       0x00000048   Zero   RW          870    .bss.hadc1          adc.o
    0x20000460        -       0x00000054   Zero   RW          542    .bss.hi2c2          timeoflight.o
    0x200004b4        -       0x00000048   Zero   RW          269    .bss.htim1          encoder.o
    0x200004fc        -       0x00000048   Zero   RW          301    .bss.htim12         timer.o
    0x20000544        -       0x00000048   Zero   RW          298    .bss.htim2          timer.o
    0x2000058c        -       0x00000048   Zero   RW          299    .bss.htim5          timer.o
    0x200005d4        -       0x00000048   Zero   RW          300    .bss.htim9          timer.o
    0x2000061c        -       0x00000441   Zero   RW          821    .bss.maze           floodfill.o
    0x20000a5d        -       0x00000500   Zero   RW          820    .bss.mouseMaze      floodfill.o
    0x20000f5d   0x08005978   0x00000003   PAD
    0x20000f60        -       0x00000004   Zero   RW           88    .bss.msTicks        delay.o
    0x20000f64        -       0x00000024   Zero   RW          387    .bss.rotation_profile  motion_control.o
    0x20000f88        -       0x00000038   Zero   RW          647    .bss.s_ir           sensor_normalize.o
    0x20000fc0        -       0x00000048   Zero   RW          210    .bss.tim4           motor_driver.o
    0x20001008        -       0x00000004   Zero   RW          937    .bss.uwTick         stm32f4xx_hal.o
    0x2000100c   0x08005978   0x00000004   PAD
    0x20001010        -       0x0001c000   Zero   RW         2499    STACK               startup_stm32f446xx.o


==============================================================================

Image component sizes


      Code (inc. data)   RO Data    RW Data    ZI Data      Debug   Object Name

       152         12          0          0         72       5133   adc.o
        90          4          0          0         12       3549   bledebugger.o
       164          8         16          0          0       3006   board_button.o
       156         12         18          0          0       3160   board_led.o
       226          8          0          0          0       3368   clock_config.o
        48          8          0          0          4       5104   delay.o
       778         40          0          0        296      10461   encoder.o
       686        220       1006          0       2369      25148   floodfill.o
        20          4          0          0          0        791   main.o
      2060        196          0         10        156      14050   motion_control.o
       624         28         32          0         72       8258   motor_driver.o
       550         16          0          0          0       4938   profile.o
       428         20         32          0          0       7883   sensor.o
       548         60          0          0         56       5605   sensor_normalize.o
        36          8        452          0     114688        972   startup_stm32f446xx.o
       390        196         12          0          0       5978   state_initialize.o
       348         64         12          0          0       1948   state_solvemaze.o
        30          0          0          0          0        987   statemachine.o
       174         20          0          8          4       8039   stm32f4xx_hal.o
      1060         40          0          0          0      12125   stm32f4xx_hal_adc.o
       180         24          0          0          0      10881   stm32f4xx_hal_cortex.o
       428         24          0          0          0       5664   stm32f4xx_hal_gpio.o
      2414         32          0          0          0      42777   stm32f4xx_hal_i2c.o
       112         12          0          0          0       5045   stm32f4xx_hal_pwr_ex.o
       342         24          0          0          0       8109   stm32f4xx_hal_rcc.o
      1018         28          0          0          0      11368   stm32f4xx_hal_rcc_ex.o
      1666         76          0          0          0      48054   stm32f4xx_hal_tim.o
       312          4          0          0          0      25731   stm32f4xx_hal_uart.o
       124         28         24          4          0       3076   system_stm32f4xx.o
       880         58        178          0         84      10556   timeoflight.o
       536         44          0         64        288      10014   timer.o
       288         20          0          0        596       8430   uart.o
       120         24          0          4          0       1474   wall_sensors_45.o

    ----------------------------------------------------------------------
     17008       1362       1816         92     118704     321682   Object Totals
         0          0         32          0          0          0   (incl. Generated)
        20          0          2          2          7          0   (incl. Padding)

    ----------------------------------------------------------------------

      Code (inc. data)   RO Data    RW Data    ZI Data      Debug   Library Member Name

         0          0          0          0          0          0   entry.o
         0          0          0          0          0          0   entry10a.o
         0          0          0          0          0          0   entry11a.o
         8          4          0          0          0          0   entry2.o
         4          0          0          0          0          0   entry5.o
         0          0          0          0          0          0   entry7b.o
         0          0          0          0          0          0   entry8b.o
         8          4          0          0          0          0   entry9a.o
        30          0          0          0          0          0   handlers.o
        48         10          0          0          0         68   init.o
         0          0          0          0          0          0   iusefp.o
        30          0          0          0          0         68   llshl.o
        36          0          0          0          0         68   llsshr.o
        32          0          0          0          0         68   llushr.o
        36          0          0          0          0         68   memcpya.o
        36          0          0          0          0        108   memseta.o
      2258         90          0          0          0        452   printfa.o
        36          6          0          0          0         80   puts.o
         0          0          0          4          0          0   stdout.o
        44          0          0          0          0         80   uidiv.o
        98          0          0          0          0         92   uldiv.o
        48          0          0          0          0         68   cdrcmple.o
        56          0          0          0          0         88   d2f.o
       334          0          0          0          0        148   dadd.o
       222          0          0          0          0        100   ddiv.o
       186          0          0          0          0        176   depilogue.o
        48          0          0          0          0         68   dfixul.o
       228          0          0          0          0         96   dmul.o
        38          0          0          0          0         68   f2d.o
       110          0          0          0          0        168   fepilogue.o

    ----------------------------------------------------------------------
      3980        114          0          4          0       2132   Library Totals
         6          0          0          0          0          0   (incl. Padding)

    ----------------------------------------------------------------------

      Code (inc. data)   RO Data    RW Data    ZI Data      Debug   Library Name

      2704        114          0          4          0       1152   mc_w.l
      1270          0          0          0          0        980   mf_w.l

    ----------------------------------------------------------------------
      3980        114          0          4          0       2132   Library Totals

    ----------------------------------------------------------------------

==============================================================================


      Code (inc. data)   RO Data    RW Data    ZI Data      Debug   

     20988       1476       1816         96     118704     322358   Grand Totals
     20988       1476       1816         96     118704     322358   ELF Image Totals
     20988       1476       1816         96          0          0   ROM Totals

==============================================================================

    Total RO  Size (Code + RO Data)                22804 (  22.27kB)
    Total RW  Size (RW Data + ZI Data)            118800 ( 116.02kB)
    Total ROM Size (Code + RO Data + RW Data)      22900 (  22.36kB)

==============================================================================

